Archive member included to satisfy reference by file (symbol)

/home/ubuntu/opencilk-project/cheetah/glibc-2.31/build/libc_pic.a(check_fds.os)
                              /home/ubuntu/opencilk-project/cheetah/glibc-2.31/build/elf/dl-allobjs.os (__libc_check_standard_fds)
/home/ubuntu/opencilk-project/cheetah/glibc-2.31/build/libc_pic.a(errno.os)
                              /home/ubuntu/opencilk-project/cheetah/glibc-2.31/build/libc_pic.a(check_fds.os) (__libc_errno)
/home/ubuntu/opencilk-project/cheetah/glibc-2.31/build/libc_pic.a(setjmp.os)
                              /home/ubuntu/opencilk-project/cheetah/glibc-2.31/build/elf/dl-allobjs.os (__sigsetjmp)
/home/ubuntu/opencilk-project/cheetah/glibc-2.31/build/libc_pic.a(__longjmp.os)
                              /home/ubuntu/opencilk-project/cheetah/glibc-2.31/build/elf/dl-allobjs.os (__longjmp)
/home/ubuntu/opencilk-project/cheetah/glibc-2.31/build/libc_pic.a(scratch_buffer_set_array_size.os)
                              /home/ubuntu/opencilk-project/cheetah/glibc-2.31/build/elf/dl-allobjs.os (__libc_scratch_buffer_set_array_size)
/home/ubuntu/opencilk-project/cheetah/glibc-2.31/build/libc_pic.a(strchr.os)
                              /home/ubuntu/opencilk-project/cheetah/glibc-2.31/build/elf/dl-allobjs.os (strchr)
/home/ubuntu/opencilk-project/cheetah/glibc-2.31/build/libc_pic.a(strcmp.os)
                              /home/ubuntu/opencilk-project/cheetah/glibc-2.31/build/elf/dl-allobjs.os (strcmp)
/home/ubuntu/opencilk-project/cheetah/glibc-2.31/build/libc_pic.a(strcspn.os)
                              /home/ubuntu/opencilk-project/cheetah/glibc-2.31/build/elf/dl-allobjs.os (strcspn)
/home/ubuntu/opencilk-project/cheetah/glibc-2.31/build/libc_pic.a(strdup.os)
                              /home/ubuntu/opencilk-project/cheetah/glibc-2.31/build/elf/dl-allobjs.os (__strdup)
/home/ubuntu/opencilk-project/cheetah/glibc-2.31/build/libc_pic.a(strlen.os)
                              /home/ubuntu/opencilk-project/cheetah/glibc-2.31/build/elf/dl-allobjs.os (strlen)
/home/ubuntu/opencilk-project/cheetah/glibc-2.31/build/libc_pic.a(strnlen.os)
                              /home/ubuntu/opencilk-project/cheetah/glibc-2.31/build/elf/dl-allobjs.os (strnlen)
/home/ubuntu/opencilk-project/cheetah/glibc-2.31/build/libc_pic.a(strncmp.os)
                              /home/ubuntu/opencilk-project/cheetah/glibc-2.31/build/elf/dl-allobjs.os (strncmp)
/home/ubuntu/opencilk-project/cheetah/glibc-2.31/build/libc_pic.a(memchr.os)
                              /home/ubuntu/opencilk-project/cheetah/glibc-2.31/build/elf/dl-allobjs.os (memchr)
/home/ubuntu/opencilk-project/cheetah/glibc-2.31/build/libc_pic.a(memcmp.os)
                              /home/ubuntu/opencilk-project/cheetah/glibc-2.31/build/elf/dl-allobjs.os (memcmp)
/home/ubuntu/opencilk-project/cheetah/glibc-2.31/build/libc_pic.a(memmove.os)
                              /home/ubuntu/opencilk-project/cheetah/glibc-2.31/build/elf/dl-allobjs.os (memmove)
/home/ubuntu/opencilk-project/cheetah/glibc-2.31/build/libc_pic.a(memset.os)
                              /home/ubuntu/opencilk-project/cheetah/glibc-2.31/build/elf/dl-allobjs.os (memset)
/home/ubuntu/opencilk-project/cheetah/glibc-2.31/build/libc_pic.a(mempcpy.os)
                              /home/ubuntu/opencilk-project/cheetah/glibc-2.31/build/elf/dl-allobjs.os (__mempcpy)
/home/ubuntu/opencilk-project/cheetah/glibc-2.31/build/libc_pic.a(stpcpy.os)
                              /home/ubuntu/opencilk-project/cheetah/glibc-2.31/build/elf/dl-allobjs.os (__stpcpy)
/home/ubuntu/opencilk-project/cheetah/glibc-2.31/build/libc_pic.a(memcpy.os)
                              /home/ubuntu/opencilk-project/cheetah/glibc-2.31/build/libc_pic.a(check_fds.os) (__GI_memcpy)
/home/ubuntu/opencilk-project/cheetah/glibc-2.31/build/libc_pic.a(rawmemchr.os)
                              /home/ubuntu/opencilk-project/cheetah/glibc-2.31/build/elf/dl-allobjs.os (rawmemchr)
/home/ubuntu/opencilk-project/cheetah/glibc-2.31/build/libc_pic.a(strcmp-sse2.os)
                              /home/ubuntu/opencilk-project/cheetah/glibc-2.31/build/libc_pic.a(strcmp.os) (__strcmp_sse2)
/home/ubuntu/opencilk-project/cheetah/glibc-2.31/build/libc_pic.a(strcmp-sse2-unaligned.os)
                              /home/ubuntu/opencilk-project/cheetah/glibc-2.31/build/libc_pic.a(strcmp.os) (__strcmp_sse2_unaligned)
/home/ubuntu/opencilk-project/cheetah/glibc-2.31/build/libc_pic.a(strcmp-ssse3.os)
                              /home/ubuntu/opencilk-project/cheetah/glibc-2.31/build/libc_pic.a(strcmp.os) (__strcmp_ssse3)
/home/ubuntu/opencilk-project/cheetah/glibc-2.31/build/libc_pic.a(strcmp-avx2.os)
                              /home/ubuntu/opencilk-project/cheetah/glibc-2.31/build/libc_pic.a(strcmp.os) (__strcmp_avx2)
/home/ubuntu/opencilk-project/cheetah/glibc-2.31/build/libc_pic.a(strncmp-sse2.os)
[...]
Memory Configuration

Name             Origin             Length             Attributes
*default*        0x0000000000000000 0xffffffffffffffff

Linker script and memory map

                0x0000000000000000                __stack_chk_fail = 0x0
                0x0000000000000000                __stack_chk_fail_local = 0x0
START GROUP
LOAD /home/ubuntu/opencilk-project/cheetah/glibc-2.31/build/elf/dl-allobjs.os
LOAD /home/ubuntu/opencilk-project/cheetah/glibc-2.31/build/libc_pic.a
LOAD /usr/lib/gcc/x86_64-linux-gnu/9/libgcc.a
END GROUP

.interp
 *(.interp)

.note.gnu.property
                0x0000000000000000       0x20
 .note.gnu.property
                0x0000000000000000       0x20 /home/ubuntu/opencilk-project/cheetah/glibc-2.31/build/elf/dl-allobjs.os

.note.gnu.build-id
 *(.note.gnu.build-id)

.hash
 *(.hash)

.gnu.hash
 *(.gnu.hash)

.dynsym
 *(.dynsym)

.dynstr
 *(.dynstr)

.gnu.version
 *(.gnu.version)

.gnu.version_d
 *(.gnu.version_d)

.gnu.version_r
 *(.gnu.version_r)

.rela.init
 *(.rela.init)

.rela.text
 *(.rela.text)

.rela.fini
 *(.rela.fini)

.rela.rodata
 *(.rela.rodata)

.rela.data.rel.ro
 *(.rela.data.rel.ro)

.rela.data
 *(.rela.data)

.rela.tdata
 *(.rela.tdata)

.rela.tbss
 *(.rela.tbss)

.rela.ctors
 *(.rela.ctors)

.rela.dtors
 *(.rela.dtors)

.rela.got
 *(.rela.got)

.rela.bss
 *(.rela.bss)

.rela.ldata
 *(.rela.ldata)

.rela.lbss
 *(.rela.lbss)

.rela.lrodata
 *(.rela.lrodata)

.rela.ifunc
 *(.rela.ifunc)

.rela.plt
 *(.rela.plt)

.init
 *(SORT_NONE(.init))

.plt
 *(.plt)

.plt.got
 *(.plt.got)

.plt.sec
 *(.plt.sec)

.text           0x0000000000000000    0x21e2c
 *(.text .stub)
 .text          0x0000000000000000    0x1b530 /home/ubuntu/opencilk-project/cheetah/glibc-2.31/build/elf/dl-allobjs.os
                0x0000000000000000                _start
                0x0000000000000008                _dl_start_user
                0x00000000000012f0                handle_preload_list
                0x0000000000007a10                _dl_dst_count
                0x0000000000007ac0                _dl_dst_substitute
                0x0000000000008210                _dl_init_paths
                0x0000000000008560                _dl_map_object
                0x0000000000009000                _dl_rtld_di_serinfo
                0x0000000000009f60                _dl_lookup_symbol_x
                0x000000000000aee0                _dl_setup_hash
                0x000000000000afa0                _dl_add_to_namespace_list
                0x000000000000b040                _dl_new_object
                0x000000000000b470                _dl_try_allocate_static_tls
                0x000000000000b570                _dl_allocate_static_tls
                0x000000000000b5b0                _dl_nothread_init_static_tls
                0x000000000000b600                _dl_protect_relro
                0x000000000000b670                _dl_reloc_bad_type
                0x000000000000b740                _dl_relocate_object
                0x000000000000d1f0                _dl_map_object_deps
                0x000000000000e2f0                _dl_important_hwcaps
                0x000000000000eb60                _dl_fixup
                0x000000000000ed20                _dl_profile_fixup
                0x000000000000f3e0                _dl_call_pltexit
                0x000000000000f670                _dl_init
                0x000000000000f7b0                _dl_fini
                0x000000000000fbe0                _dl_debug_state
                0x000000000000fbe0                __GI__dl_debug_state
                0x000000000000fbf0                _dl_debug_initialize
                0x00000000000102f0                _dl_sysdep_read_whole_file
                0x0000000000010390                _dl_debug_printf
                0x0000000000010440                _dl_debug_printf_c
                0x00000000000104f0                _dl_dprintf
                0x0000000000010590                _dl_name_match_p
                0x0000000000010600                _dl_higher_prime_number
                0x0000000000010650                _dl_strtoul
                0x00000000000107b0                _dl_check_map_versions
                0x0000000000010f20                _dl_check_all_versions
                0x0000000000010fa0                _dl_start_profile
                0x00000000000117c0                __GI__dl_mcount
                0x00000000000117c0                _dl_mcount
                0x0000000000011d50                _dl_next_tls_modid
                0x0000000000011e50                _dl_count_modids
                0x0000000000011ec0                _dl_determine_tlsoffset
                0x0000000000012070                _dl_get_tls_static_info
                0x0000000000012090                _dl_allocate_tls_storage
                0x0000000000012160                __GI__dl_allocate_tls_init
                0x0000000000012160                _dl_allocate_tls_init
                0x0000000000012390                __GI__dl_allocate_tls
                0x0000000000012390                _dl_allocate_tls
                0x00000000000123d0                _dl_deallocate_tls
                0x00000000000123d0                __GI__dl_deallocate_tls
                0x0000000000012450                _dl_update_slotinfo
                0x00000000000126c0                __GI___tls_get_addr
                0x00000000000126c0                ___tls_get_addr
                0x0000000000012710                _dl_tls_get_addr_soft
                0x0000000000012790                _dl_add_to_slotinfo
                0x0000000000012890                __tls_get_addr_slow
                0x00000000000128c0                _dl_get_origin
                0x0000000000012a20                _dl_scope_free
                0x0000000000012b00                _dl_make_stack_executable
                0x0000000000012b00                __GI__dl_make_stack_executable
                0x0000000000012e60                __GI__dl_find_dso_for_object
                0x0000000000012e60                _dl_find_dso_for_object
                0x0000000000012f30                _dl_open
                0x0000000000013240                _dl_show_scope
                0x0000000000014030                _dl_close_worker
                0x0000000000015190                _dl_close
                0x0000000000015200                _dl_runtime_profile_avx512
                0x0000000000015680                _dl_runtime_profile_avx
                0x0000000000015b00                _dl_runtime_profile_sse
                0x0000000000015d00                _dl_runtime_resolve_fxsave
                0x0000000000015d80                _dl_runtime_resolve_xsave
                0x0000000000015e50                _dl_runtime_resolve_xsavec
                0x0000000000015f40                _dl_exception_create
                0x0000000000015f40                __GI__dl_exception_create
                0x0000000000016030                __GI__dl_exception_create_format
                0x0000000000016030                _dl_exception_create_format
                0x00000000000164a0                _dl_exception_free
                0x00000000000164a0                __GI__dl_exception_free
                0x00000000000164d0                _dl_sort_maps
                0x00000000000167e0                _dl_cache_libcmp
                0x00000000000168b0                _dl_load_cache_lookup
                0x0000000000016f00                _dl_unload_cache
                0x0000000000016fe0                __tunable_set_val
                0x0000000000017010                __GI___tunables_init
                0x00000000000174f0                __tunable_get_val
                0x00000000000174f0                __GI___tunable_get_val
                0x0000000000017560                _dl_make_tlsdesc_dynamic
                0x0000000000017860                _dl_tlsdesc_resolve_rela_fixup
                0x0000000000017a20                _dl_tlsdesc_resolve_hold_fixup
                0x0000000000017a60                _dl_unmap
                0x0000000000017ae0                _dl_tlsdesc_return
                0x0000000000017af0                _dl_tlsdesc_undefweak
                0x0000000000017b10                _dl_tlsdesc_dynamic
                0x0000000000017bb0                _dl_tlsdesc_resolve_rela
                0x0000000000017c30                _dl_tlsdesc_resolve_hold
                0x0000000000017cb0                __tls_get_addr
                0x0000000000017d00                __get_cpu_features
                0x0000000000018320                _dl_cet_open_check
                0x0000000000018330                _dl_cet_check
                0x0000000000018340                _dl_tunable_set_hwcaps
                0x0000000000019060                _dl_tunable_set_x86_ibt
                0x00000000000190f0                _dl_tunable_set_x86_shstk
                0x0000000000019510                _dl_sysdep_start
                0x0000000000019e30                _dl_sysdep_start_cleanup
                0x0000000000019e40                _dl_show_auxv
                0x0000000000019ff0                _dl_discover_osversion
                0x000000000001a1d0                _dl_next_ld_env_entry
                0x000000000001a220                unsetenv
                0x000000000001a2b0                malloc
                0x000000000001a3d0                calloc
                0x000000000001a410                free
                0x000000000001a450                __sigjmp_save
                0x000000000001a460                __strerror_r
                0x000000000001a550                __GI___libc_fatal
                0x000000000001a550                __libc_fatal
                0x000000000001a580                __GI___chk_fail
                0x000000000001a580                __chk_fail
                0x000000000001a5a0                __GI___assert_fail
                0x000000000001a5a0                __assert_fail
                0x000000000001a600                realloc
                0x000000000001a690                __GI___assert_perror_fail
                0x000000000001a690                __assert_perror_fail
                0x000000000001a700                _itoa
                0x000000000001a760                __strsep
                0x000000000001a760                strsep
                0x000000000001a760                __strsep_g
                0x000000000001a8a0                _dl_signal_exception
                0x000000000001a8f0                _dl_signal_error
                0x000000000001a950                _dl_signal_cexception
                0x000000000001a9e0                _dl_signal_cerror
                0x000000000001aa70                _dl_catch_exception
                0x000000000001ab60                _dl_catch_error
                0x000000000001abb0                _dl_receive_error
                0x000000000001ac00                _dl_resolve_conflicts
                0x000000000001ad60                __brk
                0x000000000001ad60                brk
                0x000000000001adb0                sbrk
                0x000000000001adb0                __sbrk
                0x000000000001ae50                __getcwd
                0x000000000001ae50                getcwd
                0x000000000001b2d0                openat64
                0x000000000001b330                __alloc_dir
                0x000000000001b430                __opendir
                0x000000000001b430                opendir
                0x000000000001b4e0                __fxstatat
                0x000000000001b4e0                __fxstatat64
                0x000000000001b4e0                __GI___fxstatat64
 .text          0x000000000001b530       0xe6 /home/ubuntu/opencilk-project/cheetah/glibc-2.31/build/libc_pic.a(check_fds.os)
                0x000000000001b5e0                __libc_check_standard_fds
 .text          0x000000000001b616        0x0 /home/ubuntu/opencilk-project/cheetah/glibc-2.31/build/libc_pic.a(errno.os)
 *fill*         0x000000000001b616        0xa 
 .text          0x000000000001b620       0x72 /home/ubuntu/opencilk-project/cheetah/glibc-2.31/build/libc_pic.a(setjmp.os)
                0x000000000001b620                __sigsetjmp
                0x000000000001b620                __GI___sigsetjmp
 *fill*         0x000000000001b692        0xe 
 .text          0x000000000001b6a0       0x8e /home/ubuntu/opencilk-project/cheetah/glibc-2.31/build/libc_pic.a(__longjmp.os)
                0x000000000001b6a0                __longjmp
 *fill*         0x000000000001b72e        0x2 
 .text          0x000000000001b730       0xae /home/ubuntu/opencilk-project/cheetah/glibc-2.31/build/libc_pic.a(scratch_buffer_set_array_size.os)
                0x000000000001b730                __libc_scratch_buffer_set_array_size
                0x000000000001b730                __GI___libc_scratch_buffer_set_array_size
 *fill*         0x000000000001b7de        0x2 
 .text          0x000000000001b7e0       0x4c /home/ubuntu/opencilk-project/cheetah/glibc-2.31/build/libc_pic.a(strchr.os)
                0x000000000001b7e0                __GI_strchr
                0x000000000001b7e0                index
                0x000000000001b7e0                strchr
 *fill*         0x000000000001b82c        0x4 
 .text          0x000000000001b830       0x59 /home/ubuntu/opencilk-project/cheetah/glibc-2.31/build/libc_pic.a(strcmp.os)
                0x000000000001b830                __GI_strcmp
                0x000000000001b830                strcmp
 *fill*         0x000000000001b889        0x7 
 .text          0x000000000001b890       0x22 /home/ubuntu/opencilk-project/cheetah/glibc-2.31/build/libc_pic.a(strcspn.os)
                0x000000000001b890                strcspn
                0x000000000001b890                __GI_strcspn
 *fill*         0x000000000001b8b2        0xe 
 .text          0x000000000001b8c0       0x40 /home/ubuntu/opencilk-project/cheetah/glibc-2.31/build/libc_pic.a(strdup.os)
                0x000000000001b8c0                __GI___strdup
                0x000000000001b8c0                __strdup
                0x000000000001b8c0                strdup
 .text          0x000000000001b900       0x3c /home/ubuntu/opencilk-project/cheetah/glibc-2.31/build/libc_pic.a(strlen.os)
                0x000000000001b900                strlen
                0x000000000001b900                __GI_strlen
 *fill*         0x000000000001b93c        0x4 
 .text          0x000000000001b940       0x3c /home/ubuntu/opencilk-project/cheetah/glibc-2.31/build/libc_pic.a(strnlen.os)
                0x000000000001b940                __strnlen
                0x000000000001b940                strnlen
                0x000000000001b940                __GI___strnlen
                0x000000000001b940                __GI_strnlen
 *fill*         0x000000000001b97c        0x4 
 .text          0x000000000001b980       0x63 /home/ubuntu/opencilk-project/cheetah/glibc-2.31/build/libc_pic.a(strncmp.os)
                0x000000000001b980                __GI_strncmp
                0x000000000001b980                strncmp
 *fill*         0x000000000001b9e3        0xd 
 .text          0x000000000001b9f0       0x3c /home/ubuntu/opencilk-project/cheetah/glibc-2.31/build/libc_pic.a(memchr.os)
                0x000000000001b9f0                __GI_memchr
                0x000000000001b9f0                memchr
                0x000000000001b9f0                __memchr
 *fill*         0x000000000001ba2c        0x4 
 .text          0x000000000001ba30       0x69 /home/ubuntu/opencilk-project/cheetah/glibc-2.31/build/libc_pic.a(memcmp.os)
                0x000000000001ba30                bcmp
                0x000000000001ba30                __GI_memcmp
                0x000000000001ba30                memcmp
 *fill*         0x000000000001ba99        0x7 
 .text          0x000000000001baa0       0xb7 /home/ubuntu/opencilk-project/cheetah/glibc-2.31/build/libc_pic.a(memmove.os)
                0x000000000001baa0                memmove
                0x000000000001baa0                __GI_memmove
                0x000000000001baa0                __libc_memmove
 *fill*         0x000000000001bb57        0x9 
 .text          0x000000000001bb60       0x9b /home/ubuntu/opencilk-project/cheetah/glibc-2.31/build/libc_pic.a(memset.os)
                0x000000000001bb60                __GI_memset
                0x000000000001bb60                memset
 *fill*         0x000000000001bbfb        0x5 
 .text          0x000000000001bc00       0xb7 /home/ubuntu/opencilk-project/cheetah/glibc-2.31/build/libc_pic.a(mempcpy.os)
                0x000000000001bc00                mempcpy
                0x000000000001bc00                __GI_mempcpy
                0x000000000001bc00                __mempcpy
                0x000000000001bc00                __GI___mempcpy
 *fill*         0x000000000001bcb7        0x9 
 .text          0x000000000001bcc0       0x59 /home/ubuntu/opencilk-project/cheetah/glibc-2.31/build/libc_pic.a(stpcpy.os)
                0x000000000001bcc0                stpcpy
                0x000000000001bcc0                __GI_stpcpy
                0x000000000001bcc0                __stpcpy
                0x000000000001bcc0                __GI___stpcpy
 *fill*         0x000000000001bd19        0x7 
 .text          0x000000000001bd20       0xb7 /home/ubuntu/opencilk-project/cheetah/glibc-2.31/build/libc_pic.a(memcpy.os)
                0x000000000001bd20                __GI_memcpy
                0x000000000001bd20                __new_memcpy
                0x000000000001bd20                memcpy@@GLIBC_2.14
 *fill*         0x000000000001bdd7        0x9 
 .text          0x000000000001bde0       0x3c /home/ubuntu/opencilk-project/cheetah/glibc-2.31/build/libc_pic.a(rawmemchr.os)
                0x000000000001bde0                __GI___rawmemchr
                0x000000000001bde0                __rawmemchr
                0x000000000001bde0                rawmemchr
 *fill*         0x000000000001be1c        0x4 
 .text          0x000000000001be20     0x1449 /home/ubuntu/opencilk-project/cheetah/glibc-2.31/build/libc_pic.a(strcmp-sse2.os)
                0x000000000001be20                __strcmp_sse2
 *fill*         0x000000000001d269        0x7 
 .text          0x000000000001d270      0x2a3 /home/ubuntu/opencilk-project/cheetah/glibc-2.31/build/libc_pic.a(strcmp-sse2-unaligned.os)
                0x000000000001d270                __strcmp_sse2_unaligned
 .text          0x000000000001d513        0x0 /home/ubuntu/opencilk-project/cheetah/glibc-2.31/build/libc_pic.a(strcmp-ssse3.os)
 .text          0x000000000001d513        0x0 /home/ubuntu/opencilk-project/cheetah/glibc-2.31/build/libc_pic.a(strcmp-avx2.os)
 *fill*         0x000000000001d513        0xd 
 .text          0x000000000001d520     0x1859 /home/ubuntu/opencilk-project/cheetah/glibc-2.31/build/libc_pic.a(strncmp-sse2.os)
                0x000000000001d520                __strncmp_sse2
 .text          0x000000000001ed79        0x0 /home/ubuntu/opencilk-project/cheetah/glibc-2.31/build/libc_pic.a(strncmp-ssse3.os)
 .text          0x000000000001ed79        0x0 /home/ubuntu/opencilk-project/cheetah/glibc-2.31/build/libc_pic.a(strncmp-sse4_2.os)
 .text          0x000000000001ed79        0x0 /home/ubuntu/opencilk-project/cheetah/glibc-2.31/build/libc_pic.a(strncmp-avx2.os)
 *fill*         0x000000000001ed79        0x7 
 .text          0x000000000001ed80      0x323 /home/ubuntu/opencilk-project/cheetah/glibc-2.31/build/libc_pic.a(memchr-sse2.os)
                0x000000000001ed80                __memchr_sse2
 *fill*         0x000000000001f0a3        0xd 
 .text          0x000000000001f0b0      0x209 /home/ubuntu/opencilk-project/cheetah/glibc-2.31/build/libc_pic.a(rawmemchr-sse2.os)
                0x000000000001f0b0                __rawmemchr_sse2
 .text          0x000000000001f2b9        0x0 /home/ubuntu/opencilk-project/cheetah/glibc-2.31/build/libc_pic.a(memchr-avx2.os)
 .text          0x000000000001f2b9        0x0 /home/ubuntu/opencilk-project/cheetah/glibc-2.31/build/libc_pic.a(rawmemchr-avx2.os)
 *fill*         0x000000000001f2b9        0x7 
 .text          0x000000000001f2c0      0x400 /home/ubuntu/opencilk-project/cheetah/glibc-2.31/build/libc_pic.a(memcmp-sse2.os)
                0x000000000001f2c0                __memcmp_sse2
 .text          0x000000000001f6c0        0x0 /home/ubuntu/opencilk-project/cheetah/glibc-2.31/build/libc_pic.a(memcmp-avx2-movbe.os)
 .text          0x000000000001f6c0        0x0 /home/ubuntu/opencilk-project/cheetah/glibc-2.31/build/libc_pic.a(memcmp-sse4.os)
 .text          0x000000000001f6c0        0x0 /home/ubuntu/opencilk-project/cheetah/glibc-2.31/build/libc_pic.a(memcpy-ssse3.os)
 .text          0x000000000001f6c0        0x0 /home/ubuntu/opencilk-project/cheetah/glibc-2.31/build/libc_pic.a(memmove-ssse3.os)
 .text          0x000000000001f6c0        0x0 /home/ubuntu/opencilk-project/cheetah/glibc-2.31/build/libc_pic.a(memcpy-ssse3-back.os)
 .text          0x000000000001f6c0        0x0 /home/ubuntu/opencilk-project/cheetah/glibc-2.31/build/libc_pic.a(memmove-ssse3-back.os)
 .text          0x000000000001f6c0        0x0 /home/ubuntu/opencilk-project/cheetah/glibc-2.31/build/libc_pic.a(memmove-avx512-no-vzeroupper.os)
 .text          0x000000000001f6c0      0x22a /home/ubuntu/opencilk-project/cheetah/glibc-2.31/build/libc_pic.a(strchr-sse2.os)
                0x000000000001f6c0                __strchr_sse2
 .text          0x000000000001f8ea        0x0 /home/ubuntu/opencilk-project/cheetah/glibc-2.31/build/libc_pic.a(strchr-avx2.os)
 *fill*         0x000000000001f8ea        0x6 
 .text          0x000000000001f8f0      0x19c /home/ubuntu/opencilk-project/cheetah/glibc-2.31/build/libc_pic.a(strlen-sse2.os)
                0x000000000001f8f0                __strlen_sse2
                0x000000000001f8f0                __GI___strlen_sse2
 *fill*         0x000000000001fa8c        0x4 
 .text          0x000000000001fa90      0x218 /home/ubuntu/opencilk-project/cheetah/glibc-2.31/build/libc_pic.a(strnlen-sse2.os)
                0x000000000001fa90                __strnlen_sse2
 .text          0x000000000001fca8        0x0 /home/ubuntu/opencilk-project/cheetah/glibc-2.31/build/libc_pic.a(strlen-avx2.os)
 .text          0x000000000001fca8        0x0 /home/ubuntu/opencilk-project/cheetah/glibc-2.31/build/libc_pic.a(strnlen-avx2.os)
 *fill*         0x000000000001fca8        0x8 
 .text          0x000000000001fcb0       0xec /home/ubuntu/opencilk-project/cheetah/glibc-2.31/build/libc_pic.a(stpcpy-sse2.os)
                0x000000000001fcb0                __stpcpy_sse2
 .text          0x000000000001fd9c        0x0 /home/ubuntu/opencilk-project/cheetah/glibc-2.31/build/libc_pic.a(stpcpy-ssse3.os)
 *fill*         0x000000000001fd9c        0x4 
 .text          0x000000000001fda0      0x6c0 /home/ubuntu/opencilk-project/cheetah/glibc-2.31/build/libc_pic.a(stpcpy-sse2-unaligned.os)
                0x000000000001fda0                __stpcpy_sse2_unaligned
 .text          0x0000000000020460        0x0 /home/ubuntu/opencilk-project/cheetah/glibc-2.31/build/libc_pic.a(stpcpy-avx2.os)
 .text          0x0000000000020460        0x0 /home/ubuntu/opencilk-project/cheetah/glibc-2.31/build/libc_pic.a(strchr-sse2-no-bsf.os)
 .text          0x0000000000020460        0x0 /home/ubuntu/opencilk-project/cheetah/glibc-2.31/build/libc_pic.a(memcmp-ssse3.os)
 .text          0x0000000000020460       0xa7 /home/ubuntu/opencilk-project/cheetah/glibc-2.31/build/libc_pic.a(strcspn-sse2.os)
                0x0000000000020460                __strcspn_sse2
 .text          0x0000000000020507        0x0 /home/ubuntu/opencilk-project/cheetah/glibc-2.31/build/libc_pic.a(strcspn-c.os)
 .text          0x0000000000020507        0x0 /home/ubuntu/opencilk-project/cheetah/glibc-2.31/build/libc_pic.a(varshift.os)
 .text          0x0000000000020507        0x0 /home/ubuntu/opencilk-project/cheetah/glibc-2.31/build/libc_pic.a(memset-avx512-no-vzeroupper.os)
 *fill*         0x0000000000020507        0x9 
 .text          0x0000000000020510      0x40d /home/ubuntu/opencilk-project/cheetah/glibc-2.31/build/libc_pic.a(memmove-sse2-unaligned-erms.os)
                0x0000000000020510                __mempcpy_chk_sse2_unaligned
                0x0000000000020520                __mempcpy_sse2_unaligned
                0x0000000000020530                __memcpy_chk_sse2_unaligned
                0x0000000000020530                __memmove_chk_sse2_unaligned
                0x0000000000020540                __memmove_sse2_unaligned
                0x0000000000020540                __memcpy_sse2_unaligned
                0x0000000000020540                memcpy@GLIBC_2.2.5
                0x0000000000020570                __mempcpy_chk_erms
                0x0000000000020580                __mempcpy_erms
                0x00000000000205a0                __memcpy_chk_erms
                0x00000000000205a0                __memmove_chk_erms
                0x00000000000205b0                __memmove_erms
                0x00000000000205b0                __memcpy_erms
                0x00000000000205f0                __mempcpy_chk_sse2_unaligned_erms
                0x0000000000020600                __mempcpy_sse2_unaligned_erms
                0x0000000000020610                __memmove_chk_sse2_unaligned_erms
                0x0000000000020610                __memcpy_chk_sse2_unaligned_erms
                0x0000000000020620                __memmove_sse2_unaligned_erms
                0x0000000000020620                __memcpy_sse2_unaligned_erms
 .text          0x000000000002091d        0x0 /home/ubuntu/opencilk-project/cheetah/glibc-2.31/build/libc_pic.a(memmove-avx-unaligned-erms.os)
 .text          0x000000000002091d        0x0 /home/ubuntu/opencilk-project/cheetah/glibc-2.31/build/libc_pic.a(memmove-avx512-unaligned-erms.os)
 *fill*         0x000000000002091d        0x3 
 .text          0x0000000000020920      0x1b7 /home/ubuntu/opencilk-project/cheetah/glibc-2.31/build/libc_pic.a(memset-sse2-unaligned-erms.os)
                0x0000000000020920                __bzero
                0x0000000000020920                bzero
                0x0000000000020930                __wmemset_chk_sse2_unaligned
                0x0000000000020940                __wmemset_sse2_unaligned
                0x0000000000020960                __memset_chk_sse2_unaligned
                0x0000000000020970                __memset_sse2_unaligned
                0x00000000000209b0                __memset_chk_erms
                0x00000000000209c0                __memset_erms
                0x00000000000209e0                __memset_chk_sse2_unaligned_erms
                0x00000000000209f0                __memset_sse2_unaligned_erms
 .text          0x0000000000020ad7        0x0 /home/ubuntu/opencilk-project/cheetah/glibc-2.31/build/libc_pic.a(memset-avx2-unaligned-erms.os)
 .text          0x0000000000020ad7        0x0 /home/ubuntu/opencilk-project/cheetah/glibc-2.31/build/libc_pic.a(memset-avx512-unaligned-erms.os)
 *fill*         0x0000000000020ad7        0x9 
 .text          0x0000000000020ae0      0x5dd /home/ubuntu/opencilk-project/cheetah/glibc-2.31/build/libc_pic.a(cacheinfo.os)
                0x0000000000021090                __cache_sysconf
 *fill*         0x00000000000210bd        0x3 
 .text          0x00000000000210c0       0x2d /home/ubuntu/opencilk-project/cheetah/glibc-2.31/build/libc_pic.a(closedir.os)
                0x00000000000210c0                __closedir
                0x00000000000210c0                closedir
 *fill*         0x00000000000210ed        0x3 
 .text          0x00000000000210f0       0xb3 /home/ubuntu/opencilk-project/cheetah/glibc-2.31/build/libc_pic.a(rewinddir.os)
                0x00000000000210f0                rewinddir
                0x00000000000210f0                __rewinddir
                0x00000000000210f0                __GI___rewinddir
 *fill*         0x00000000000211a3        0xd 
 .text          0x00000000000211b0      0x10c /home/ubuntu/opencilk-project/cheetah/glibc-2.31/build/libc_pic.a(readdir64.os)
                0x00000000000211b0                readdir
                0x00000000000211b0                __readdir64
                0x00000000000211b0                __readdir
                0x00000000000211b0                __GI___readdir64
                0x00000000000211b0                readdir64
 *fill*         0x00000000000212bc        0x4 
 .text          0x00000000000212c0       0xa2 /home/ubuntu/opencilk-project/cheetah/glibc-2.31/build/libc_pic.a(fdopendir.os)
                0x00000000000212c0                fdopendir
                0x00000000000212c0                __fdopendir
 *fill*         0x0000000000021362        0xe 
 .text          0x0000000000021370       0x25 /home/ubuntu/opencilk-project/cheetah/glibc-2.31/build/libc_pic.a(uname.os)
                0x0000000000021370                uname
                0x0000000000021370                __GI_uname
                0x0000000000021370                __uname
                0x0000000000021370                __GI___uname
 *fill*         0x0000000000021395        0xb 
 .text          0x00000000000213a0       0x58 /home/ubuntu/opencilk-project/cheetah/glibc-2.31/build/libc_pic.a(_exit.os)
                0x00000000000213a0                _Exit
                0x00000000000213a0                __GI__exit
                0x00000000000213a0                _exit
 *fill*         0x00000000000213f8        0x8 
 .text          0x0000000000021400        0xc /home/ubuntu/opencilk-project/cheetah/glibc-2.31/build/libc_pic.a(getpid.os)
                0x0000000000021400                __getpid
                0x0000000000021400                getpid
                0x0000000000021400                __GI_getpid
                0x0000000000021400                __GI___getpid
 .text          0x000000000002140c        0x0 /home/ubuntu/opencilk-project/cheetah/glibc-2.31/build/libc_pic.a(environ.os)
 *fill*         0x000000000002140c        0x4 
 .text          0x0000000000021410       0x54 /home/ubuntu/opencilk-project/cheetah/glibc-2.31/build/libc_pic.a(xstat.os)
                0x0000000000021410                _xstat
                0x0000000000021410                __xstat64
                0x0000000000021410                __GI___xstat64
                0x0000000000021410                __GI___xstat
                0x0000000000021410                __xstat
 *fill*         0x0000000000021464        0xc 
 .text          0x0000000000021470       0x54 /home/ubuntu/opencilk-project/cheetah/glibc-2.31/build/libc_pic.a(fxstat.os)
                0x0000000000021470                __GI___fxstat
                0x0000000000021470                __GI___fxstat64
                0x0000000000021470                __fxstat64
                0x0000000000021470                _fxstat
                0x0000000000021470                __fxstat
 *fill*         0x00000000000214c4        0xc 
 .text          0x00000000000214d0       0x54 /home/ubuntu/opencilk-project/cheetah/glibc-2.31/build/libc_pic.a(lxstat.os)
                0x00000000000214d0                __GI___lxstat
                0x00000000000214d0                _lxstat
                0x00000000000214d0                __lxstat
                0x00000000000214d0                __lxstat64
                0x00000000000214d0                __GI___lxstat64
 *fill*         0x0000000000021524        0xc 
 .text          0x0000000000021530       0x2c /home/ubuntu/opencilk-project/cheetah/glibc-2.31/build/libc_pic.a(lseek64.os)
                0x0000000000021530                __compat_llseek
                0x0000000000021530                __GI___lseek
                0x0000000000021530                __lseek64
                0x0000000000021530                lseek
                0x0000000000021530                __libc_lseek64
                0x0000000000021530                llseek@GLIBC_2.2.5
                0x0000000000021530                __lseek
                0x0000000000021530                __libc_lseek
                0x0000000000021530                lseek64
 *fill*         0x000000000002155c        0x4 
 .text          0x0000000000021560       0x2a /home/ubuntu/opencilk-project/cheetah/glibc-2.31/build/libc_pic.a(access.os)
                0x0000000000021560                __GI___access
                0x0000000000021560                access
                0x0000000000021560                __access
 *fill*         0x000000000002158a        0x6 
 .text          0x0000000000021590       0x2a /home/ubuntu/opencilk-project/cheetah/glibc-2.31/build/libc_pic.a(close_nocancel.os)
                0x0000000000021590                __GI___close_nocancel
                0x0000000000021590                __close_nocancel
 *fill*         0x00000000000215ba        0x6 
 .text          0x00000000000215c0       0x93 /home/ubuntu/opencilk-project/cheetah/glibc-2.31/build/libc_pic.a(fcntl_nocancel.os)
                0x00000000000215c0                __fcntl64_nocancel_adjusted
                0x0000000000021620                __fcntl64_nocancel
                0x0000000000021620                __GI___fcntl64_nocancel
 *fill*         0x0000000000021653        0xd 
 .text          0x0000000000021660       0x82 /home/ubuntu/opencilk-project/cheetah/glibc-2.31/build/libc_pic.a(open64_nocancel.os)
                0x0000000000021660                __GI___open_nocancel
                0x0000000000021660                __open_nocancel
                0x0000000000021660                __GI___open64_nocancel
                0x0000000000021660                __open64_nocancel
 *fill*         0x00000000000216e2        0xe 
 .text          0x00000000000216f0       0x6a /home/ubuntu/opencilk-project/cheetah/glibc-2.31/build/libc_pic.a(openat64_nocancel.os)
                0x00000000000216f0                __GI___openat64_nocancel
                0x00000000000216f0                __openat64_nocancel
                0x00000000000216f0                __GI___openat_nocancel
                0x00000000000216f0                __openat_nocancel
 *fill*         0x000000000002175a        0x6 
 .text          0x0000000000021760       0x2c /home/ubuntu/opencilk-project/cheetah/glibc-2.31/build/libc_pic.a(read_nocancel.os)
                0x0000000000021760                __read_nocancel
                0x0000000000021760                __GI___read_nocancel
 *fill*         0x000000000002178c        0x4 
 .text          0x0000000000021790       0x34 /home/ubuntu/opencilk-project/cheetah/glibc-2.31/build/libc_pic.a(pread64_nocancel.os)
                0x0000000000021790                __GI___pread64_nocancel
                0x0000000000021790                __pread64_nocancel
 *fill*         0x00000000000217c4        0xc 
 .text          0x00000000000217d0       0x2c /home/ubuntu/opencilk-project/cheetah/glibc-2.31/build/libc_pic.a(write_nocancel.os)
                0x00000000000217d0                __GI___write_nocancel
                0x00000000000217d0                __write_nocancel
 *fill*         0x00000000000217fc        0x4 
 .text          0x0000000000021800       0xa5 /home/ubuntu/opencilk-project/cheetah/glibc-2.31/build/libc_pic.a(mmap64.os)
                0x0000000000021800                __GI___mmap
                0x0000000000021800                __mmap
                0x0000000000021800                mmap
                0x0000000000021800                __GI___mmap64
                0x0000000000021800                __mmap64
                0x0000000000021800                mmap64
 *fill*         0x00000000000218a5        0xb 
 .text          0x00000000000218b0       0x25 /home/ubuntu/opencilk-project/cheetah/glibc-2.31/build/libc_pic.a(munmap.os)
                0x00000000000218b0                munmap
                0x00000000000218b0                __GI___munmap
                0x00000000000218b0                __GI_munmap
                0x00000000000218b0                __munmap
 *fill*         0x00000000000218d5        0xb 
 .text          0x00000000000218e0       0x25 /home/ubuntu/opencilk-project/cheetah/glibc-2.31/build/libc_pic.a(mprotect.os)
                0x00000000000218e0                __mprotect
                0x00000000000218e0                __GI___mprotect
                0x00000000000218e0                __GI_mprotect
                0x00000000000218e0                mprotect
 *fill*         0x0000000000021905        0xb 
 .text          0x0000000000021910      0x1d1 /home/ubuntu/opencilk-project/cheetah/glibc-2.31/build/libc_pic.a(profil.os)
                0x0000000000021960                __profil
                0x0000000000021960                profil
 *fill*         0x0000000000021ae1        0xf 
 .text          0x0000000000021af0        0xf /home/ubuntu/opencilk-project/cheetah/glibc-2.31/build/libc_pic.a(prof-freq.os)
                0x0000000000021af0                __GI___profile_frequency
                0x0000000000021af0                __profile_frequency
 *fill*         0x0000000000021aff        0x1 
 .text          0x0000000000021b00       0x7b /home/ubuntu/opencilk-project/cheetah/glibc-2.31/build/libc_pic.a(dl-addr-obj.os)
                0x0000000000021b00                _dl_addr_inside_object
 *fill*         0x0000000000021b7b        0x5 
 .text          0x0000000000021b80      0x1f4 /home/ubuntu/opencilk-project/cheetah/glibc-2.31/build/libc_pic.a(sigaction.os)
                0x0000000000021ba0                __libc_sigaction
                0x0000000000021ba0                __GI___libc_sigaction
                0x0000000000021d40                sigaction
                0x0000000000021d40                __GI___sigaction
                0x0000000000021d40                __sigaction
 *fill*         0x0000000000021d74        0xc 
 .text          0x0000000000021d80       0x31 /home/ubuntu/opencilk-project/cheetah/glibc-2.31/build/libc_pic.a(libc-lowlevellock.os)
                0x0000000000021d80                __lll_lock_wait_private
 *fill*         0x0000000000021db1        0xf 
 .text          0x0000000000021dc0       0x25 /home/ubuntu/opencilk-project/cheetah/glibc-2.31/build/libc_pic.a(setitimer.os)
                0x0000000000021dc0                setitimer
                0x0000000000021dc0                __setitimer
                0x0000000000021dc0                __GI_setitimer
                0x0000000000021dc0                __GI___setitimer
 *fill*         0x0000000000021de5        0xb 
 .text          0x0000000000021df0       0x3c /home/ubuntu/opencilk-project/cheetah/glibc-2.31/build/libc_pic.a(getdents64.os)
                0x0000000000021df0                __getdents
                0x0000000000021df0                __GI___getdents64
                0x0000000000021df0                getdents64
                0x0000000000021df0                __getdents64
 *(.gnu.warning)

.text.ssse3     0x0000000000000000     0xedb3
 .text.ssse3    0x0000000000000000     0x1269 /home/ubuntu/opencilk-project/cheetah/glibc-2.31/build/libc_pic.a(strcmp-ssse3.os)
                0x0000000000000000                __GI___strcmp_ssse3
                0x0000000000000000                __strcmp_ssse3
 *fill*         0x0000000000001269        0x7 
 .text.ssse3    0x0000000000001270     0x1769 /home/ubuntu/opencilk-project/cheetah/glibc-2.31/build/libc_pic.a(strncmp-ssse3.os)
                0x0000000000001270                __strncmp_ssse3
 *fill*         0x00000000000029d9        0x7 
 .text.ssse3    0x00000000000029e0     0x29f7 /home/ubuntu/opencilk-project/cheetah/glibc-2.31/build/libc_pic.a(memcpy-ssse3.os)
                0x00000000000029e0                __mempcpy_chk_ssse3
                0x00000000000029f0                __mempcpy_ssse3
                0x0000000000002a00                __memcpy_chk_ssse3
                0x0000000000002a10                __memcpy_ssse3
 *fill*         0x00000000000053d7        0x9 
 .text.ssse3    0x00000000000053e0     0x2b88 /home/ubuntu/opencilk-project/cheetah/glibc-2.31/build/libc_pic.a(memmove-ssse3.os)
                0x00000000000053e0                __memmove_chk_ssse3
                0x00000000000053f0                __memmove_ssse3
 *fill*         0x0000000000007f68        0x8 
 .text.ssse3    0x0000000000007f70     0x2b06 /home/ubuntu/opencilk-project/cheetah/glibc-2.31/build/libc_pic.a(memcpy-ssse3-back.os)
                0x0000000000007f70                __mempcpy_chk_ssse3_back
                0x0000000000007f80                __mempcpy_ssse3_back
                0x0000000000007f90                __memcpy_chk_ssse3_back
                0x0000000000007fa0                __memcpy_ssse3_back
 *fill*         0x000000000000aa76        0xa 
 .text.ssse3    0x000000000000aa80     0x2b26 /home/ubuntu/opencilk-project/cheetah/glibc-2.31/build/libc_pic.a(memmove-ssse3-back.os)
                0x000000000000aa80                __memmove_chk_ssse3_back
                0x000000000000aa90                __memmove_ssse3_back
 *fill*         0x000000000000d5a6        0xa 
 .text.ssse3    0x000000000000d5b0     0x1803 /home/ubuntu/opencilk-project/cheetah/glibc-2.31/build/libc_pic.a(stpcpy-ssse3.os)
                0x000000000000d5b0                __stpcpy_ssse3

.text.avx       0x0000000000000000     0x222f
 .text.avx      0x0000000000000000      0x43f /home/ubuntu/opencilk-project/cheetah/glibc-2.31/build/libc_pic.a(strcmp-avx2.os)
                0x0000000000000000                __strcmp_avx2
 *fill*         0x000000000000043f        0x1 
 .text.avx      0x0000000000000440      0x518 /home/ubuntu/opencilk-project/cheetah/glibc-2.31/build/libc_pic.a(strncmp-avx2.os)
                0x0000000000000440                __strncmp_avx2
 *fill*         0x0000000000000958        0x8 
 .text.avx      0x0000000000000960      0x2cd /home/ubuntu/opencilk-project/cheetah/glibc-2.31/build/libc_pic.a(memchr-avx2.os)
                0x0000000000000960                __memchr_avx2
 *fill*         0x0000000000000c2d        0x3 
 .text.avx      0x0000000000000c30      0x14d /home/ubuntu/opencilk-project/cheetah/glibc-2.31/build/libc_pic.a(rawmemchr-avx2.os)
                0x0000000000000c30                __rawmemchr_avx2
 *fill*         0x0000000000000d7d        0x3 
 .text.avx      0x0000000000000d80      0x3d4 /home/ubuntu/opencilk-project/cheetah/glibc-2.31/build/libc_pic.a(memcmp-avx2-movbe.os)
                0x0000000000000d80                __memcmp_avx2_movbe
 *fill*         0x0000000000001154        0xc 
 .text.avx      0x0000000000001160      0x224 /home/ubuntu/opencilk-project/cheetah/glibc-2.31/build/libc_pic.a(strchr-avx2.os)
                0x0000000000001160                __strchr_avx2
 *fill*         0x0000000000001384        0xc 
 .text.avx      0x0000000000001390      0x19e /home/ubuntu/opencilk-project/cheetah/glibc-2.31/build/libc_pic.a(strlen-avx2.os)
                0x0000000000001390                __strlen_avx2
 *fill*         0x000000000000152e        0x2 
 .text.avx      0x0000000000001530      0x31e /home/ubuntu/opencilk-project/cheetah/glibc-2.31/build/libc_pic.a(strnlen-avx2.os)
                0x0000000000001530                __strnlen_avx2
 *fill*         0x000000000000184e        0x2 
 .text.avx      0x0000000000001850      0x3ac /home/ubuntu/opencilk-project/cheetah/glibc-2.31/build/libc_pic.a(stpcpy-avx2.os)
                0x0000000000001850                __stpcpy_avx2
 *fill*         0x0000000000001bfc        0x4 
 .text.avx      0x0000000000001c00      0x478 /home/ubuntu/opencilk-project/cheetah/glibc-2.31/build/libc_pic.a(memmove-avx-unaligned-erms.os)
                0x0000000000001c00                __mempcpy_chk_avx_unaligned
                0x0000000000001c10                __mempcpy_avx_unaligned
                0x0000000000001c20                __memcpy_chk_avx_unaligned
                0x0000000000001c20                __memmove_chk_avx_unaligned
                0x0000000000001c30                __memcpy_avx_unaligned
                0x0000000000001c30                __memmove_avx_unaligned
                0x0000000000001c70                __mempcpy_chk_avx_unaligned_erms
                0x0000000000001c80                __mempcpy_avx_unaligned_erms
                0x0000000000001c90                __memmove_chk_avx_unaligned_erms
                0x0000000000001c90                __memcpy_chk_avx_unaligned_erms
                0x0000000000001ca0                __memcpy_avx_unaligned_erms
                0x0000000000001ca0                __memmove_avx_unaligned_erms
 *fill*         0x0000000000002078        0x8 
 .text.avx      0x0000000000002080      0x1af /home/ubuntu/opencilk-project/cheetah/glibc-2.31/build/libc_pic.a(memset-avx2-unaligned-erms.os)
                0x0000000000002080                __wmemset_chk_avx2_unaligned
                0x0000000000002090                __wmemset_avx2_unaligned
                0x00000000000020b0                __memset_chk_avx2_unaligned
                0x00000000000020c0                __memset_avx2_unaligned
                0x00000000000020f0                __memset_avx2_erms
                0x0000000000002110                __memset_chk_avx2_unaligned_erms
                0x0000000000002120                __memset_avx2_unaligned_erms

.text.sse4.2    0x0000000000000000     0x111f
 .text.sse4.2   0x0000000000000000      0xfd9 /home/ubuntu/opencilk-project/cheetah/glibc-2.31/build/libc_pic.a(strncmp-sse4_2.os)
                0x0000000000000000                __strncmp_sse42
 *fill*         0x0000000000000fd9        0x7 
 .text.sse4.2   0x0000000000000fe0      0x13f /home/ubuntu/opencilk-project/cheetah/glibc-2.31/build/libc_pic.a(strcspn-c.os)
                0x0000000000000fe0                __strcspn_sse42

.text.sse4.1    0x0000000000000000     0x163e
 .text.sse4.1   0x0000000000000000     0x163e /home/ubuntu/opencilk-project/cheetah/glibc-2.31/build/libc_pic.a(memcmp-sse4.os)
                0x0000000000000000                __memcmp_sse4_1

.text.avx512    0x0000000000000000     0x1185
 .text.avx512   0x0000000000000000      0x76f /home/ubuntu/opencilk-project/cheetah/glibc-2.31/build/libc_pic.a(memmove-avx512-no-vzeroupper.os)
                0x0000000000000000                __mempcpy_chk_avx512_no_vzeroupper
                0x0000000000000010                __mempcpy_avx512_no_vzeroupper
                0x0000000000000020                __memcpy_chk_avx512_no_vzeroupper
                0x0000000000000020                __memmove_chk_avx512_no_vzeroupper
                0x0000000000000030                __memcpy_avx512_no_vzeroupper
                0x0000000000000030                __memmove_avx512_no_vzeroupper
 *fill*         0x000000000000076f        0x1 
 .text.avx512   0x0000000000000770      0x284 /home/ubuntu/opencilk-project/cheetah/glibc-2.31/build/libc_pic.a(memset-avx512-no-vzeroupper.os)
                0x0000000000000770                __memset_chk_avx512_no_vzeroupper
                0x0000000000000780                __memset_avx512_no_vzeroupper
 *fill*         0x00000000000009f4        0xc 
 .text.avx512   0x0000000000000a00      0x580 /home/ubuntu/opencilk-project/cheetah/glibc-2.31/build/libc_pic.a(memmove-avx512-unaligned-erms.os)
                0x0000000000000a00                __mempcpy_chk_avx512_unaligned
                0x0000000000000a10                __mempcpy_avx512_unaligned
                0x0000000000000a20                __memcpy_chk_avx512_unaligned
                0x0000000000000a20                __memmove_chk_avx512_unaligned
                0x0000000000000a30                __memmove_avx512_unaligned
                0x0000000000000a30                __memcpy_avx512_unaligned
                0x0000000000000a70                __mempcpy_chk_avx512_unaligned_erms
                0x0000000000000a80                __mempcpy_avx512_unaligned_erms
                0x0000000000000a90                __memcpy_chk_avx512_unaligned_erms
                0x0000000000000a90                __memmove_chk_avx512_unaligned_erms
                0x0000000000000aa0                __memmove_avx512_unaligned_erms
                0x0000000000000aa0                __memcpy_avx512_unaligned_erms
 .text.avx512   0x0000000000000f80      0x205 /home/ubuntu/opencilk-project/cheetah/glibc-2.31/build/libc_pic.a(memset-avx512-unaligned-erms.os)
                0x0000000000000f80                __wmemset_chk_avx512_unaligned
                0x0000000000000f90                __wmemset_avx512_unaligned
                0x0000000000000fb0                __memset_chk_avx512_unaligned
                0x0000000000000fc0                __memset_avx512_unaligned
                0x0000000000001000                __memset_avx512_erms
                0x0000000000001020                __memset_chk_avx512_unaligned_erms
                0x0000000000001030                __memset_avx512_unaligned_erms

.text.atom      0x0000000000000000     0x1a83
 .text.atom     0x0000000000000000      0x315 /home/ubuntu/opencilk-project/cheetah/glibc-2.31/build/libc_pic.a(strchr-sse2-no-bsf.os)
                0x0000000000000000                __strchr_sse2_no_bsf
 *fill*         0x0000000000000315        0xb 
 .text.atom     0x0000000000000320     0x1763 /home/ubuntu/opencilk-project/cheetah/glibc-2.31/build/libc_pic.a(memcmp-ssse3.os)
                0x0000000000000320                __memcmp_ssse3

.text.startup   0x0000000000000000      0x492
 .text.startup  0x0000000000000000      0x492 /home/ubuntu/opencilk-project/cheetah/glibc-2.31/build/libc_pic.a(cacheinfo.os)

.fini
 *(SORT_NONE(.fini))

.rodata         0x0000000000000000     0x13c0
 *(.rodata)
 .rodata        0x0000000000000000      0xea4 /home/ubuntu/opencilk-project/cheetah/glibc-2.31/build/elf/dl-allobjs.os
 *fill*         0x0000000000000ea4        0x4 
 .rodata        0x0000000000000ea8       0x40 /home/ubuntu/opencilk-project/cheetah/glibc-2.31/build/libc_pic.a(strcmp-sse2.os)
 .rodata        0x0000000000000ee8       0x40 /home/ubuntu/opencilk-project/cheetah/glibc-2.31/build/libc_pic.a(strcmp-ssse3.os)
 .rodata        0x0000000000000f28       0x40 /home/ubuntu/opencilk-project/cheetah/glibc-2.31/build/libc_pic.a(strncmp-sse2.os)
 .rodata        0x0000000000000f68       0x40 /home/ubuntu/opencilk-project/cheetah/glibc-2.31/build/libc_pic.a(strncmp-ssse3.os)
 .rodata        0x0000000000000fa8       0x80 /home/ubuntu/opencilk-project/cheetah/glibc-2.31/build/libc_pic.a(stpcpy-sse2-unaligned.os)
 *fill*         0x0000000000001028        0x8 
 .rodata        0x0000000000001030       0x1f /home/ubuntu/opencilk-project/cheetah/glibc-2.31/build/libc_pic.a(varshift.os)
                0x0000000000001030                ___m128i_shift_right
 *fill*         0x000000000000104f       0x11 
 .rodata        0x0000000000001060      0x360 /home/ubuntu/opencilk-project/cheetah/glibc-2.31/build/libc_pic.a(cacheinfo.os)

.rodata.str1.1  0x0000000000000000     0x1400
 .rodata.str1.1
                0x0000000000000000     0x13b3 /home/ubuntu/opencilk-project/cheetah/glibc-2.31/build/elf/dl-allobjs.os
 .rodata.str1.1
                0x00000000000013b3       0x14 /home/ubuntu/opencilk-project/cheetah/glibc-2.31/build/libc_pic.a(check_fds.os)
 .rodata.str1.1
                0x00000000000013c7       0x39 /home/ubuntu/opencilk-project/cheetah/glibc-2.31/build/libc_pic.a(cacheinfo.os)

.rodata.str1.8  0x0000000000000000     0x28fb
 .rodata.str1.8
                0x0000000000000000     0x28e9 /home/ubuntu/opencilk-project/cheetah/glibc-2.31/build/elf/dl-allobjs.os
 *fill*         0x00000000000028e9        0x7 
 .rodata.str1.8
                0x00000000000028f0        0xb /home/ubuntu/opencilk-project/cheetah/glibc-2.31/build/libc_pic.a(cacheinfo.os)

.rodata.str1.16
                0x0000000000000000      0x3c1
 .rodata.str1.16
                0x0000000000000000      0x3a6 /home/ubuntu/opencilk-project/cheetah/glibc-2.31/build/elf/dl-allobjs.os
                0x0000000000000370                __GI__itoa_lower_digits
                0x0000000000000370                _itoa_lower_digits
 *fill*         0x00000000000003a6        0xa 
 .rodata.str1.16
                0x00000000000003b0       0x11 /home/ubuntu/opencilk-project/cheetah/glibc-2.31/build/libc_pic.a(cacheinfo.os)

.rodata.cst16   0x0000000000000000       0x10
 .rodata.cst16  0x0000000000000000       0x10 /home/ubuntu/opencilk-project/cheetah/glibc-2.31/build/elf/dl-allobjs.os

.rodata.cst4    0x0000000000000000        0x4
 .rodata.cst4   0x0000000000000000        0x4 /home/ubuntu/opencilk-project/cheetah/glibc-2.31/build/elf/dl-allobjs.os

.rodata.str1.32
                0x0000000000000000       0x9b
 .rodata.str1.32
                0x0000000000000000       0x9b /home/ubuntu/opencilk-project/cheetah/glibc-2.31/build/elf/dl-allobjs.os

.rodata.sse4.2  0x0000000000000000       0x40
 .rodata.sse4.2
                0x0000000000000000       0x40 /home/ubuntu/opencilk-project/cheetah/glibc-2.31/build/libc_pic.a(strncmp-sse4_2.os)

.rodata.sse4.1  0x0000000000000000      0x140
 .rodata.sse4.1
                0x0000000000000000      0x140 /home/ubuntu/opencilk-project/cheetah/glibc-2.31/build/libc_pic.a(memcmp-sse4.os)

.rodata.ssse3   0x0000000000000000      0xd80
 .rodata.ssse3  0x0000000000000000      0x1c0 /home/ubuntu/opencilk-project/cheetah/glibc-2.31/build/libc_pic.a(memcpy-ssse3.os)
 .rodata.ssse3  0x00000000000001c0      0x1c0 /home/ubuntu/opencilk-project/cheetah/glibc-2.31/build/libc_pic.a(memmove-ssse3.os)
 .rodata.ssse3  0x0000000000000380      0x500 /home/ubuntu/opencilk-project/cheetah/glibc-2.31/build/libc_pic.a(memcpy-ssse3-back.os)
 .rodata.ssse3  0x0000000000000880      0x500 /home/ubuntu/opencilk-project/cheetah/glibc-2.31/build/libc_pic.a(memmove-ssse3-back.os)

.rodata1
 *(.rodata1)

.eh_frame_hdr
 *(.eh_frame_hdr)

.eh_frame       0x0000000000000000     0x3f24
 *(.eh_frame)
 .eh_frame      0x0000000000000000     0x2658 /home/ubuntu/opencilk-project/cheetah/glibc-2.31/build/elf/dl-allobjs.os
                                       0x269c (size before relaxing)
 *fill*         0x0000000000002658        0x0 
 .eh_frame      0x0000000000002658       0x68 /home/ubuntu/opencilk-project/cheetah/glibc-2.31/build/libc_pic.a(check_fds.os)
 .eh_frame      0x00000000000026c0       0x30 /home/ubuntu/opencilk-project/cheetah/glibc-2.31/build/libc_pic.a(setjmp.os)
 .eh_frame      0x00000000000026f0       0x48 /home/ubuntu/opencilk-project/cheetah/glibc-2.31/build/libc_pic.a(__longjmp.os)
 .eh_frame      0x0000000000002738       0x58 /home/ubuntu/opencilk-project/cheetah/glibc-2.31/build/libc_pic.a(scratch_buffer_set_array_size.os)
 .eh_frame      0x0000000000002790       0x30 /home/ubuntu/opencilk-project/cheetah/glibc-2.31/build/libc_pic.a(strchr.os)
 .eh_frame      0x00000000000027c0       0x30 /home/ubuntu/opencilk-project/cheetah/glibc-2.31/build/libc_pic.a(strcmp.os)
 .eh_frame      0x00000000000027f0       0x30 /home/ubuntu/opencilk-project/cheetah/glibc-2.31/build/libc_pic.a(strcspn.os)
 .eh_frame      0x0000000000002820       0x50 /home/ubuntu/opencilk-project/cheetah/glibc-2.31/build/libc_pic.a(strdup.os)
 .eh_frame      0x0000000000002870       0x30 /home/ubuntu/opencilk-project/cheetah/glibc-2.31/build/libc_pic.a(strlen.os)
 .eh_frame      0x00000000000028a0       0x30 /home/ubuntu/opencilk-project/cheetah/glibc-2.31/build/libc_pic.a(strnlen.os)
 .eh_frame      0x00000000000028d0       0x30 /home/ubuntu/opencilk-project/cheetah/glibc-2.31/build/libc_pic.a(strncmp.os)
 .eh_frame      0x0000000000002900       0x30 /home/ubuntu/opencilk-project/cheetah/glibc-2.31/build/libc_pic.a(memchr.os)
 .eh_frame      0x0000000000002930       0x30 /home/ubuntu/opencilk-project/cheetah/glibc-2.31/build/libc_pic.a(memcmp.os)
 .eh_frame      0x0000000000002960       0x30 /home/ubuntu/opencilk-project/cheetah/glibc-2.31/build/libc_pic.a(memmove.os)
 .eh_frame      0x0000000000002990       0x30 /home/ubuntu/opencilk-project/cheetah/glibc-2.31/build/libc_pic.a(memset.os)
 .eh_frame      0x00000000000029c0       0x30 /home/ubuntu/opencilk-project/cheetah/glibc-2.31/build/libc_pic.a(mempcpy.os)
 .eh_frame      0x00000000000029f0       0x30 /home/ubuntu/opencilk-project/cheetah/glibc-2.31/build/libc_pic.a(stpcpy.os)
 .eh_frame      0x0000000000002a20       0x30 /home/ubuntu/opencilk-project/cheetah/glibc-2.31/build/libc_pic.a(memcpy.os)
 .eh_frame      0x0000000000002a50       0x30 /home/ubuntu/opencilk-project/cheetah/glibc-2.31/build/libc_pic.a(rawmemchr.os)
 .eh_frame      0x0000000000002a80       0x30 /home/ubuntu/opencilk-project/cheetah/glibc-2.31/build/libc_pic.a(strcmp-sse2.os)
 .eh_frame      0x0000000000002ab0       0x30 /home/ubuntu/opencilk-project/cheetah/glibc-2.31/build/libc_pic.a(strcmp-sse2-unaligned.os)
 .eh_frame      0x0000000000002ae0       0x30 /home/ubuntu/opencilk-project/cheetah/glibc-2.31/build/libc_pic.a(strcmp-ssse3.os)
 .eh_frame      0x0000000000002b10       0x30 /home/ubuntu/opencilk-project/cheetah/glibc-2.31/build/libc_pic.a(strcmp-avx2.os)
 .eh_frame      0x0000000000002b40       0x30 /home/ubuntu/opencilk-project/cheetah/glibc-2.31/build/libc_pic.a(strncmp-sse2.os)
 .eh_frame      0x0000000000002b70       0x30 /home/ubuntu/opencilk-project/cheetah/glibc-2.31/build/libc_pic.a(strncmp-ssse3.os)
 .eh_frame      0x0000000000002ba0       0x30 /home/ubuntu/opencilk-project/cheetah/glibc-2.31/build/libc_pic.a(strncmp-sse4_2.os)
 .eh_frame      0x0000000000002bd0       0x30 /home/ubuntu/opencilk-project/cheetah/glibc-2.31/build/libc_pic.a(strncmp-avx2.os)
 .eh_frame      0x0000000000002c00       0x30 /home/ubuntu/opencilk-project/cheetah/glibc-2.31/build/libc_pic.a(memchr-sse2.os)
 .eh_frame      0x0000000000002c30       0x30 /home/ubuntu/opencilk-project/cheetah/glibc-2.31/build/libc_pic.a(rawmemchr-sse2.os)
 .eh_frame      0x0000000000002c60       0x30 /home/ubuntu/opencilk-project/cheetah/glibc-2.31/build/libc_pic.a(memchr-avx2.os)
 .eh_frame      0x0000000000002c90       0x30 /home/ubuntu/opencilk-project/cheetah/glibc-2.31/build/libc_pic.a(rawmemchr-avx2.os)
 .eh_frame      0x0000000000002cc0       0x30 /home/ubuntu/opencilk-project/cheetah/glibc-2.31/build/libc_pic.a(memcmp-sse2.os)
 .eh_frame      0x0000000000002cf0       0x30 /home/ubuntu/opencilk-project/cheetah/glibc-2.31/build/libc_pic.a(memcmp-avx2-movbe.os)
 .eh_frame      0x0000000000002d20       0x30 /home/ubuntu/opencilk-project/cheetah/glibc-2.31/build/libc_pic.a(memcmp-sse4.os)
 .eh_frame      0x0000000000002d50       0x68 /home/ubuntu/opencilk-project/cheetah/glibc-2.31/build/libc_pic.a(memcpy-ssse3.os)
 .eh_frame      0x0000000000002db8       0x40 /home/ubuntu/opencilk-project/cheetah/glibc-2.31/build/libc_pic.a(memmove-ssse3.os)
 .eh_frame      0x0000000000002df8       0x68 /home/ubuntu/opencilk-project/cheetah/glibc-2.31/build/libc_pic.a(memcpy-ssse3-back.os)
 .eh_frame      0x0000000000002e60       0x40 /home/ubuntu/opencilk-project/cheetah/glibc-2.31/build/libc_pic.a(memmove-ssse3-back.os)
 .eh_frame      0x0000000000002ea0       0x68 /home/ubuntu/opencilk-project/cheetah/glibc-2.31/build/libc_pic.a(memmove-avx512-no-vzeroupper.os)
 .eh_frame      0x0000000000002f08       0x30 /home/ubuntu/opencilk-project/cheetah/glibc-2.31/build/libc_pic.a(strchr-sse2.os)
 .eh_frame      0x0000000000002f38       0x30 /home/ubuntu/opencilk-project/cheetah/glibc-2.31/build/libc_pic.a(strchr-avx2.os)
 .eh_frame      0x0000000000002f68       0x30 /home/ubuntu/opencilk-project/cheetah/glibc-2.31/build/libc_pic.a(strlen-sse2.os)
 .eh_frame      0x0000000000002f98       0x30 /home/ubuntu/opencilk-project/cheetah/glibc-2.31/build/libc_pic.a(strnlen-sse2.os)
 .eh_frame      0x0000000000002fc8       0x30 /home/ubuntu/opencilk-project/cheetah/glibc-2.31/build/libc_pic.a(strlen-avx2.os)
 .eh_frame      0x0000000000002ff8       0x30 /home/ubuntu/opencilk-project/cheetah/glibc-2.31/build/libc_pic.a(strnlen-avx2.os)
 .eh_frame      0x0000000000003028       0x30 /home/ubuntu/opencilk-project/cheetah/glibc-2.31/build/libc_pic.a(stpcpy-sse2.os)
 .eh_frame      0x0000000000003058       0x30 /home/ubuntu/opencilk-project/cheetah/glibc-2.31/build/libc_pic.a(stpcpy-ssse3.os)
 .eh_frame      0x0000000000003088       0x30 /home/ubuntu/opencilk-project/cheetah/glibc-2.31/build/libc_pic.a(stpcpy-sse2-unaligned.os)
 .eh_frame      0x00000000000030b8       0x30 /home/ubuntu/opencilk-project/cheetah/glibc-2.31/build/libc_pic.a(stpcpy-avx2.os)
 .eh_frame      0x00000000000030e8       0x30 /home/ubuntu/opencilk-project/cheetah/glibc-2.31/build/libc_pic.a(strchr-sse2-no-bsf.os)
 .eh_frame      0x0000000000003118       0x30 /home/ubuntu/opencilk-project/cheetah/glibc-2.31/build/libc_pic.a(memcmp-ssse3.os)
 .eh_frame      0x0000000000003148       0x38 /home/ubuntu/opencilk-project/cheetah/glibc-2.31/build/libc_pic.a(strcspn-sse2.os)
 .eh_frame      0x0000000000003180       0x30 /home/ubuntu/opencilk-project/cheetah/glibc-2.31/build/libc_pic.a(strcspn-c.os)
 .eh_frame      0x00000000000031b0       0x40 /home/ubuntu/opencilk-project/cheetah/glibc-2.31/build/libc_pic.a(memset-avx512-no-vzeroupper.os)
 .eh_frame      0x00000000000031f0      0x108 /home/ubuntu/opencilk-project/cheetah/glibc-2.31/build/libc_pic.a(memmove-sse2-unaligned-erms.os)
 .eh_frame      0x00000000000032f8       0xb8 /home/ubuntu/opencilk-project/cheetah/glibc-2.31/build/libc_pic.a(memmove-avx-unaligned-erms.os)
 .eh_frame      0x00000000000033b0       0xb8 /home/ubuntu/opencilk-project/cheetah/glibc-2.31/build/libc_pic.a(memmove-avx512-unaligned-erms.os)
 .eh_frame      0x0000000000003468       0xd0 /home/ubuntu/opencilk-project/cheetah/glibc-2.31/build/libc_pic.a(memset-sse2-unaligned-erms.os)
 .eh_frame      0x0000000000003538       0xa8 /home/ubuntu/opencilk-project/cheetah/glibc-2.31/build/libc_pic.a(memset-avx2-unaligned-erms.os)
 .eh_frame      0x00000000000035e0       0xa8 /home/ubuntu/opencilk-project/cheetah/glibc-2.31/build/libc_pic.a(memset-avx512-unaligned-erms.os)
 .eh_frame      0x0000000000003688      0x198 /home/ubuntu/opencilk-project/cheetah/glibc-2.31/build/libc_pic.a(cacheinfo.os)
 .eh_frame      0x0000000000003820       0x38 /home/ubuntu/opencilk-project/cheetah/glibc-2.31/build/libc_pic.a(closedir.os)
 .eh_frame      0x0000000000003858       0x48 /home/ubuntu/opencilk-project/cheetah/glibc-2.31/build/libc_pic.a(rewinddir.os)
 .eh_frame      0x00000000000038a0       0x58 /home/ubuntu/opencilk-project/cheetah/glibc-2.31/build/libc_pic.a(readdir64.os)
 .eh_frame      0x00000000000038f8       0x50 /home/ubuntu/opencilk-project/cheetah/glibc-2.31/build/libc_pic.a(fdopendir.os)
 .eh_frame      0x0000000000003948       0x30 /home/ubuntu/opencilk-project/cheetah/glibc-2.31/build/libc_pic.a(uname.os)
 .eh_frame      0x0000000000003978       0x30 /home/ubuntu/opencilk-project/cheetah/glibc-2.31/build/libc_pic.a(_exit.os)
 .eh_frame      0x00000000000039a8       0x30 /home/ubuntu/opencilk-project/cheetah/glibc-2.31/build/libc_pic.a(getpid.os)
 .eh_frame      0x00000000000039d8       0x30 /home/ubuntu/opencilk-project/cheetah/glibc-2.31/build/libc_pic.a(xstat.os)
 .eh_frame      0x0000000000003a08       0x30 /home/ubuntu/opencilk-project/cheetah/glibc-2.31/build/libc_pic.a(fxstat.os)
 .eh_frame      0x0000000000003a38       0x30 /home/ubuntu/opencilk-project/cheetah/glibc-2.31/build/libc_pic.a(lxstat.os)
 .eh_frame      0x0000000000003a68       0x30 /home/ubuntu/opencilk-project/cheetah/glibc-2.31/build/libc_pic.a(lseek64.os)
 .eh_frame      0x0000000000003a98       0x30 /home/ubuntu/opencilk-project/cheetah/glibc-2.31/build/libc_pic.a(access.os)
 .eh_frame      0x0000000000003ac8       0x30 /home/ubuntu/opencilk-project/cheetah/glibc-2.31/build/libc_pic.a(close_nocancel.os)
 .eh_frame      0x0000000000003af8       0x48 /home/ubuntu/opencilk-project/cheetah/glibc-2.31/build/libc_pic.a(fcntl_nocancel.os)
 .eh_frame      0x0000000000003b40       0x30 /home/ubuntu/opencilk-project/cheetah/glibc-2.31/build/libc_pic.a(open64_nocancel.os)
 .eh_frame      0x0000000000003b70       0x30 /home/ubuntu/opencilk-project/cheetah/glibc-2.31/build/libc_pic.a(openat64_nocancel.os)
 .eh_frame      0x0000000000003ba0       0x30 /home/ubuntu/opencilk-project/cheetah/glibc-2.31/build/libc_pic.a(read_nocancel.os)
 .eh_frame      0x0000000000003bd0       0x30 /home/ubuntu/opencilk-project/cheetah/glibc-2.31/build/libc_pic.a(pread64_nocancel.os)
 .eh_frame      0x0000000000003c00       0x30 /home/ubuntu/opencilk-project/cheetah/glibc-2.31/build/libc_pic.a(write_nocancel.os)
 .eh_frame      0x0000000000003c30       0x48 /home/ubuntu/opencilk-project/cheetah/glibc-2.31/build/libc_pic.a(mmap64.os)
 .eh_frame      0x0000000000003c78       0x30 /home/ubuntu/opencilk-project/cheetah/glibc-2.31/build/libc_pic.a(munmap.os)
 .eh_frame      0x0000000000003ca8       0x30 /home/ubuntu/opencilk-project/cheetah/glibc-2.31/build/libc_pic.a(mprotect.os)
 .eh_frame      0x0000000000003cd8       0x80 /home/ubuntu/opencilk-project/cheetah/glibc-2.31/build/libc_pic.a(profil.os)
 .eh_frame      0x0000000000003d58       0x30 /home/ubuntu/opencilk-project/cheetah/glibc-2.31/build/libc_pic.a(prof-freq.os)
 .eh_frame      0x0000000000003d88       0x30 /home/ubuntu/opencilk-project/cheetah/glibc-2.31/build/libc_pic.a(dl-addr-obj.os)
 .eh_frame      0x0000000000003db8       0xe0 /home/ubuntu/opencilk-project/cheetah/glibc-2.31/build/libc_pic.a(sigaction.os)
                                         0xe8 (size before relaxing)
 .eh_frame      0x0000000000003e98       0x30 /home/ubuntu/opencilk-project/cheetah/glibc-2.31/build/libc_pic.a(libc-lowlevellock.os)
 .eh_frame      0x0000000000003ec8       0x30 /home/ubuntu/opencilk-project/cheetah/glibc-2.31/build/libc_pic.a(setitimer.os)
 .eh_frame      0x0000000000003ef8       0x2c /home/ubuntu/opencilk-project/cheetah/glibc-2.31/build/libc_pic.a(getdents64.os)
                                         0x30 (size before relaxing)

.gcc_except_table
 *(.gcc_except_table)

.gnu_extab
 *(.gnu_extab*)

.exception_ranges
 *(.exception_ranges)

.eh_frame
 *(.eh_frame)

.gnu_extab
 *(.gnu_extab)

.gcc_except_table
 *(.gcc_except_table)

.exception_ranges
 *(.exception_ranges)

.tdata
 *(.tdata)

.tbss           0x0000000000000000        0x4
 *(.tbss)
 .tbss          0x0000000000000000        0x4 /home/ubuntu/opencilk-project/cheetah/glibc-2.31/build/libc_pic.a(errno.os)
                0x0000000000000000                errno
                0x0000000000000000                __libc_errno

.jcr
 *(.jcr)

.dynamic
 *(.dynamic)

.got
 *(.got)

.got.plt
 *(.got.plt)

.data           0x0000000000000000      0xfd8
 *(.data)
 .data          0x0000000000000000      0xf98 /home/ubuntu/opencilk-project/cheetah/glibc-2.31/build/elf/dl-allobjs.os
                0x0000000000000000                _rtld_global
                0x0000000000000000                _rtld_local
 .data          0x0000000000000f98        0x0 /home/ubuntu/opencilk-project/cheetah/glibc-2.31/build/libc_pic.a(check_fds.os)
 .data          0x0000000000000f98        0x0 /home/ubuntu/opencilk-project/cheetah/glibc-2.31/build/libc_pic.a(errno.os)
 .data          0x0000000000000f98        0x0 /home/ubuntu/opencilk-project/cheetah/glibc-2.31/build/libc_pic.a(setjmp.os)
 .data          0x0000000000000f98        0x0 /home/ubuntu/opencilk-project/cheetah/glibc-2.31/build/libc_pic.a(__longjmp.os)
 .data          0x0000000000000f98        0x0 /home/ubuntu/opencilk-project/cheetah/glibc-2.31/build/libc_pic.a(scratch_buffer_set_array_size.os)
 .data          0x0000000000000f98        0x0 /home/ubuntu/opencilk-project/cheetah/glibc-2.31/build/libc_pic.a(strchr.os)
 .data          0x0000000000000f98        0x0 /home/ubuntu/opencilk-project/cheetah/glibc-2.31/build/libc_pic.a(strcmp.os)
 .data          0x0000000000000f98        0x0 /home/ubuntu/opencilk-project/cheetah/glibc-2.31/build/libc_pic.a(strcspn.os)
 .data          0x0000000000000f98        0x0 /home/ubuntu/opencilk-project/cheetah/glibc-2.31/build/libc_pic.a(strdup.os)
 .data          0x0000000000000f98        0x0 /home/ubuntu/opencilk-project/cheetah/glibc-2.31/build/libc_pic.a(strlen.os)
 .data          0x0000000000000f98        0x0 /home/ubuntu/opencilk-project/cheetah/glibc-2.31/build/libc_pic.a(strnlen.os)
 .data          0x0000000000000f98        0x0 /home/ubuntu/opencilk-project/cheetah/glibc-2.31/build/libc_pic.a(strncmp.os)
 .data          0x0000000000000f98        0x0 /home/ubuntu/opencilk-project/cheetah/glibc-2.31/build/libc_pic.a(memchr.os)
 .data          0x0000000000000f98        0x0 /home/ubuntu/opencilk-project/cheetah/glibc-2.31/build/libc_pic.a(memcmp.os)
 .data          0x0000000000000f98        0x0 /home/ubuntu/opencilk-project/cheetah/glibc-2.31/build/libc_pic.a(memmove.os)
 .data          0x0000000000000f98        0x0 /home/ubuntu/opencilk-project/cheetah/glibc-2.31/build/libc_pic.a(memset.os)
 .data          0x0000000000000f98        0x0 /home/ubuntu/opencilk-project/cheetah/glibc-2.31/build/libc_pic.a(mempcpy.os)
 .data          0x0000000000000f98        0x0 /home/ubuntu/opencilk-project/cheetah/glibc-2.31/build/libc_pic.a(stpcpy.os)
 .data          0x0000000000000f98        0x0 /home/ubuntu/opencilk-project/cheetah/glibc-2.31/build/libc_pic.a(memcpy.os)
 .data          0x0000000000000f98        0x0 /home/ubuntu/opencilk-project/cheetah/glibc-2.31/build/libc_pic.a(rawmemchr.os)
 .data          0x0000000000000f98        0x0 /home/ubuntu/opencilk-project/cheetah/glibc-2.31/build/libc_pic.a(strcmp-sse2.os)
 .data          0x0000000000000f98        0x0 /home/ubuntu/opencilk-project/cheetah/glibc-2.31/build/libc_pic.a(strcmp-sse2-unaligned.os)
 .data          0x0000000000000f98        0x0 /home/ubuntu/opencilk-project/cheetah/glibc-2.31/build/libc_pic.a(strcmp-ssse3.os)
 .data          0x0000000000000f98        0x0 /home/ubuntu/opencilk-project/cheetah/glibc-2.31/build/libc_pic.a(strcmp-avx2.os)
 .data          0x0000000000000f98        0x0 /home/ubuntu/opencilk-project/cheetah/glibc-2.31/build/libc_pic.a(strncmp-sse2.os)
 .data          0x0000000000000f98        0x0 /home/ubuntu/opencilk-project/cheetah/glibc-2.31/build/libc_pic.a(strncmp-ssse3.os)
 .data          0x0000000000000f98        0x0 /home/ubuntu/opencilk-project/cheetah/glibc-2.31/build/libc_pic.a(strncmp-sse4_2.os)
 .data          0x0000000000000f98        0x0 /home/ubuntu/opencilk-project/cheetah/glibc-2.31/build/libc_pic.a(strncmp-avx2.os)
 .data          0x0000000000000f98        0x0 /home/ubuntu/opencilk-project/cheetah/glibc-2.31/build/libc_pic.a(memchr-sse2.os)
 .data          0x0000000000000f98        0x0 /home/ubuntu/opencilk-project/cheetah/glibc-2.31/build/libc_pic.a(rawmemchr-sse2.os)
 .data          0x0000000000000f98        0x0 /home/ubuntu/opencilk-project/cheetah/glibc-2.31/build/libc_pic.a(memchr-avx2.os)
 .data          0x0000000000000f98        0x0 /home/ubuntu/opencilk-project/cheetah/glibc-2.31/build/libc_pic.a(rawmemchr-avx2.os)
 .data          0x0000000000000f98        0x0 /home/ubuntu/opencilk-project/cheetah/glibc-2.31/build/libc_pic.a(memcmp-sse2.os)
 .data          0x0000000000000f98        0x0 /home/ubuntu/opencilk-project/cheetah/glibc-2.31/build/libc_pic.a(memcmp-avx2-movbe.os)
 .data          0x0000000000000f98        0x0 /home/ubuntu/opencilk-project/cheetah/glibc-2.31/build/libc_pic.a(memcmp-sse4.os)
 .data          0x0000000000000f98        0x0 /home/ubuntu/opencilk-project/cheetah/glibc-2.31/build/libc_pic.a(memcpy-ssse3.os)
 .data          0x0000000000000f98        0x0 /home/ubuntu/opencilk-project/cheetah/glibc-2.31/build/libc_pic.a(memmove-ssse3.os)
 .data          0x0000000000000f98        0x0 /home/ubuntu/opencilk-project/cheetah/glibc-2.31/build/libc_pic.a(memcpy-ssse3-back.os)
 .data          0x0000000000000f98        0x0 /home/ubuntu/opencilk-project/cheetah/glibc-2.31/build/libc_pic.a(memmove-ssse3-back.os)
 .data          0x0000000000000f98        0x0 /home/ubuntu/opencilk-project/cheetah/glibc-2.31/build/libc_pic.a(memmove-avx512-no-vzeroupper.os)
 .data          0x0000000000000f98        0x0 /home/ubuntu/opencilk-project/cheetah/glibc-2.31/build/libc_pic.a(strchr-sse2.os)
 .data          0x0000000000000f98        0x0 /home/ubuntu/opencilk-project/cheetah/glibc-2.31/build/libc_pic.a(strchr-avx2.os)
 .data          0x0000000000000f98        0x0 /home/ubuntu/opencilk-project/cheetah/glibc-2.31/build/libc_pic.a(strlen-sse2.os)
 .data          0x0000000000000f98        0x0 /home/ubuntu/opencilk-project/cheetah/glibc-2.31/build/libc_pic.a(strnlen-sse2.os)
 .data          0x0000000000000f98        0x0 /home/ubuntu/opencilk-project/cheetah/glibc-2.31/build/libc_pic.a(strlen-avx2.os)
 .data          0x0000000000000f98        0x0 /home/ubuntu/opencilk-project/cheetah/glibc-2.31/build/libc_pic.a(strnlen-avx2.os)
 .data          0x0000000000000f98        0x0 /home/ubuntu/opencilk-project/cheetah/glibc-2.31/build/libc_pic.a(stpcpy-sse2.os)
 .data          0x0000000000000f98        0x0 /home/ubuntu/opencilk-project/cheetah/glibc-2.31/build/libc_pic.a(stpcpy-ssse3.os)
 .data          0x0000000000000f98        0x0 /home/ubuntu/opencilk-project/cheetah/glibc-2.31/build/libc_pic.a(stpcpy-sse2-unaligned.os)
 .data          0x0000000000000f98        0x0 /home/ubuntu/opencilk-project/cheetah/glibc-2.31/build/libc_pic.a(stpcpy-avx2.os)
 .data          0x0000000000000f98        0x0 /home/ubuntu/opencilk-project/cheetah/glibc-2.31/build/libc_pic.a(strchr-sse2-no-bsf.os)
 .data          0x0000000000000f98        0x0 /home/ubuntu/opencilk-project/cheetah/glibc-2.31/build/libc_pic.a(memcmp-ssse3.os)
 .data          0x0000000000000f98        0x0 /home/ubuntu/opencilk-project/cheetah/glibc-2.31/build/libc_pic.a(strcspn-sse2.os)
 .data          0x0000000000000f98        0x0 /home/ubuntu/opencilk-project/cheetah/glibc-2.31/build/libc_pic.a(strcspn-c.os)
 .data          0x0000000000000f98        0x0 /home/ubuntu/opencilk-project/cheetah/glibc-2.31/build/libc_pic.a(varshift.os)
 .data          0x0000000000000f98        0x0 /home/ubuntu/opencilk-project/cheetah/glibc-2.31/build/libc_pic.a(memset-avx512-no-vzeroupper.os)
 .data          0x0000000000000f98        0x0 /home/ubuntu/opencilk-project/cheetah/glibc-2.31/build/libc_pic.a(memmove-sse2-unaligned-erms.os)
 .data          0x0000000000000f98        0x0 /home/ubuntu/opencilk-project/cheetah/glibc-2.31/build/libc_pic.a(memmove-avx-unaligned-erms.os)
 .data          0x0000000000000f98        0x0 /home/ubuntu/opencilk-project/cheetah/glibc-2.31/build/libc_pic.a(memmove-avx512-unaligned-erms.os)
 .data          0x0000000000000f98        0x0 /home/ubuntu/opencilk-project/cheetah/glibc-2.31/build/libc_pic.a(memset-sse2-unaligned-erms.os)
 .data          0x0000000000000f98        0x0 /home/ubuntu/opencilk-project/cheetah/glibc-2.31/build/libc_pic.a(memset-avx2-unaligned-erms.os)
 .data          0x0000000000000f98        0x0 /home/ubuntu/opencilk-project/cheetah/glibc-2.31/build/libc_pic.a(memset-avx512-unaligned-erms.os)
 .data          0x0000000000000f98       0x40 /home/ubuntu/opencilk-project/cheetah/glibc-2.31/build/libc_pic.a(cacheinfo.os)
                0x0000000000000f98                __x86_raw_shared_cache_size
                0x0000000000000fa0                __x86_raw_shared_cache_size_half
                0x0000000000000fa8                __x86_shared_cache_size
                0x0000000000000fb0                __x86_shared_cache_size_half
                0x0000000000000fb8                __x86_raw_data_cache_size
                0x0000000000000fc0                __x86_raw_data_cache_size_half
                0x0000000000000fc8                __x86_data_cache_size
                0x0000000000000fd0                __x86_data_cache_size_half
 .data          0x0000000000000fd8        0x0 /home/ubuntu/opencilk-project/cheetah/glibc-2.31/build/libc_pic.a(closedir.os)
 .data          0x0000000000000fd8        0x0 /home/ubuntu/opencilk-project/cheetah/glibc-2.31/build/libc_pic.a(rewinddir.os)
 .data          0x0000000000000fd8        0x0 /home/ubuntu/opencilk-project/cheetah/glibc-2.31/build/libc_pic.a(readdir64.os)
 .data          0x0000000000000fd8        0x0 /home/ubuntu/opencilk-project/cheetah/glibc-2.31/build/libc_pic.a(fdopendir.os)
 .data          0x0000000000000fd8        0x0 /home/ubuntu/opencilk-project/cheetah/glibc-2.31/build/libc_pic.a(uname.os)
 .data          0x0000000000000fd8        0x0 /home/ubuntu/opencilk-project/cheetah/glibc-2.31/build/libc_pic.a(_exit.os)
 .data          0x0000000000000fd8        0x0 /home/ubuntu/opencilk-project/cheetah/glibc-2.31/build/libc_pic.a(getpid.os)
 .data          0x0000000000000fd8        0x0 /home/ubuntu/opencilk-project/cheetah/glibc-2.31/build/libc_pic.a(environ.os)
 .data          0x0000000000000fd8        0x0 /home/ubuntu/opencilk-project/cheetah/glibc-2.31/build/libc_pic.a(xstat.os)
 .data          0x0000000000000fd8        0x0 /home/ubuntu/opencilk-project/cheetah/glibc-2.31/build/libc_pic.a(fxstat.os)
 .data          0x0000000000000fd8        0x0 /home/ubuntu/opencilk-project/cheetah/glibc-2.31/build/libc_pic.a(lxstat.os)
 .data          0x0000000000000fd8        0x0 /home/ubuntu/opencilk-project/cheetah/glibc-2.31/build/libc_pic.a(lseek64.os)
 .data          0x0000000000000fd8        0x0 /home/ubuntu/opencilk-project/cheetah/glibc-2.31/build/libc_pic.a(access.os)
 .data          0x0000000000000fd8        0x0 /home/ubuntu/opencilk-project/cheetah/glibc-2.31/build/libc_pic.a(close_nocancel.os)
 .data          0x0000000000000fd8        0x0 /home/ubuntu/opencilk-project/cheetah/glibc-2.31/build/libc_pic.a(fcntl_nocancel.os)
 .data          0x0000000000000fd8        0x0 /home/ubuntu/opencilk-project/cheetah/glibc-2.31/build/libc_pic.a(open64_nocancel.os)
 .data          0x0000000000000fd8        0x0 /home/ubuntu/opencilk-project/cheetah/glibc-2.31/build/libc_pic.a(openat64_nocancel.os)
 .data          0x0000000000000fd8        0x0 /home/ubuntu/opencilk-project/cheetah/glibc-2.31/build/libc_pic.a(read_nocancel.os)
 .data          0x0000000000000fd8        0x0 /home/ubuntu/opencilk-project/cheetah/glibc-2.31/build/libc_pic.a(pread64_nocancel.os)
 .data          0x0000000000000fd8        0x0 /home/ubuntu/opencilk-project/cheetah/glibc-2.31/build/libc_pic.a(write_nocancel.os)
 .data          0x0000000000000fd8        0x0 /home/ubuntu/opencilk-project/cheetah/glibc-2.31/build/libc_pic.a(mmap64.os)
 .data          0x0000000000000fd8        0x0 /home/ubuntu/opencilk-project/cheetah/glibc-2.31/build/libc_pic.a(munmap.os)
 .data          0x0000000000000fd8        0x0 /home/ubuntu/opencilk-project/cheetah/glibc-2.31/build/libc_pic.a(mprotect.os)
 .data          0x0000000000000fd8        0x0 /home/ubuntu/opencilk-project/cheetah/glibc-2.31/build/libc_pic.a(profil.os)
 .data          0x0000000000000fd8        0x0 /home/ubuntu/opencilk-project/cheetah/glibc-2.31/build/libc_pic.a(prof-freq.os)
 .data          0x0000000000000fd8        0x0 /home/ubuntu/opencilk-project/cheetah/glibc-2.31/build/libc_pic.a(dl-addr-obj.os)
 .data          0x0000000000000fd8        0x0 /home/ubuntu/opencilk-project/cheetah/glibc-2.31/build/libc_pic.a(sigaction.os)
 .data          0x0000000000000fd8        0x0 /home/ubuntu/opencilk-project/cheetah/glibc-2.31/build/libc_pic.a(libc-lowlevellock.os)
 .data          0x0000000000000fd8        0x0 /home/ubuntu/opencilk-project/cheetah/glibc-2.31/build/libc_pic.a(setitimer.os)
 .data          0x0000000000000fd8        0x0 /home/ubuntu/opencilk-project/cheetah/glibc-2.31/build/libc_pic.a(getdents64.os)

.data.rel.ro    0x0000000000000000      0x944
 .data.rel.ro   0x0000000000000000      0x944 /home/ubuntu/opencilk-project/cheetah/glibc-2.31/build/elf/dl-allobjs.os
                0x00000000000000d0                __pointer_chk_guard_local
                0x00000000000000d8                _dl_skip_args
                0x00000000000000e0                __GI__dl_argv
                0x00000000000000e0                _dl_argv
                0x00000000000000e8                _dl_argc
                0x0000000000000100                _rtld_global_ro
                0x0000000000000100                _rtld_local_ro
                0x0000000000000360                __stack_prot
                0x0000000000000930                _dl_random
                0x0000000000000938                __libc_stack_end
                0x0000000000000938                __GI___libc_stack_end
                0x0000000000000940                __GI___libc_enable_secure
                0x0000000000000940                __libc_enable_secure

.init_array     0x0000000000000000        0x8
 .init_array    0x0000000000000000        0x8 /home/ubuntu/opencilk-project/cheetah/glibc-2.31/build/libc_pic.a(cacheinfo.os)

.data1
 *(.data1)

.bss            0x0000000000000000      0x200
 *(.bss)
 .bss           0x0000000000000000      0x118 /home/ubuntu/opencilk-project/cheetah/glibc-2.31/build/elf/dl-allobjs.os
                0x00000000000000e0                __libc_multiple_libcs
                0x0000000000000110                __curbrk
 .bss           0x0000000000000118        0x0 /home/ubuntu/opencilk-project/cheetah/glibc-2.31/build/libc_pic.a(check_fds.os)
 .bss           0x0000000000000118        0x0 /home/ubuntu/opencilk-project/cheetah/glibc-2.31/build/libc_pic.a(errno.os)
 .bss           0x0000000000000118        0x0 /home/ubuntu/opencilk-project/cheetah/glibc-2.31/build/libc_pic.a(setjmp.os)
 .bss           0x0000000000000118        0x0 /home/ubuntu/opencilk-project/cheetah/glibc-2.31/build/libc_pic.a(__longjmp.os)
 .bss           0x0000000000000118        0x0 /home/ubuntu/opencilk-project/cheetah/glibc-2.31/build/libc_pic.a(scratch_buffer_set_array_size.os)
 .bss           0x0000000000000118        0x0 /home/ubuntu/opencilk-project/cheetah/glibc-2.31/build/libc_pic.a(strchr.os)
 .bss           0x0000000000000118        0x0 /home/ubuntu/opencilk-project/cheetah/glibc-2.31/build/libc_pic.a(strcmp.os)
 .bss           0x0000000000000118        0x0 /home/ubuntu/opencilk-project/cheetah/glibc-2.31/build/libc_pic.a(strcspn.os)
 .bss           0x0000000000000118        0x0 /home/ubuntu/opencilk-project/cheetah/glibc-2.31/build/libc_pic.a(strdup.os)
 .bss           0x0000000000000118        0x0 /home/ubuntu/opencilk-project/cheetah/glibc-2.31/build/libc_pic.a(strlen.os)
 .bss           0x0000000000000118        0x0 /home/ubuntu/opencilk-project/cheetah/glibc-2.31/build/libc_pic.a(strnlen.os)
 .bss           0x0000000000000118        0x0 /home/ubuntu/opencilk-project/cheetah/glibc-2.31/build/libc_pic.a(strncmp.os)
 .bss           0x0000000000000118        0x0 /home/ubuntu/opencilk-project/cheetah/glibc-2.31/build/libc_pic.a(memchr.os)
 .bss           0x0000000000000118        0x0 /home/ubuntu/opencilk-project/cheetah/glibc-2.31/build/libc_pic.a(memcmp.os)
 .bss           0x0000000000000118        0x0 /home/ubuntu/opencilk-project/cheetah/glibc-2.31/build/libc_pic.a(memmove.os)
 .bss           0x0000000000000118        0x0 /home/ubuntu/opencilk-project/cheetah/glibc-2.31/build/libc_pic.a(memset.os)
 .bss           0x0000000000000118        0x0 /home/ubuntu/opencilk-project/cheetah/glibc-2.31/build/libc_pic.a(mempcpy.os)
 .bss           0x0000000000000118        0x0 /home/ubuntu/opencilk-project/cheetah/glibc-2.31/build/libc_pic.a(stpcpy.os)
 .bss           0x0000000000000118        0x0 /home/ubuntu/opencilk-project/cheetah/glibc-2.31/build/libc_pic.a(memcpy.os)
 .bss           0x0000000000000118        0x0 /home/ubuntu/opencilk-project/cheetah/glibc-2.31/build/libc_pic.a(rawmemchr.os)
 .bss           0x0000000000000118        0x0 /home/ubuntu/opencilk-project/cheetah/glibc-2.31/build/libc_pic.a(strcmp-sse2.os)
 .bss           0x0000000000000118        0x0 /home/ubuntu/opencilk-project/cheetah/glibc-2.31/build/libc_pic.a(strcmp-sse2-unaligned.os)
 .bss           0x0000000000000118        0x0 /home/ubuntu/opencilk-project/cheetah/glibc-2.31/build/libc_pic.a(strcmp-ssse3.os)
 .bss           0x0000000000000118        0x0 /home/ubuntu/opencilk-project/cheetah/glibc-2.31/build/libc_pic.a(strcmp-avx2.os)
 .bss           0x0000000000000118        0x0 /home/ubuntu/opencilk-project/cheetah/glibc-2.31/build/libc_pic.a(strncmp-sse2.os)
 .bss           0x0000000000000118        0x0 /home/ubuntu/opencilk-project/cheetah/glibc-2.31/build/libc_pic.a(strncmp-ssse3.os)
 .bss           0x0000000000000118        0x0 /home/ubuntu/opencilk-project/cheetah/glibc-2.31/build/libc_pic.a(strncmp-sse4_2.os)
 .bss           0x0000000000000118        0x0 /home/ubuntu/opencilk-project/cheetah/glibc-2.31/build/libc_pic.a(strncmp-avx2.os)
 .bss           0x0000000000000118        0x0 /home/ubuntu/opencilk-project/cheetah/glibc-2.31/build/libc_pic.a(memchr-sse2.os)
 .bss           0x0000000000000118        0x0 /home/ubuntu/opencilk-project/cheetah/glibc-2.31/build/libc_pic.a(rawmemchr-sse2.os)
 .bss           0x0000000000000118        0x0 /home/ubuntu/opencilk-project/cheetah/glibc-2.31/build/libc_pic.a(memchr-avx2.os)
 .bss           0x0000000000000118        0x0 /home/ubuntu/opencilk-project/cheetah/glibc-2.31/build/libc_pic.a(rawmemchr-avx2.os)
 .bss           0x0000000000000118        0x0 /home/ubuntu/opencilk-project/cheetah/glibc-2.31/build/libc_pic.a(memcmp-sse2.os)
 .bss           0x0000000000000118        0x0 /home/ubuntu/opencilk-project/cheetah/glibc-2.31/build/libc_pic.a(memcmp-avx2-movbe.os)
 .bss           0x0000000000000118        0x0 /home/ubuntu/opencilk-project/cheetah/glibc-2.31/build/libc_pic.a(memcmp-sse4.os)
 .bss           0x0000000000000118        0x0 /home/ubuntu/opencilk-project/cheetah/glibc-2.31/build/libc_pic.a(memcpy-ssse3.os)
 .bss           0x0000000000000118        0x0 /home/ubuntu/opencilk-project/cheetah/glibc-2.31/build/libc_pic.a(memmove-ssse3.os)
 .bss           0x0000000000000118        0x0 /home/ubuntu/opencilk-project/cheetah/glibc-2.31/build/libc_pic.a(memcpy-ssse3-back.os)
 .bss           0x0000000000000118        0x0 /home/ubuntu/opencilk-project/cheetah/glibc-2.31/build/libc_pic.a(memmove-ssse3-back.os)
 .bss           0x0000000000000118        0x0 /home/ubuntu/opencilk-project/cheetah/glibc-2.31/build/libc_pic.a(memmove-avx512-no-vzeroupper.os)
 .bss           0x0000000000000118        0x0 /home/ubuntu/opencilk-project/cheetah/glibc-2.31/build/libc_pic.a(strchr-sse2.os)
 .bss           0x0000000000000118        0x0 /home/ubuntu/opencilk-project/cheetah/glibc-2.31/build/libc_pic.a(strchr-avx2.os)
 .bss           0x0000000000000118        0x0 /home/ubuntu/opencilk-project/cheetah/glibc-2.31/build/libc_pic.a(strlen-sse2.os)
 .bss           0x0000000000000118        0x0 /home/ubuntu/opencilk-project/cheetah/glibc-2.31/build/libc_pic.a(strnlen-sse2.os)
 .bss           0x0000000000000118        0x0 /home/ubuntu/opencilk-project/cheetah/glibc-2.31/build/libc_pic.a(strlen-avx2.os)
 .bss           0x0000000000000118        0x0 /home/ubuntu/opencilk-project/cheetah/glibc-2.31/build/libc_pic.a(strnlen-avx2.os)
 .bss           0x0000000000000118        0x0 /home/ubuntu/opencilk-project/cheetah/glibc-2.31/build/libc_pic.a(stpcpy-sse2.os)
 .bss           0x0000000000000118        0x0 /home/ubuntu/opencilk-project/cheetah/glibc-2.31/build/libc_pic.a(stpcpy-ssse3.os)
 .bss           0x0000000000000118        0x0 /home/ubuntu/opencilk-project/cheetah/glibc-2.31/build/libc_pic.a(stpcpy-sse2-unaligned.os)
 .bss           0x0000000000000118        0x0 /home/ubuntu/opencilk-project/cheetah/glibc-2.31/build/libc_pic.a(stpcpy-avx2.os)
 .bss           0x0000000000000118        0x0 /home/ubuntu/opencilk-project/cheetah/glibc-2.31/build/libc_pic.a(strchr-sse2-no-bsf.os)
 .bss           0x0000000000000118        0x0 /home/ubuntu/opencilk-project/cheetah/glibc-2.31/build/libc_pic.a(memcmp-ssse3.os)
 .bss           0x0000000000000118        0x0 /home/ubuntu/opencilk-project/cheetah/glibc-2.31/build/libc_pic.a(strcspn-sse2.os)
 .bss           0x0000000000000118        0x0 /home/ubuntu/opencilk-project/cheetah/glibc-2.31/build/libc_pic.a(strcspn-c.os)
 .bss           0x0000000000000118        0x0 /home/ubuntu/opencilk-project/cheetah/glibc-2.31/build/libc_pic.a(varshift.os)
 .bss           0x0000000000000118        0x0 /home/ubuntu/opencilk-project/cheetah/glibc-2.31/build/libc_pic.a(memset-avx512-no-vzeroupper.os)
 .bss           0x0000000000000118        0x0 /home/ubuntu/opencilk-project/cheetah/glibc-2.31/build/libc_pic.a(memmove-sse2-unaligned-erms.os)
 .bss           0x0000000000000118        0x0 /home/ubuntu/opencilk-project/cheetah/glibc-2.31/build/libc_pic.a(memmove-avx-unaligned-erms.os)
 .bss           0x0000000000000118        0x0 /home/ubuntu/opencilk-project/cheetah/glibc-2.31/build/libc_pic.a(memmove-avx512-unaligned-erms.os)
 .bss           0x0000000000000118        0x0 /home/ubuntu/opencilk-project/cheetah/glibc-2.31/build/libc_pic.a(memset-sse2-unaligned-erms.os)
 .bss           0x0000000000000118        0x0 /home/ubuntu/opencilk-project/cheetah/glibc-2.31/build/libc_pic.a(memset-avx2-unaligned-erms.os)
 .bss           0x0000000000000118        0x0 /home/ubuntu/opencilk-project/cheetah/glibc-2.31/build/libc_pic.a(memset-avx512-unaligned-erms.os)
 .bss           0x0000000000000118        0x0 /home/ubuntu/opencilk-project/cheetah/glibc-2.31/build/libc_pic.a(cacheinfo.os)
 .bss           0x0000000000000118        0x0 /home/ubuntu/opencilk-project/cheetah/glibc-2.31/build/libc_pic.a(closedir.os)
 .bss           0x0000000000000118        0x0 /home/ubuntu/opencilk-project/cheetah/glibc-2.31/build/libc_pic.a(rewinddir.os)
 .bss           0x0000000000000118        0x0 /home/ubuntu/opencilk-project/cheetah/glibc-2.31/build/libc_pic.a(readdir64.os)
 .bss           0x0000000000000118        0x0 /home/ubuntu/opencilk-project/cheetah/glibc-2.31/build/libc_pic.a(fdopendir.os)
 .bss           0x0000000000000118        0x0 /home/ubuntu/opencilk-project/cheetah/glibc-2.31/build/libc_pic.a(uname.os)
 .bss           0x0000000000000118        0x0 /home/ubuntu/opencilk-project/cheetah/glibc-2.31/build/libc_pic.a(_exit.os)
 .bss           0x0000000000000118        0x0 /home/ubuntu/opencilk-project/cheetah/glibc-2.31/build/libc_pic.a(getpid.os)
 .bss           0x0000000000000118        0x8 /home/ubuntu/opencilk-project/cheetah/glibc-2.31/build/libc_pic.a(environ.os)
                0x0000000000000118                _environ
                0x0000000000000118                __environ
                0x0000000000000118                environ
 .bss           0x0000000000000120        0x0 /home/ubuntu/opencilk-project/cheetah/glibc-2.31/build/libc_pic.a(xstat.os)
 .bss           0x0000000000000120        0x0 /home/ubuntu/opencilk-project/cheetah/glibc-2.31/build/libc_pic.a(fxstat.os)
 .bss           0x0000000000000120        0x0 /home/ubuntu/opencilk-project/cheetah/glibc-2.31/build/libc_pic.a(lxstat.os)
 .bss           0x0000000000000120        0x0 /home/ubuntu/opencilk-project/cheetah/glibc-2.31/build/libc_pic.a(lseek64.os)
 .bss           0x0000000000000120        0x0 /home/ubuntu/opencilk-project/cheetah/glibc-2.31/build/libc_pic.a(access.os)
 .bss           0x0000000000000120        0x0 /home/ubuntu/opencilk-project/cheetah/glibc-2.31/build/libc_pic.a(close_nocancel.os)
 .bss           0x0000000000000120        0x0 /home/ubuntu/opencilk-project/cheetah/glibc-2.31/build/libc_pic.a(fcntl_nocancel.os)
 .bss           0x0000000000000120        0x0 /home/ubuntu/opencilk-project/cheetah/glibc-2.31/build/libc_pic.a(open64_nocancel.os)
 .bss           0x0000000000000120        0x0 /home/ubuntu/opencilk-project/cheetah/glibc-2.31/build/libc_pic.a(openat64_nocancel.os)
 .bss           0x0000000000000120        0x0 /home/ubuntu/opencilk-project/cheetah/glibc-2.31/build/libc_pic.a(read_nocancel.os)
 .bss           0x0000000000000120        0x0 /home/ubuntu/opencilk-project/cheetah/glibc-2.31/build/libc_pic.a(pread64_nocancel.os)
 .bss           0x0000000000000120        0x0 /home/ubuntu/opencilk-project/cheetah/glibc-2.31/build/libc_pic.a(write_nocancel.os)
 .bss           0x0000000000000120        0x0 /home/ubuntu/opencilk-project/cheetah/glibc-2.31/build/libc_pic.a(mmap64.os)
 .bss           0x0000000000000120        0x0 /home/ubuntu/opencilk-project/cheetah/glibc-2.31/build/libc_pic.a(munmap.os)
 .bss           0x0000000000000120        0x0 /home/ubuntu/opencilk-project/cheetah/glibc-2.31/build/libc_pic.a(mprotect.os)
 .bss           0x0000000000000120       0xe0 /home/ubuntu/opencilk-project/cheetah/glibc-2.31/build/libc_pic.a(profil.os)
 .bss           0x0000000000000200        0x0 /home/ubuntu/opencilk-project/cheetah/glibc-2.31/build/libc_pic.a(prof-freq.os)
 .bss           0x0000000000000200        0x0 /home/ubuntu/opencilk-project/cheetah/glibc-2.31/build/libc_pic.a(dl-addr-obj.os)
 .bss           0x0000000000000200        0x0 /home/ubuntu/opencilk-project/cheetah/glibc-2.31/build/libc_pic.a(sigaction.os)
 .bss           0x0000000000000200        0x0 /home/ubuntu/opencilk-project/cheetah/glibc-2.31/build/libc_pic.a(libc-lowlevellock.os)
 .bss           0x0000000000000200        0x0 /home/ubuntu/opencilk-project/cheetah/glibc-2.31/build/libc_pic.a(setitimer.os)
 .bss           0x0000000000000200        0x0 /home/ubuntu/opencilk-project/cheetah/glibc-2.31/build/libc_pic.a(getdents64.os)

.lbss
 *(.lbss)

.lrodata
 *(.lrodata)

.ldata
 *(.ldata)

.stab
 *(.stab)

.stabstr
 *(.stabstr)

.stab.excl
 *(.stab.excl)

.stab.exclstr
 *(.stab.exclstr)

.stab.index
 *(.stab.index)

.stab.indexstr
 *(.stab.indexstr)

.comment        0x0000000000000000      0xe1c
 *(.comment)
 .comment       0x0000000000000000      0x662 /home/ubuntu/opencilk-project/cheetah/glibc-2.31/build/elf/dl-allobjs.os
 .comment       0x0000000000000662       0x2b /home/ubuntu/opencilk-project/cheetah/glibc-2.31/build/libc_pic.a(check_fds.os)
 .comment       0x000000000000068d       0x2b /home/ubuntu/opencilk-project/cheetah/glibc-2.31/build/libc_pic.a(errno.os)
 .comment       0x00000000000006b8       0x2b /home/ubuntu/opencilk-project/cheetah/glibc-2.31/build/libc_pic.a(scratch_buffer_set_array_size.os)
 .comment       0x00000000000006e3       0x2b /home/ubuntu/opencilk-project/cheetah/glibc-2.31/build/libc_pic.a(strchr.os)
 .comment       0x000000000000070e       0x2b /home/ubuntu/opencilk-project/cheetah/glibc-2.31/build/libc_pic.a(strcmp.os)
 .comment       0x0000000000000739       0x2b /home/ubuntu/opencilk-project/cheetah/glibc-2.31/build/libc_pic.a(strcspn.os)
 .comment       0x0000000000000764       0x2b /home/ubuntu/opencilk-project/cheetah/glibc-2.31/build/libc_pic.a(strdup.os)
 .comment       0x000000000000078f       0x2b /home/ubuntu/opencilk-project/cheetah/glibc-2.31/build/libc_pic.a(strlen.os)
 .comment       0x00000000000007ba       0x2b /home/ubuntu/opencilk-project/cheetah/glibc-2.31/build/libc_pic.a(strnlen.os)