Archive member included to satisfy reference by file (symbol)

/home/ubuntu/opencilk-project/cheetah/glibc-2.31/build/elf/rtld-libc.a(rtld-check_fds.os)
                              /home/ubuntu/opencilk-project/cheetah/glibc-2.31/build/elf/dl-allobjs.os (__libc_check_standard_fds)
/home/ubuntu/opencilk-project/cheetah/glibc-2.31/build/elf/rtld-libc.a(rtld-errno.os)
                              /home/ubuntu/opencilk-project/cheetah/glibc-2.31/build/elf/dl-allobjs.os (rtld_errno)
/home/ubuntu/opencilk-project/cheetah/glibc-2.31/build/elf/rtld-libc.a(rtld-closedir.os)
                              /home/ubuntu/opencilk-project/cheetah/glibc-2.31/build/elf/dl-allobjs.os (__closedir)
/home/ubuntu/opencilk-project/cheetah/glibc-2.31/build/elf/rtld-libc.a(rtld-rewinddir.os)
                              /home/ubuntu/opencilk-project/cheetah/glibc-2.31/build/elf/dl-allobjs.os (__rewinddir)
/home/ubuntu/opencilk-project/cheetah/glibc-2.31/build/elf/rtld-libc.a(rtld-readdir64.os)
                              /home/ubuntu/opencilk-project/cheetah/glibc-2.31/build/elf/dl-allobjs.os (__readdir)
/home/ubuntu/opencilk-project/cheetah/glibc-2.31/build/elf/rtld-libc.a(rtld-fdopendir.os)
                              /home/ubuntu/opencilk-project/cheetah/glibc-2.31/build/elf/dl-allobjs.os (__fdopendir)
/home/ubuntu/opencilk-project/cheetah/glibc-2.31/build/elf/rtld-libc.a(rtld-getdents64.os)
                              /home/ubuntu/opencilk-project/cheetah/glibc-2.31/build/elf/rtld-libc.a(rtld-readdir64.os) (__getdents64)
/home/ubuntu/opencilk-project/cheetah/glibc-2.31/build/elf/rtld-libc.a(rtld-dl-addr-obj.os)
                              /home/ubuntu/opencilk-project/cheetah/glibc-2.31/build/elf/dl-allobjs.os (_dl_addr_inside_object)
/home/ubuntu/opencilk-project/cheetah/glibc-2.31/build/elf/rtld-libc.a(rtld-profil.os)
                              /home/ubuntu/opencilk-project/cheetah/glibc-2.31/build/elf/dl-allobjs.os (__profil)
/home/ubuntu/opencilk-project/cheetah/glibc-2.31/build/elf/rtld-libc.a(rtld-prof-freq.os)
                              /home/ubuntu/opencilk-project/cheetah/glibc-2.31/build/elf/dl-allobjs.os (__profile_frequency)
/home/ubuntu/opencilk-project/cheetah/glibc-2.31/build/elf/rtld-libc.a(rtld-xstat.os)
                              /home/ubuntu/opencilk-project/cheetah/glibc-2.31/build/elf/dl-allobjs.os (__GI___xstat64)
/home/ubuntu/opencilk-project/cheetah/glibc-2.31/build/elf/rtld-libc.a(rtld-fxstat.os)
                              /home/ubuntu/opencilk-project/cheetah/glibc-2.31/build/elf/dl-allobjs.os (__GI___fxstat64)
/home/ubuntu/opencilk-project/cheetah/glibc-2.31/build/elf/rtld-libc.a(rtld-lxstat.os)
                              /home/ubuntu/opencilk-project/cheetah/glibc-2.31/build/elf/dl-allobjs.os (__GI___lxstat64)
/home/ubuntu/opencilk-project/cheetah/glibc-2.31/build/elf/rtld-libc.a(rtld-lseek64.os)
                              /home/ubuntu/opencilk-project/cheetah/glibc-2.31/build/elf/dl-allobjs.os (__lseek)
/home/ubuntu/opencilk-project/cheetah/glibc-2.31/build/elf/rtld-libc.a(rtld-access.os)
                              /home/ubuntu/opencilk-project/cheetah/glibc-2.31/build/elf/dl-allobjs.os (__access)
/home/ubuntu/opencilk-project/cheetah/glibc-2.31/build/elf/rtld-libc.a(rtld-close_nocancel.os)
                              /home/ubuntu/opencilk-project/cheetah/glibc-2.31/build/elf/dl-allobjs.os (__GI___close_nocancel)
/home/ubuntu/opencilk-project/cheetah/glibc-2.31/build/elf/rtld-libc.a(rtld-fcntl_nocancel.os)
                              /home/ubuntu/opencilk-project/cheetah/glibc-2.31/build/elf/dl-allobjs.os (__GI___fcntl64_nocancel)
/home/ubuntu/opencilk-project/cheetah/glibc-2.31/build/elf/rtld-libc.a(rtld-open64_nocancel.os)
                              /home/ubuntu/opencilk-project/cheetah/glibc-2.31/build/elf/dl-allobjs.os (__GI___open64_nocancel)
/home/ubuntu/opencilk-project/cheetah/glibc-2.31/build/elf/rtld-libc.a(rtld-openat64_nocancel.os)
                              /home/ubuntu/opencilk-project/cheetah/glibc-2.31/build/elf/dl-allobjs.os (__GI___openat64_nocancel)
/home/ubuntu/opencilk-project/cheetah/glibc-2.31/build/elf/rtld-libc.a(rtld-read_nocancel.os)
                              /home/ubuntu/opencilk-project/cheetah/glibc-2.31/build/elf/dl-allobjs.os (__GI___read_nocancel)
/home/ubuntu/opencilk-project/cheetah/glibc-2.31/build/elf/rtld-libc.a(rtld-pread64_nocancel.os)
                              /home/ubuntu/opencilk-project/cheetah/glibc-2.31/build/elf/dl-allobjs.os (__GI___pread64_nocancel)
/home/ubuntu/opencilk-project/cheetah/glibc-2.31/build/elf/rtld-libc.a(rtld-write_nocancel.os)
                              /home/ubuntu/opencilk-project/cheetah/glibc-2.31/build/elf/dl-allobjs.os (__GI___write_nocancel)
/home/ubuntu/opencilk-project/cheetah/glibc-2.31/build/elf/rtld-libc.a(rtld-scratch_buffer_set_array_size.os)
[...]
Memory Configuration

Name             Origin             Length             Attributes
*default*        0x0000000000000000 0xffffffffffffffff

Linker script and memory map

START GROUP
LOAD /home/ubuntu/opencilk-project/cheetah/glibc-2.31/build/elf/dl-allobjs.os
LOAD /home/ubuntu/opencilk-project/cheetah/glibc-2.31/build/elf/rtld-libc.a
LOAD /usr/lib/gcc/x86_64-linux-gnu/9/libgcc.a
END GROUP

.interp
 *(.interp)

.note.gnu.property
                0x0000000000000000       0x20
 .note.gnu.property
                0x0000000000000000       0x20 /home/ubuntu/opencilk-project/cheetah/glibc-2.31/build/elf/dl-allobjs.os

.note.gnu.build-id
 *(.note.gnu.build-id)

.hash
 *(.hash)

.gnu.hash
 *(.gnu.hash)

.dynsym
 *(.dynsym)

.dynstr
 *(.dynstr)

.gnu.version
 *(.gnu.version)

.gnu.version_d
 *(.gnu.version_d)

.gnu.version_r
 *(.gnu.version_r)

.rela.init
 *(.rela.init)

.rela.text
 *(.rela.text)

.rela.fini
 *(.rela.fini)

.rela.rodata
 *(.rela.rodata)

.rela.data.rel.ro
 *(.rela.data.rel.ro)

.rela.data
 *(.rela.data)

.rela.tdata
 *(.rela.tdata)

.rela.tbss
 *(.rela.tbss)

.rela.ctors
 *(.rela.ctors)

.rela.dtors
 *(.rela.dtors)

.rela.got
 *(.rela.got)

.rela.bss
 *(.rela.bss)

.rela.ldata
 *(.rela.ldata)

.rela.lbss
 *(.rela.lbss)

.rela.lrodata
 *(.rela.lrodata)

.rela.ifunc
 *(.rela.ifunc)

.rela.plt
 *(.rela.plt)

.init
 *(SORT_NONE(.init))

.plt
 *(.plt)

.plt.got
 *(.plt.got)

.plt.sec
 *(.plt.sec)

.text           0x0000000000000000    0x20314
 *(.text .stub)
 .text          0x0000000000000000    0x1b530 /home/ubuntu/opencilk-project/cheetah/glibc-2.31/build/elf/dl-allobjs.os
                0x0000000000000000                _start
                0x0000000000000008                _dl_start_user
                0x00000000000012f0                handle_preload_list
                0x0000000000007a10                _dl_dst_count
                0x0000000000007ac0                _dl_dst_substitute
                0x0000000000008210                _dl_init_paths
                0x0000000000008560                _dl_map_object
                0x0000000000009000                _dl_rtld_di_serinfo
                0x0000000000009f60                _dl_lookup_symbol_x
                0x000000000000aee0                _dl_setup_hash
                0x000000000000afa0                _dl_add_to_namespace_list
                0x000000000000b040                _dl_new_object
                0x000000000000b470                _dl_try_allocate_static_tls
                0x000000000000b570                _dl_allocate_static_tls
                0x000000000000b5b0                _dl_nothread_init_static_tls
                0x000000000000b600                _dl_protect_relro
                0x000000000000b670                _dl_reloc_bad_type
                0x000000000000b740                _dl_relocate_object
                0x000000000000d1f0                _dl_map_object_deps
                0x000000000000e2f0                _dl_important_hwcaps
                0x000000000000eb60                _dl_fixup
                0x000000000000ed20                _dl_profile_fixup
                0x000000000000f3e0                _dl_call_pltexit
                0x000000000000f670                _dl_init
                0x000000000000f7b0                _dl_fini
                0x000000000000fbe0                _dl_debug_state
                0x000000000000fbe0                __GI__dl_debug_state
                0x000000000000fbf0                _dl_debug_initialize
                0x00000000000102f0                _dl_sysdep_read_whole_file
                0x0000000000010390                _dl_debug_printf
                0x0000000000010440                _dl_debug_printf_c
                0x00000000000104f0                _dl_dprintf
                0x0000000000010590                _dl_name_match_p
                0x0000000000010600                _dl_higher_prime_number
                0x0000000000010650                _dl_strtoul
                0x00000000000107b0                _dl_check_map_versions
                0x0000000000010f20                _dl_check_all_versions
                0x0000000000010fa0                _dl_start_profile
                0x00000000000117c0                __GI__dl_mcount
                0x00000000000117c0                _dl_mcount
                0x0000000000011d50                _dl_next_tls_modid
                0x0000000000011e50                _dl_count_modids
                0x0000000000011ec0                _dl_determine_tlsoffset
                0x0000000000012070                _dl_get_tls_static_info
                0x0000000000012090                _dl_allocate_tls_storage
                0x0000000000012160                __GI__dl_allocate_tls_init
                0x0000000000012160                _dl_allocate_tls_init
                0x0000000000012390                __GI__dl_allocate_tls
                0x0000000000012390                _dl_allocate_tls
                0x00000000000123d0                _dl_deallocate_tls
                0x00000000000123d0                __GI__dl_deallocate_tls
                0x0000000000012450                _dl_update_slotinfo
                0x00000000000126c0                __GI___tls_get_addr
                0x00000000000126c0                ___tls_get_addr
                0x0000000000012710                _dl_tls_get_addr_soft
                0x0000000000012790                _dl_add_to_slotinfo
                0x0000000000012890                __tls_get_addr_slow
                0x00000000000128c0                _dl_get_origin
                0x0000000000012a20                _dl_scope_free
                0x0000000000012b00                _dl_make_stack_executable
                0x0000000000012b00                __GI__dl_make_stack_executable
                0x0000000000012e60                __GI__dl_find_dso_for_object
                0x0000000000012e60                _dl_find_dso_for_object
                0x0000000000012f30                _dl_open
                0x0000000000013240                _dl_show_scope
                0x0000000000014030                _dl_close_worker
                0x0000000000015190                _dl_close
                0x0000000000015200                _dl_runtime_profile_avx512
                0x0000000000015680                _dl_runtime_profile_avx
                0x0000000000015b00                _dl_runtime_profile_sse
                0x0000000000015d00                _dl_runtime_resolve_fxsave
                0x0000000000015d80                _dl_runtime_resolve_xsave
                0x0000000000015e50                _dl_runtime_resolve_xsavec
                0x0000000000015f40                _dl_exception_create
                0x0000000000015f40                __GI__dl_exception_create
                0x0000000000016030                __GI__dl_exception_create_format
                0x0000000000016030                _dl_exception_create_format
                0x00000000000164a0                _dl_exception_free
                0x00000000000164a0                __GI__dl_exception_free
                0x00000000000164d0                _dl_sort_maps
                0x00000000000167e0                _dl_cache_libcmp
                0x00000000000168b0                _dl_load_cache_lookup
                0x0000000000016f00                _dl_unload_cache
                0x0000000000016fe0                __tunable_set_val
                0x0000000000017010                __GI___tunables_init
                0x00000000000174f0                __tunable_get_val
                0x00000000000174f0                __GI___tunable_get_val
                0x0000000000017560                _dl_make_tlsdesc_dynamic
                0x0000000000017860                _dl_tlsdesc_resolve_rela_fixup
                0x0000000000017a20                _dl_tlsdesc_resolve_hold_fixup
                0x0000000000017a60                _dl_unmap
                0x0000000000017ae0                _dl_tlsdesc_return
                0x0000000000017af0                _dl_tlsdesc_undefweak
                0x0000000000017b10                _dl_tlsdesc_dynamic
                0x0000000000017bb0                _dl_tlsdesc_resolve_rela
                0x0000000000017c30                _dl_tlsdesc_resolve_hold
                0x0000000000017cb0                __tls_get_addr
                0x0000000000017d00                __get_cpu_features
                0x0000000000018320                _dl_cet_open_check
                0x0000000000018330                _dl_cet_check
                0x0000000000018340                _dl_tunable_set_hwcaps
                0x0000000000019060                _dl_tunable_set_x86_ibt
                0x00000000000190f0                _dl_tunable_set_x86_shstk
                0x0000000000019510                _dl_sysdep_start
                0x0000000000019e30                _dl_sysdep_start_cleanup
                0x0000000000019e40                _dl_show_auxv
                0x0000000000019ff0                _dl_discover_osversion
                0x000000000001a1d0                _dl_next_ld_env_entry
                0x000000000001a220                unsetenv
                0x000000000001a2b0                malloc
                0x000000000001a3d0                calloc
                0x000000000001a410                free
                0x000000000001a450                __sigjmp_save
                0x000000000001a460                __strerror_r
                0x000000000001a550                __GI___libc_fatal
                0x000000000001a550                __libc_fatal
                0x000000000001a580                __GI___chk_fail
                0x000000000001a580                __chk_fail
                0x000000000001a5a0                __GI___assert_fail
                0x000000000001a5a0                __assert_fail
                0x000000000001a600                realloc
                0x000000000001a690                __GI___assert_perror_fail
                0x000000000001a690                __assert_perror_fail
                0x000000000001a700                _itoa
                0x000000000001a760                __strsep
                0x000000000001a760                strsep
                0x000000000001a760                __strsep_g
                0x000000000001a8a0                _dl_signal_exception
                0x000000000001a8f0                _dl_signal_error
                0x000000000001a950                _dl_signal_cexception
                0x000000000001a9e0                _dl_signal_cerror
                0x000000000001aa70                _dl_catch_exception
                0x000000000001ab60                _dl_catch_error
                0x000000000001abb0                _dl_receive_error
                0x000000000001ac00                _dl_resolve_conflicts
                0x000000000001ad60                __brk
                0x000000000001ad60                brk
                0x000000000001adb0                sbrk
                0x000000000001adb0                __sbrk
                0x000000000001ae50                __getcwd
                0x000000000001ae50                getcwd
                0x000000000001b2d0                openat64
                0x000000000001b330                __alloc_dir
                0x000000000001b430                __opendir
                0x000000000001b430                opendir
                0x000000000001b4e0                __fxstatat
                0x000000000001b4e0                __fxstatat64
                0x000000000001b4e0                __GI___fxstatat64
 .text          0x000000000001b530       0xe6 /home/ubuntu/opencilk-project/cheetah/glibc-2.31/build/elf/rtld-libc.a(rtld-check_fds.os)
                0x000000000001b5e0                __libc_check_standard_fds
 .text          0x000000000001b616        0x0 /home/ubuntu/opencilk-project/cheetah/glibc-2.31/build/elf/rtld-libc.a(rtld-errno.os)
 *fill*         0x000000000001b616        0xa 
 .text          0x000000000001b620       0x29 /home/ubuntu/opencilk-project/cheetah/glibc-2.31/build/elf/rtld-libc.a(rtld-closedir.os)
                0x000000000001b620                __closedir
                0x000000000001b620                closedir
 *fill*         0x000000000001b649        0x7 
 .text          0x000000000001b650       0x34 /home/ubuntu/opencilk-project/cheetah/glibc-2.31/build/elf/rtld-libc.a(rtld-rewinddir.os)
                0x000000000001b650                rewinddir
                0x000000000001b650                __rewinddir
 *fill*         0x000000000001b684        0xc 
 .text          0x000000000001b690       0x90 /home/ubuntu/opencilk-project/cheetah/glibc-2.31/build/elf/rtld-libc.a(rtld-readdir64.os)
                0x000000000001b690                readdir
                0x000000000001b690                __readdir64
                0x000000000001b690                __readdir
                0x000000000001b690                readdir64
 .text          0x000000000001b720       0x9e /home/ubuntu/opencilk-project/cheetah/glibc-2.31/build/elf/rtld-libc.a(rtld-fdopendir.os)
                0x000000000001b720                fdopendir
                0x000000000001b720                __fdopendir
 *fill*         0x000000000001b7be        0x2 
 .text          0x000000000001b7c0       0x38 /home/ubuntu/opencilk-project/cheetah/glibc-2.31/build/elf/rtld-libc.a(rtld-getdents64.os)
                0x000000000001b7c0                __getdents
                0x000000000001b7c0                getdents64
                0x000000000001b7c0                __getdents64
 *fill*         0x000000000001b7f8        0x8 
 .text          0x000000000001b800       0x7b /home/ubuntu/opencilk-project/cheetah/glibc-2.31/build/elf/rtld-libc.a(rtld-dl-addr-obj.os)
                0x000000000001b800                _dl_addr_inside_object
 *fill*         0x000000000001b87b        0x5 
 .text          0x000000000001b880      0x109 /home/ubuntu/opencilk-project/cheetah/glibc-2.31/build/elf/rtld-libc.a(rtld-profil.os)
                0x000000000001b8d0                __profil
                0x000000000001b8d0                profil
 *fill*         0x000000000001b989        0x7 
 .text          0x000000000001b990        0xb /home/ubuntu/opencilk-project/cheetah/glibc-2.31/build/elf/rtld-libc.a(rtld-prof-freq.os)
                0x000000000001b990                __profile_frequency
 *fill*         0x000000000001b99b        0x5 
 .text          0x000000000001b9a0       0x50 /home/ubuntu/opencilk-project/cheetah/glibc-2.31/build/elf/rtld-libc.a(rtld-xstat.os)
                0x000000000001b9a0                _xstat
                0x000000000001b9a0                __xstat64
                0x000000000001b9a0                __GI___xstat64
                0x000000000001b9a0                __GI___xstat
                0x000000000001b9a0                __xstat
 .text          0x000000000001b9f0       0x50 /home/ubuntu/opencilk-project/cheetah/glibc-2.31/build/elf/rtld-libc.a(rtld-fxstat.os)
                0x000000000001b9f0                __GI___fxstat
                0x000000000001b9f0                __GI___fxstat64
                0x000000000001b9f0                __fxstat64
                0x000000000001b9f0                _fxstat
                0x000000000001b9f0                __fxstat
 .text          0x000000000001ba40       0x50 /home/ubuntu/opencilk-project/cheetah/glibc-2.31/build/elf/rtld-libc.a(rtld-lxstat.os)
                0x000000000001ba40                __GI___lxstat
                0x000000000001ba40                _lxstat
                0x000000000001ba40                __lxstat
                0x000000000001ba40                __lxstat64
                0x000000000001ba40                __GI___lxstat64
 .text          0x000000000001ba90       0x28 /home/ubuntu/opencilk-project/cheetah/glibc-2.31/build/elf/rtld-libc.a(rtld-lseek64.os)
                0x000000000001ba90                __lseek64
                0x000000000001ba90                lseek
                0x000000000001ba90                __libc_lseek64
                0x000000000001ba90                __lseek
                0x000000000001ba90                __libc_lseek
                0x000000000001ba90                lseek64
 *fill*         0x000000000001bab8        0x8 
 .text          0x000000000001bac0       0x26 /home/ubuntu/opencilk-project/cheetah/glibc-2.31/build/elf/rtld-libc.a(rtld-access.os)
                0x000000000001bac0                access
                0x000000000001bac0                __access
 *fill*         0x000000000001bae6        0xa 
 .text          0x000000000001baf0       0x26 /home/ubuntu/opencilk-project/cheetah/glibc-2.31/build/elf/rtld-libc.a(rtld-close_nocancel.os)
                0x000000000001baf0                __GI___close_nocancel
 *fill*         0x000000000001bb16        0xa 
 .text          0x000000000001bb20       0x93 /home/ubuntu/opencilk-project/cheetah/glibc-2.31/build/elf/rtld-libc.a(rtld-fcntl_nocancel.os)
                0x000000000001bb20                __fcntl64_nocancel_adjusted
                0x000000000001bb80                __fcntl64_nocancel
                0x000000000001bb80                __GI___fcntl64_nocancel
 *fill*         0x000000000001bbb3        0xd 
 .text          0x000000000001bbc0       0x7e /home/ubuntu/opencilk-project/cheetah/glibc-2.31/build/elf/rtld-libc.a(rtld-open64_nocancel.os)
                0x000000000001bbc0                __GI___open_nocancel
                0x000000000001bbc0                __open_nocancel
                0x000000000001bbc0                __GI___open64_nocancel
                0x000000000001bbc0                __open64_nocancel
 *fill*         0x000000000001bc3e        0x2 
 .text          0x000000000001bc40       0x66 /home/ubuntu/opencilk-project/cheetah/glibc-2.31/build/elf/rtld-libc.a(rtld-openat64_nocancel.os)
                0x000000000001bc40                __GI___openat64_nocancel
                0x000000000001bc40                __openat64_nocancel
                0x000000000001bc40                __GI___openat_nocancel
                0x000000000001bc40                __openat_nocancel
 *fill*         0x000000000001bca6        0xa 
 .text          0x000000000001bcb0       0x28 /home/ubuntu/opencilk-project/cheetah/glibc-2.31/build/elf/rtld-libc.a(rtld-read_nocancel.os)
                0x000000000001bcb0                __read_nocancel
                0x000000000001bcb0                __GI___read_nocancel
 *fill*         0x000000000001bcd8        0x8 
 .text          0x000000000001bce0       0x30 /home/ubuntu/opencilk-project/cheetah/glibc-2.31/build/elf/rtld-libc.a(rtld-pread64_nocancel.os)
                0x000000000001bce0                __GI___pread64_nocancel
                0x000000000001bce0                __pread64_nocancel
 .text          0x000000000001bd10       0x28 /home/ubuntu/opencilk-project/cheetah/glibc-2.31/build/elf/rtld-libc.a(rtld-write_nocancel.os)
                0x000000000001bd10                __GI___write_nocancel
                0x000000000001bd10                __write_nocancel
 *fill*         0x000000000001bd38        0x8 
 .text          0x000000000001bd40       0xaa /home/ubuntu/opencilk-project/cheetah/glibc-2.31/build/elf/rtld-libc.a(rtld-scratch_buffer_set_array_size.os)
                0x000000000001bd40                __libc_scratch_buffer_set_array_size
 *fill*         0x000000000001bdea        0x6 
 .text          0x000000000001bdf0       0x99 /home/ubuntu/opencilk-project/cheetah/glibc-2.31/build/elf/rtld-libc.a(rtld-mmap64.os)
                0x000000000001bdf0                __mmap
                0x000000000001bdf0                mmap
                0x000000000001bdf0                __mmap64
                0x000000000001bdf0                mmap64
 *fill*         0x000000000001be89        0x7 
 .text          0x000000000001be90       0x24 /home/ubuntu/opencilk-project/cheetah/glibc-2.31/build/elf/rtld-libc.a(rtld-munmap.os)
                0x000000000001be90                munmap
                0x000000000001be90                __GI___munmap
                0x000000000001be90                __GI_munmap
                0x000000000001be90                __munmap
 *fill*         0x000000000001beb4        0xc 
 .text          0x000000000001bec0       0x24 /home/ubuntu/opencilk-project/cheetah/glibc-2.31/build/elf/rtld-libc.a(rtld-mprotect.os)
                0x000000000001bec0                __mprotect
                0x000000000001bec0                __GI___mprotect
                0x000000000001bec0                __GI_mprotect
                0x000000000001bec0                mprotect
 *fill*         0x000000000001bee4        0xc 
 .text          0x000000000001bef0       0x24 /home/ubuntu/opencilk-project/cheetah/glibc-2.31/build/elf/rtld-libc.a(rtld-uname.os)
                0x000000000001bef0                uname
                0x000000000001bef0                __GI_uname
                0x000000000001bef0                __uname
                0x000000000001bef0                __GI___uname
 *fill*         0x000000000001bf14        0xc 
 .text          0x000000000001bf20       0x4a /home/ubuntu/opencilk-project/cheetah/glibc-2.31/build/elf/rtld-libc.a(rtld-_exit.os)
                0x000000000001bf20                _Exit
                0x000000000001bf20                __GI__exit
                0x000000000001bf20                _exit
 *fill*         0x000000000001bf6a        0x6 
 .text          0x000000000001bf70        0xc /home/ubuntu/opencilk-project/cheetah/glibc-2.31/build/elf/rtld-libc.a(rtld-getpid.os)
                0x000000000001bf70                __getpid
                0x000000000001bf70                getpid
                0x000000000001bf70                __GI_getpid
                0x000000000001bf70                __GI___getpid
 .text          0x000000000001bf7c        0x0 /home/ubuntu/opencilk-project/cheetah/glibc-2.31/build/elf/rtld-libc.a(rtld-environ.os)
 *fill*         0x000000000001bf7c        0x4 
 .text          0x000000000001bf80       0x5e /home/ubuntu/opencilk-project/cheetah/glibc-2.31/build/elf/rtld-libc.a(rtld-setjmp.os)
                0x000000000001bf80                __sigsetjmp
                0x000000000001bf80                __GI___sigsetjmp
 *fill*         0x000000000001bfde        0x2 
 .text          0x000000000001bfe0       0x7c /home/ubuntu/opencilk-project/cheetah/glibc-2.31/build/elf/rtld-libc.a(rtld-__longjmp.os)
                0x000000000001bfe0                __longjmp
 *fill*         0x000000000001c05c        0x4 
 .text          0x000000000001c060      0x1f0 /home/ubuntu/opencilk-project/cheetah/glibc-2.31/build/elf/rtld-libc.a(rtld-sigaction.os)
                0x000000000001c080                __libc_sigaction
                0x000000000001c220                sigaction
                0x000000000001c220                __sigaction
 .text          0x000000000001c250       0x40 /home/ubuntu/opencilk-project/cheetah/glibc-2.31/build/elf/rtld-libc.a(rtld-strdup.os)
                0x000000000001c250                __strdup
                0x000000000001c250                strdup
 .text          0x000000000001c290     0x1449 /home/ubuntu/opencilk-project/cheetah/glibc-2.31/build/elf/rtld-libc.a(rtld-strcmp-sse2.os)
                0x000000000001c290                strcmp
 *fill*         0x000000000001d6d9        0x7 
 .text          0x000000000001d6e0     0x1859 /home/ubuntu/opencilk-project/cheetah/glibc-2.31/build/elf/rtld-libc.a(rtld-strncmp-sse2.os)
                0x000000000001d6e0                strncmp
 *fill*         0x000000000001ef39        0x7 
 .text          0x000000000001ef40      0x323 /home/ubuntu/opencilk-project/cheetah/glibc-2.31/build/elf/rtld-libc.a(rtld-memchr-sse2.os)
                0x000000000001ef40                memchr
                0x000000000001ef40                __memchr
 *fill*         0x000000000001f263        0xd 
 .text          0x000000000001f270      0x209 /home/ubuntu/opencilk-project/cheetah/glibc-2.31/build/elf/rtld-libc.a(rtld-rawmemchr-sse2.os)
                0x000000000001f270                __rawmemchr
                0x000000000001f270                rawmemchr
 *fill*         0x000000000001f479        0x7 
 .text          0x000000000001f480      0x400 /home/ubuntu/opencilk-project/cheetah/glibc-2.31/build/elf/rtld-libc.a(rtld-memcmp-sse2.os)
                0x000000000001f480                bcmp
                0x000000000001f480                memcmp
 .text          0x000000000001f880      0x22a /home/ubuntu/opencilk-project/cheetah/glibc-2.31/build/elf/rtld-libc.a(rtld-strchr-sse2.os)
                0x000000000001f880                index
                0x000000000001f880                strchr
 *fill*         0x000000000001faaa        0x6 
 .text          0x000000000001fab0      0x19c /home/ubuntu/opencilk-project/cheetah/glibc-2.31/build/elf/rtld-libc.a(rtld-strlen-sse2.os)
                0x000000000001fab0                strlen
 *fill*         0x000000000001fc4c        0x4 
 .text          0x000000000001fc50      0x218 /home/ubuntu/opencilk-project/cheetah/glibc-2.31/build/elf/rtld-libc.a(rtld-strnlen-sse2.os)
                0x000000000001fc50                __strnlen
                0x000000000001fc50                strnlen
 *fill*         0x000000000001fe68        0x8 
 .text          0x000000000001fe70       0xec /home/ubuntu/opencilk-project/cheetah/glibc-2.31/build/elf/rtld-libc.a(rtld-stpcpy-sse2.os)
                0x000000000001fe70                stpcpy
                0x000000000001fe70                __stpcpy
 *fill*         0x000000000001ff5c        0x4 
 .text          0x000000000001ff60       0xa7 /home/ubuntu/opencilk-project/cheetah/glibc-2.31/build/elf/rtld-libc.a(rtld-strcspn-sse2.os)
                0x000000000001ff60                strcspn
 *fill*         0x0000000000020007        0x9 
 .text          0x0000000000020010      0x1f1 /home/ubuntu/opencilk-project/cheetah/glibc-2.31/build/elf/rtld-libc.a(rtld-memmove-sse2-unaligned-erms.os)
                0x0000000000020010                mempcpy
                0x0000000000020010                __mempcpy
                0x0000000000020020                memmove
                0x0000000000020020                memcpy
 *fill*         0x0000000000020201        0xf 
 .text          0x0000000000020210       0xde /home/ubuntu/opencilk-project/cheetah/glibc-2.31/build/elf/rtld-libc.a(rtld-memset-sse2-unaligned-erms.os)
                0x0000000000020210                memset
 *fill*         0x00000000000202ee        0x2 
 .text          0x00000000000202f0       0x24 /home/ubuntu/opencilk-project/cheetah/glibc-2.31/build/elf/rtld-libc.a(rtld-setitimer.os)
                0x00000000000202f0                setitimer
                0x00000000000202f0                __setitimer
                0x00000000000202f0                __GI_setitimer
                0x00000000000202f0                __GI___setitimer
 *(.gnu.warning)

.fini
 *(SORT_NONE(.fini))

.rodata         0x0000000000000000      0xf28
 *(.rodata)
 .rodata        0x0000000000000000      0xea4 /home/ubuntu/opencilk-project/cheetah/glibc-2.31/build/elf/dl-allobjs.os
 *fill*         0x0000000000000ea4        0x4 
 .rodata        0x0000000000000ea8       0x40 /home/ubuntu/opencilk-project/cheetah/glibc-2.31/build/elf/rtld-libc.a(rtld-strcmp-sse2.os)
 .rodata        0x0000000000000ee8       0x40 /home/ubuntu/opencilk-project/cheetah/glibc-2.31/build/elf/rtld-libc.a(rtld-strncmp-sse2.os)

.rodata.str1.1  0x0000000000000000     0x13c7
 .rodata.str1.1
                0x0000000000000000     0x13b3 /home/ubuntu/opencilk-project/cheetah/glibc-2.31/build/elf/dl-allobjs.os
 .rodata.str1.1
                0x00000000000013b3       0x14 /home/ubuntu/opencilk-project/cheetah/glibc-2.31/build/elf/rtld-libc.a(rtld-check_fds.os)

.rodata.str1.8  0x0000000000000000     0x28e9
 .rodata.str1.8
                0x0000000000000000     0x28e9 /home/ubuntu/opencilk-project/cheetah/glibc-2.31/build/elf/dl-allobjs.os

.rodata.str1.16
                0x0000000000000000      0x3a6
 .rodata.str1.16
                0x0000000000000000      0x3a6 /home/ubuntu/opencilk-project/cheetah/glibc-2.31/build/elf/dl-allobjs.os
                0x0000000000000370                __GI__itoa_lower_digits
                0x0000000000000370                _itoa_lower_digits

.rodata.cst16   0x0000000000000000       0x10
 .rodata.cst16  0x0000000000000000       0x10 /home/ubuntu/opencilk-project/cheetah/glibc-2.31/build/elf/dl-allobjs.os

.rodata.cst4    0x0000000000000000        0x4
 .rodata.cst4   0x0000000000000000        0x4 /home/ubuntu/opencilk-project/cheetah/glibc-2.31/build/elf/dl-allobjs.os

.rodata.str1.32
                0x0000000000000000       0x9b
 .rodata.str1.32
                0x0000000000000000       0x9b /home/ubuntu/opencilk-project/cheetah/glibc-2.31/build/elf/dl-allobjs.os

.rodata1
 *(.rodata1)

.eh_frame_hdr
 *(.eh_frame_hdr)

.eh_frame       0x0000000000000000     0x30bc
 *(.eh_frame)
 .eh_frame      0x0000000000000000     0x2658 /home/ubuntu/opencilk-project/cheetah/glibc-2.31/build/elf/dl-allobjs.os
                                       0x269c (size before relaxing)
 *fill*         0x0000000000002658        0x0 
 .eh_frame      0x0000000000002658       0x68 /home/ubuntu/opencilk-project/cheetah/glibc-2.31/build/elf/rtld-libc.a(rtld-check_fds.os)
 .eh_frame      0x00000000000026c0       0x38 /home/ubuntu/opencilk-project/cheetah/glibc-2.31/build/elf/rtld-libc.a(rtld-closedir.os)
 .eh_frame      0x00000000000026f8       0x38 /home/ubuntu/opencilk-project/cheetah/glibc-2.31/build/elf/rtld-libc.a(rtld-rewinddir.os)
 .eh_frame      0x0000000000002730       0x50 /home/ubuntu/opencilk-project/cheetah/glibc-2.31/build/elf/rtld-libc.a(rtld-readdir64.os)
 .eh_frame      0x0000000000002780       0x50 /home/ubuntu/opencilk-project/cheetah/glibc-2.31/build/elf/rtld-libc.a(rtld-fdopendir.os)
 .eh_frame      0x00000000000027d0       0x30 /home/ubuntu/opencilk-project/cheetah/glibc-2.31/build/elf/rtld-libc.a(rtld-getdents64.os)
 .eh_frame      0x0000000000002800       0x30 /home/ubuntu/opencilk-project/cheetah/glibc-2.31/build/elf/rtld-libc.a(rtld-dl-addr-obj.os)
 .eh_frame      0x0000000000002830       0x48 /home/ubuntu/opencilk-project/cheetah/glibc-2.31/build/elf/rtld-libc.a(rtld-profil.os)
 .eh_frame      0x0000000000002878       0x30 /home/ubuntu/opencilk-project/cheetah/glibc-2.31/build/elf/rtld-libc.a(rtld-prof-freq.os)
 .eh_frame      0x00000000000028a8       0x30 /home/ubuntu/opencilk-project/cheetah/glibc-2.31/build/elf/rtld-libc.a(rtld-xstat.os)
 .eh_frame      0x00000000000028d8       0x30 /home/ubuntu/opencilk-project/cheetah/glibc-2.31/build/elf/rtld-libc.a(rtld-fxstat.os)
 .eh_frame      0x0000000000002908       0x30 /home/ubuntu/opencilk-project/cheetah/glibc-2.31/build/elf/rtld-libc.a(rtld-lxstat.os)
 .eh_frame      0x0000000000002938       0x30 /home/ubuntu/opencilk-project/cheetah/glibc-2.31/build/elf/rtld-libc.a(rtld-lseek64.os)
 .eh_frame      0x0000000000002968       0x30 /home/ubuntu/opencilk-project/cheetah/glibc-2.31/build/elf/rtld-libc.a(rtld-access.os)
 .eh_frame      0x0000000000002998       0x30 /home/ubuntu/opencilk-project/cheetah/glibc-2.31/build/elf/rtld-libc.a(rtld-close_nocancel.os)
 .eh_frame      0x00000000000029c8       0x48 /home/ubuntu/opencilk-project/cheetah/glibc-2.31/build/elf/rtld-libc.a(rtld-fcntl_nocancel.os)
 .eh_frame      0x0000000000002a10       0x30 /home/ubuntu/opencilk-project/cheetah/glibc-2.31/build/elf/rtld-libc.a(rtld-open64_nocancel.os)
 .eh_frame      0x0000000000002a40       0x30 /home/ubuntu/opencilk-project/cheetah/glibc-2.31/build/elf/rtld-libc.a(rtld-openat64_nocancel.os)
 .eh_frame      0x0000000000002a70       0x30 /home/ubuntu/opencilk-project/cheetah/glibc-2.31/build/elf/rtld-libc.a(rtld-read_nocancel.os)
 .eh_frame      0x0000000000002aa0       0x30 /home/ubuntu/opencilk-project/cheetah/glibc-2.31/build/elf/rtld-libc.a(rtld-pread64_nocancel.os)
 .eh_frame      0x0000000000002ad0       0x30 /home/ubuntu/opencilk-project/cheetah/glibc-2.31/build/elf/rtld-libc.a(rtld-write_nocancel.os)
 .eh_frame      0x0000000000002b00       0x58 /home/ubuntu/opencilk-project/cheetah/glibc-2.31/build/elf/rtld-libc.a(rtld-scratch_buffer_set_array_size.os)
 .eh_frame      0x0000000000002b58       0x48 /home/ubuntu/opencilk-project/cheetah/glibc-2.31/build/elf/rtld-libc.a(rtld-mmap64.os)
 .eh_frame      0x0000000000002ba0       0x30 /home/ubuntu/opencilk-project/cheetah/glibc-2.31/build/elf/rtld-libc.a(rtld-munmap.os)
 .eh_frame      0x0000000000002bd0       0x30 /home/ubuntu/opencilk-project/cheetah/glibc-2.31/build/elf/rtld-libc.a(rtld-mprotect.os)
 .eh_frame      0x0000000000002c00       0x30 /home/ubuntu/opencilk-project/cheetah/glibc-2.31/build/elf/rtld-libc.a(rtld-uname.os)
 .eh_frame      0x0000000000002c30       0x30 /home/ubuntu/opencilk-project/cheetah/glibc-2.31/build/elf/rtld-libc.a(rtld-_exit.os)
 .eh_frame      0x0000000000002c60       0x30 /home/ubuntu/opencilk-project/cheetah/glibc-2.31/build/elf/rtld-libc.a(rtld-getpid.os)
 .eh_frame      0x0000000000002c90       0x30 /home/ubuntu/opencilk-project/cheetah/glibc-2.31/build/elf/rtld-libc.a(rtld-setjmp.os)
 .eh_frame      0x0000000000002cc0       0x48 /home/ubuntu/opencilk-project/cheetah/glibc-2.31/build/elf/rtld-libc.a(rtld-__longjmp.os)
 .eh_frame      0x0000000000002d08       0xe0 /home/ubuntu/opencilk-project/cheetah/glibc-2.31/build/elf/rtld-libc.a(rtld-sigaction.os)
                                         0xe8 (size before relaxing)
 .eh_frame      0x0000000000002de8       0x50 /home/ubuntu/opencilk-project/cheetah/glibc-2.31/build/elf/rtld-libc.a(rtld-strdup.os)
 .eh_frame      0x0000000000002e38       0x30 /home/ubuntu/opencilk-project/cheetah/glibc-2.31/build/elf/rtld-libc.a(rtld-strcmp-sse2.os)
 .eh_frame      0x0000000000002e68       0x30 /home/ubuntu/opencilk-project/cheetah/glibc-2.31/build/elf/rtld-libc.a(rtld-strncmp-sse2.os)
 .eh_frame      0x0000000000002e98       0x30 /home/ubuntu/opencilk-project/cheetah/glibc-2.31/build/elf/rtld-libc.a(rtld-memchr-sse2.os)
 .eh_frame      0x0000000000002ec8       0x30 /home/ubuntu/opencilk-project/cheetah/glibc-2.31/build/elf/rtld-libc.a(rtld-rawmemchr-sse2.os)
 .eh_frame      0x0000000000002ef8       0x30 /home/ubuntu/opencilk-project/cheetah/glibc-2.31/build/elf/rtld-libc.a(rtld-memcmp-sse2.os)
 .eh_frame      0x0000000000002f28       0x30 /home/ubuntu/opencilk-project/cheetah/glibc-2.31/build/elf/rtld-libc.a(rtld-strchr-sse2.os)
 .eh_frame      0x0000000000002f58       0x30 /home/ubuntu/opencilk-project/cheetah/glibc-2.31/build/elf/rtld-libc.a(rtld-strlen-sse2.os)
 .eh_frame      0x0000000000002f88       0x30 /home/ubuntu/opencilk-project/cheetah/glibc-2.31/build/elf/rtld-libc.a(rtld-strnlen-sse2.os)
 .eh_frame      0x0000000000002fb8       0x30 /home/ubuntu/opencilk-project/cheetah/glibc-2.31/build/elf/rtld-libc.a(rtld-stpcpy-sse2.os)
 .eh_frame      0x0000000000002fe8       0x38 /home/ubuntu/opencilk-project/cheetah/glibc-2.31/build/elf/rtld-libc.a(rtld-strcspn-sse2.os)
 .eh_frame      0x0000000000003020       0x40 /home/ubuntu/opencilk-project/cheetah/glibc-2.31/build/elf/rtld-libc.a(rtld-memmove-sse2-unaligned-erms.os)
 .eh_frame      0x0000000000003060       0x30 /home/ubuntu/opencilk-project/cheetah/glibc-2.31/build/elf/rtld-libc.a(rtld-memset-sse2-unaligned-erms.os)
 .eh_frame      0x0000000000003090       0x2c /home/ubuntu/opencilk-project/cheetah/glibc-2.31/build/elf/rtld-libc.a(rtld-setitimer.os)
                                         0x30 (size before relaxing)

.gcc_except_table
 *(.gcc_except_table)

.gnu_extab
 *(.gnu_extab*)

.exception_ranges
 *(.exception_ranges)

.eh_frame
 *(.eh_frame)

.gnu_extab
 *(.gnu_extab)

.gcc_except_table
 *(.gcc_except_table)

.exception_ranges
 *(.exception_ranges)

.tdata
 *(.tdata)

.tbss
 *(.tbss)

.jcr
 *(.jcr)

.dynamic
 *(.dynamic)

.got
 *(.got)

.got.plt
 *(.got.plt)

.data           0x0000000000000000      0xf98
 *(.data)
 .data          0x0000000000000000      0xf98 /home/ubuntu/opencilk-project/cheetah/glibc-2.31/build/elf/dl-allobjs.os
                0x0000000000000000                _rtld_global
                0x0000000000000000                _rtld_local
 .data          0x0000000000000f98        0x0 /home/ubuntu/opencilk-project/cheetah/glibc-2.31/build/elf/rtld-libc.a(rtld-check_fds.os)
 .data          0x0000000000000f98        0x0 /home/ubuntu/opencilk-project/cheetah/glibc-2.31/build/elf/rtld-libc.a(rtld-errno.os)
 .data          0x0000000000000f98        0x0 /home/ubuntu/opencilk-project/cheetah/glibc-2.31/build/elf/rtld-libc.a(rtld-closedir.os)
 .data          0x0000000000000f98        0x0 /home/ubuntu/opencilk-project/cheetah/glibc-2.31/build/elf/rtld-libc.a(rtld-rewinddir.os)
 .data          0x0000000000000f98        0x0 /home/ubuntu/opencilk-project/cheetah/glibc-2.31/build/elf/rtld-libc.a(rtld-readdir64.os)
 .data          0x0000000000000f98        0x0 /home/ubuntu/opencilk-project/cheetah/glibc-2.31/build/elf/rtld-libc.a(rtld-fdopendir.os)
 .data          0x0000000000000f98        0x0 /home/ubuntu/opencilk-project/cheetah/glibc-2.31/build/elf/rtld-libc.a(rtld-getdents64.os)
 .data          0x0000000000000f98        0x0 /home/ubuntu/opencilk-project/cheetah/glibc-2.31/build/elf/rtld-libc.a(rtld-dl-addr-obj.os)
 .data          0x0000000000000f98        0x0 /home/ubuntu/opencilk-project/cheetah/glibc-2.31/build/elf/rtld-libc.a(rtld-profil.os)
 .data          0x0000000000000f98        0x0 /home/ubuntu/opencilk-project/cheetah/glibc-2.31/build/elf/rtld-libc.a(rtld-prof-freq.os)
 .data          0x0000000000000f98        0x0 /home/ubuntu/opencilk-project/cheetah/glibc-2.31/build/elf/rtld-libc.a(rtld-xstat.os)
 .data          0x0000000000000f98        0x0 /home/ubuntu/opencilk-project/cheetah/glibc-2.31/build/elf/rtld-libc.a(rtld-fxstat.os)
 .data          0x0000000000000f98        0x0 /home/ubuntu/opencilk-project/cheetah/glibc-2.31/build/elf/rtld-libc.a(rtld-lxstat.os)
 .data          0x0000000000000f98        0x0 /home/ubuntu/opencilk-project/cheetah/glibc-2.31/build/elf/rtld-libc.a(rtld-lseek64.os)
 .data          0x0000000000000f98        0x0 /home/ubuntu/opencilk-project/cheetah/glibc-2.31/build/elf/rtld-libc.a(rtld-access.os)
 .data          0x0000000000000f98        0x0 /home/ubuntu/opencilk-project/cheetah/glibc-2.31/build/elf/rtld-libc.a(rtld-close_nocancel.os)
 .data          0x0000000000000f98        0x0 /home/ubuntu/opencilk-project/cheetah/glibc-2.31/build/elf/rtld-libc.a(rtld-fcntl_nocancel.os)
 .data          0x0000000000000f98        0x0 /home/ubuntu/opencilk-project/cheetah/glibc-2.31/build/elf/rtld-libc.a(rtld-open64_nocancel.os)
 .data          0x0000000000000f98        0x0 /home/ubuntu/opencilk-project/cheetah/glibc-2.31/build/elf/rtld-libc.a(rtld-openat64_nocancel.os)
 .data          0x0000000000000f98        0x0 /home/ubuntu/opencilk-project/cheetah/glibc-2.31/build/elf/rtld-libc.a(rtld-read_nocancel.os)
 .data          0x0000000000000f98        0x0 /home/ubuntu/opencilk-project/cheetah/glibc-2.31/build/elf/rtld-libc.a(rtld-pread64_nocancel.os)
 .data          0x0000000000000f98        0x0 /home/ubuntu/opencilk-project/cheetah/glibc-2.31/build/elf/rtld-libc.a(rtld-write_nocancel.os)
 .data          0x0000000000000f98        0x0 /home/ubuntu/opencilk-project/cheetah/glibc-2.31/build/elf/rtld-libc.a(rtld-scratch_buffer_set_array_size.os)
 .data          0x0000000000000f98        0x0 /home/ubuntu/opencilk-project/cheetah/glibc-2.31/build/elf/rtld-libc.a(rtld-mmap64.os)
 .data          0x0000000000000f98        0x0 /home/ubuntu/opencilk-project/cheetah/glibc-2.31/build/elf/rtld-libc.a(rtld-munmap.os)
 .data          0x0000000000000f98        0x0 /home/ubuntu/opencilk-project/cheetah/glibc-2.31/build/elf/rtld-libc.a(rtld-mprotect.os)
 .data          0x0000000000000f98        0x0 /home/ubuntu/opencilk-project/cheetah/glibc-2.31/build/elf/rtld-libc.a(rtld-uname.os)
 .data          0x0000000000000f98        0x0 /home/ubuntu/opencilk-project/cheetah/glibc-2.31/build/elf/rtld-libc.a(rtld-_exit.os)
 .data          0x0000000000000f98        0x0 /home/ubuntu/opencilk-project/cheetah/glibc-2.31/build/elf/rtld-libc.a(rtld-getpid.os)
 .data          0x0000000000000f98        0x0 /home/ubuntu/opencilk-project/cheetah/glibc-2.31/build/elf/rtld-libc.a(rtld-environ.os)
 .data          0x0000000000000f98        0x0 /home/ubuntu/opencilk-project/cheetah/glibc-2.31/build/elf/rtld-libc.a(rtld-setjmp.os)
 .data          0x0000000000000f98        0x0 /home/ubuntu/opencilk-project/cheetah/glibc-2.31/build/elf/rtld-libc.a(rtld-__longjmp.os)
 .data          0x0000000000000f98        0x0 /home/ubuntu/opencilk-project/cheetah/glibc-2.31/build/elf/rtld-libc.a(rtld-sigaction.os)
 .data          0x0000000000000f98        0x0 /home/ubuntu/opencilk-project/cheetah/glibc-2.31/build/elf/rtld-libc.a(rtld-strdup.os)
 .data          0x0000000000000f98        0x0 /home/ubuntu/opencilk-project/cheetah/glibc-2.31/build/elf/rtld-libc.a(rtld-strcmp-sse2.os)
 .data          0x0000000000000f98        0x0 /home/ubuntu/opencilk-project/cheetah/glibc-2.31/build/elf/rtld-libc.a(rtld-strncmp-sse2.os)
 .data          0x0000000000000f98        0x0 /home/ubuntu/opencilk-project/cheetah/glibc-2.31/build/elf/rtld-libc.a(rtld-memchr-sse2.os)
 .data          0x0000000000000f98        0x0 /home/ubuntu/opencilk-project/cheetah/glibc-2.31/build/elf/rtld-libc.a(rtld-rawmemchr-sse2.os)
 .data          0x0000000000000f98        0x0 /home/ubuntu/opencilk-project/cheetah/glibc-2.31/build/elf/rtld-libc.a(rtld-memcmp-sse2.os)
 .data          0x0000000000000f98        0x0 /home/ubuntu/opencilk-project/cheetah/glibc-2.31/build/elf/rtld-libc.a(rtld-strchr-sse2.os)
 .data          0x0000000000000f98        0x0 /home/ubuntu/opencilk-project/cheetah/glibc-2.31/build/elf/rtld-libc.a(rtld-strlen-sse2.os)
 .data          0x0000000000000f98        0x0 /home/ubuntu/opencilk-project/cheetah/glibc-2.31/build/elf/rtld-libc.a(rtld-strnlen-sse2.os)
 .data          0x0000000000000f98        0x0 /home/ubuntu/opencilk-project/cheetah/glibc-2.31/build/elf/rtld-libc.a(rtld-stpcpy-sse2.os)
 .data          0x0000000000000f98        0x0 /home/ubuntu/opencilk-project/cheetah/glibc-2.31/build/elf/rtld-libc.a(rtld-strcspn-sse2.os)
 .data          0x0000000000000f98        0x0 /home/ubuntu/opencilk-project/cheetah/glibc-2.31/build/elf/rtld-libc.a(rtld-memmove-sse2-unaligned-erms.os)
 .data          0x0000000000000f98        0x0 /home/ubuntu/opencilk-project/cheetah/glibc-2.31/build/elf/rtld-libc.a(rtld-memset-sse2-unaligned-erms.os)
 .data          0x0000000000000f98        0x0 /home/ubuntu/opencilk-project/cheetah/glibc-2.31/build/elf/rtld-libc.a(rtld-setitimer.os)

.data.rel.ro    0x0000000000000000      0x944
 .data.rel.ro   0x0000000000000000      0x944 /home/ubuntu/opencilk-project/cheetah/glibc-2.31/build/elf/dl-allobjs.os
                0x00000000000000d0                __pointer_chk_guard_local
                0x00000000000000d8                _dl_skip_args
                0x00000000000000e0                __GI__dl_argv
                0x00000000000000e0                _dl_argv
                0x00000000000000e8                _dl_argc
                0x0000000000000100                _rtld_global_ro
                0x0000000000000100                _rtld_local_ro
                0x0000000000000360                __stack_prot
                0x0000000000000930                _dl_random
                0x0000000000000938                __libc_stack_end
                0x0000000000000938                __GI___libc_stack_end
                0x0000000000000940                __GI___libc_enable_secure
                0x0000000000000940                __libc_enable_secure

.data1
 *(.data1)

.bss            0x0000000000000000      0x140
 *(.bss)
 .bss           0x0000000000000000      0x118 /home/ubuntu/opencilk-project/cheetah/glibc-2.31/build/elf/dl-allobjs.os
                0x00000000000000e0                __libc_multiple_libcs
                0x0000000000000110                __curbrk
 .bss           0x0000000000000118        0x0 /home/ubuntu/opencilk-project/cheetah/glibc-2.31/build/elf/rtld-libc.a(rtld-check_fds.os)
 .bss           0x0000000000000118        0x0 /home/ubuntu/opencilk-project/cheetah/glibc-2.31/build/elf/rtld-libc.a(rtld-errno.os)
 .bss           0x0000000000000118        0x0 /home/ubuntu/opencilk-project/cheetah/glibc-2.31/build/elf/rtld-libc.a(rtld-closedir.os)
 .bss           0x0000000000000118        0x0 /home/ubuntu/opencilk-project/cheetah/glibc-2.31/build/elf/rtld-libc.a(rtld-rewinddir.os)
 .bss           0x0000000000000118        0x0 /home/ubuntu/opencilk-project/cheetah/glibc-2.31/build/elf/rtld-libc.a(rtld-readdir64.os)
 .bss           0x0000000000000118        0x0 /home/ubuntu/opencilk-project/cheetah/glibc-2.31/build/elf/rtld-libc.a(rtld-fdopendir.os)
 .bss           0x0000000000000118        0x0 /home/ubuntu/opencilk-project/cheetah/glibc-2.31/build/elf/rtld-libc.a(rtld-getdents64.os)
 .bss           0x0000000000000118        0x0 /home/ubuntu/opencilk-project/cheetah/glibc-2.31/build/elf/rtld-libc.a(rtld-dl-addr-obj.os)
 .bss           0x0000000000000118       0x20 /home/ubuntu/opencilk-project/cheetah/glibc-2.31/build/elf/rtld-libc.a(rtld-profil.os)
 .bss           0x0000000000000138        0x0 /home/ubuntu/opencilk-project/cheetah/glibc-2.31/build/elf/rtld-libc.a(rtld-prof-freq.os)
 .bss           0x0000000000000138        0x0 /home/ubuntu/opencilk-project/cheetah/glibc-2.31/build/elf/rtld-libc.a(rtld-xstat.os)
 .bss           0x0000000000000138        0x0 /home/ubuntu/opencilk-project/cheetah/glibc-2.31/build/elf/rtld-libc.a(rtld-fxstat.os)
 .bss           0x0000000000000138        0x0 /home/ubuntu/opencilk-project/cheetah/glibc-2.31/build/elf/rtld-libc.a(rtld-lxstat.os)
 .bss           0x0000000000000138        0x0 /home/ubuntu/opencilk-project/cheetah/glibc-2.31/build/elf/rtld-libc.a(rtld-lseek64.os)
 .bss           0x0000000000000138        0x0 /home/ubuntu/opencilk-project/cheetah/glibc-2.31/build/elf/rtld-libc.a(rtld-access.os)
 .bss           0x0000000000000138        0x0 /home/ubuntu/opencilk-project/cheetah/glibc-2.31/build/elf/rtld-libc.a(rtld-close_nocancel.os)
 .bss           0x0000000000000138        0x0 /home/ubuntu/opencilk-project/cheetah/glibc-2.31/build/elf/rtld-libc.a(rtld-fcntl_nocancel.os)
 .bss           0x0000000000000138        0x0 /home/ubuntu/opencilk-project/cheetah/glibc-2.31/build/elf/rtld-libc.a(rtld-open64_nocancel.os)
 .bss           0x0000000000000138        0x0 /home/ubuntu/opencilk-project/cheetah/glibc-2.31/build/elf/rtld-libc.a(rtld-openat64_nocancel.os)
 .bss           0x0000000000000138        0x0 /home/ubuntu/opencilk-project/cheetah/glibc-2.31/build/elf/rtld-libc.a(rtld-read_nocancel.os)
 .bss           0x0000000000000138        0x0 /home/ubuntu/opencilk-project/cheetah/glibc-2.31/build/elf/rtld-libc.a(rtld-pread64_nocancel.os)
 .bss           0x0000000000000138        0x0 /home/ubuntu/opencilk-project/cheetah/glibc-2.31/build/elf/rtld-libc.a(rtld-write_nocancel.os)
 .bss           0x0000000000000138        0x0 /home/ubuntu/opencilk-project/cheetah/glibc-2.31/build/elf/rtld-libc.a(rtld-scratch_buffer_set_array_size.os)
 .bss           0x0000000000000138        0x0 /home/ubuntu/opencilk-project/cheetah/glibc-2.31/build/elf/rtld-libc.a(rtld-mmap64.os)
 .bss           0x0000000000000138        0x0 /home/ubuntu/opencilk-project/cheetah/glibc-2.31/build/elf/rtld-libc.a(rtld-munmap.os)
 .bss           0x0000000000000138        0x0 /home/ubuntu/opencilk-project/cheetah/glibc-2.31/build/elf/rtld-libc.a(rtld-mprotect.os)
 .bss           0x0000000000000138        0x0 /home/ubuntu/opencilk-project/cheetah/glibc-2.31/build/elf/rtld-libc.a(rtld-uname.os)
 .bss           0x0000000000000138        0x0 /home/ubuntu/opencilk-project/cheetah/glibc-2.31/build/elf/rtld-libc.a(rtld-_exit.os)
 .bss           0x0000000000000138        0x0 /home/ubuntu/opencilk-project/cheetah/glibc-2.31/build/elf/rtld-libc.a(rtld-getpid.os)
 .bss           0x0000000000000138        0x8 /home/ubuntu/opencilk-project/cheetah/glibc-2.31/build/elf/rtld-libc.a(rtld-environ.os)
                0x0000000000000138                _environ
                0x0000000000000138                __environ
                0x0000000000000138                environ
 .bss           0x0000000000000140        0x0 /home/ubuntu/opencilk-project/cheetah/glibc-2.31/build/elf/rtld-libc.a(rtld-setjmp.os)
 .bss           0x0000000000000140        0x0 /home/ubuntu/opencilk-project/cheetah/glibc-2.31/build/elf/rtld-libc.a(rtld-__longjmp.os)
 .bss           0x0000000000000140        0x0 /home/ubuntu/opencilk-project/cheetah/glibc-2.31/build/elf/rtld-libc.a(rtld-sigaction.os)
 .bss           0x0000000000000140        0x0 /home/ubuntu/opencilk-project/cheetah/glibc-2.31/build/elf/rtld-libc.a(rtld-strdup.os)
 .bss           0x0000000000000140        0x0 /home/ubuntu/opencilk-project/cheetah/glibc-2.31/build/elf/rtld-libc.a(rtld-strcmp-sse2.os)
 .bss           0x0000000000000140        0x0 /home/ubuntu/opencilk-project/cheetah/glibc-2.31/build/elf/rtld-libc.a(rtld-strncmp-sse2.os)
 .bss           0x0000000000000140        0x0 /home/ubuntu/opencilk-project/cheetah/glibc-2.31/build/elf/rtld-libc.a(rtld-memchr-sse2.os)
 .bss           0x0000000000000140        0x0 /home/ubuntu/opencilk-project/cheetah/glibc-2.31/build/elf/rtld-libc.a(rtld-rawmemchr-sse2.os)
 .bss           0x0000000000000140        0x0 /home/ubuntu/opencilk-project/cheetah/glibc-2.31/build/elf/rtld-libc.a(rtld-memcmp-sse2.os)
 .bss           0x0000000000000140        0x0 /home/ubuntu/opencilk-project/cheetah/glibc-2.31/build/elf/rtld-libc.a(rtld-strchr-sse2.os)
 .bss           0x0000000000000140        0x0 /home/ubuntu/opencilk-project/cheetah/glibc-2.31/build/elf/rtld-libc.a(rtld-strlen-sse2.os)
 .bss           0x0000000000000140        0x0 /home/ubuntu/opencilk-project/cheetah/glibc-2.31/build/elf/rtld-libc.a(rtld-strnlen-sse2.os)
 .bss           0x0000000000000140        0x0 /home/ubuntu/opencilk-project/cheetah/glibc-2.31/build/elf/rtld-libc.a(rtld-stpcpy-sse2.os)
 .bss           0x0000000000000140        0x0 /home/ubuntu/opencilk-project/cheetah/glibc-2.31/build/elf/rtld-libc.a(rtld-strcspn-sse2.os)
 .bss           0x0000000000000140        0x0 /home/ubuntu/opencilk-project/cheetah/glibc-2.31/build/elf/rtld-libc.a(rtld-memmove-sse2-unaligned-erms.os)
 .bss           0x0000000000000140        0x0 /home/ubuntu/opencilk-project/cheetah/glibc-2.31/build/elf/rtld-libc.a(rtld-memset-sse2-unaligned-erms.os)
 .bss           0x0000000000000140        0x0 /home/ubuntu/opencilk-project/cheetah/glibc-2.31/build/elf/rtld-libc.a(rtld-setitimer.os)

.lbss
 *(.lbss)

.lrodata
 *(.lrodata)

.ldata
 *(.ldata)

.stab
 *(.stab)

.stabstr
 *(.stabstr)

.stab.excl
 *(.stab.excl)

.stab.exclstr
 *(.stab.exclstr)

.stab.index
 *(.stab.index)

.stab.indexstr
 *(.stab.indexstr)

.comment        0x0000000000000000      0xb16
 *(.comment)
 .comment       0x0000000000000000      0x662 /home/ubuntu/opencilk-project/cheetah/glibc-2.31/build/elf/dl-allobjs.os
 .comment       0x0000000000000662       0x2b /home/ubuntu/opencilk-project/cheetah/glibc-2.31/build/elf/rtld-libc.a(rtld-check_fds.os)
 .comment       0x000000000000068d       0x2b /home/ubuntu/opencilk-project/cheetah/glibc-2.31/build/elf/rtld-libc.a(rtld-errno.os)
 .comment       0x00000000000006b8       0x2b /home/ubuntu/opencilk-project/cheetah/glibc-2.31/build/elf/rtld-libc.a(rtld-closedir.os)
 .comment       0x00000000000006e3       0x2b /home/ubuntu/opencilk-project/cheetah/glibc-2.31/build/elf/rtld-libc.a(rtld-rewinddir.os)
 .comment       0x000000000000070e       0x2b /home/ubuntu/opencilk-project/cheetah/glibc-2.31/build/elf/rtld-libc.a(rtld-readdir64.os)
 .comment       0x0000000000000739       0x2b /home/ubuntu/opencilk-project/cheetah/glibc-2.31/build/elf/rtld-libc.a(rtld-fdopendir.os)
 .comment       0x0000000000000764       0x2b /home/ubuntu/opencilk-project/cheetah/glibc-2.31/build/elf/rtld-libc.a(rtld-getdents64.os)
 .comment       0x000000000000078f       0x2b /home/ubuntu/opencilk-project/cheetah/glibc-2.31/build/elf/rtld-libc.a(rtld-dl-addr-obj.os)
 .comment       0x00000000000007ba       0x2b /home/ubuntu/opencilk-project/cheetah/glibc-2.31/build/elf/rtld-libc.a(rtld-profil.os)
 .comment       0x00000000000007e5       0x2b /home/ubuntu/opencilk-project/cheetah/glibc-2.31/build/elf/rtld-libc.a(rtld-prof-freq.os)
 .comment       0x0000000000000810       0x2b /home/ubuntu/opencilk-project/cheetah/glibc-2.31/build/elf/rtld-libc.a(rtld-xstat.os)
 .comment       0x000000000000083b       0x2b /home/ubuntu/opencilk-project/cheetah/glibc-2.31/build/elf/rtld-libc.a(rtld-fxstat.os)
 .comment       0x0000000000000866       0x2b /home/ubuntu/opencilk-project/cheetah/glibc-2.31/build/elf/rtld-libc.a(rtld-lxstat.os)
 .comment       0x0000000000000891       0x2b /home/ubuntu/opencilk-project/cheetah/glibc-2.31/build/elf/rtld-libc.a(rtld-lseek64.os)
 .comment       0x00000000000008bc       0x2b /home/ubuntu/opencilk-project/cheetah/glibc-2.31/build/elf/rtld-libc.a(rtld-access.os)
 .comment       0x00000000000008e7       0x2b /home/ubuntu/opencilk-project/cheetah/glibc-2.31/build/elf/rtld-libc.a(rtld-close_nocancel.os)
 .comment       0x0000000000000912       0x2b /home/ubuntu/opencilk-project/cheetah/glibc-2.31/build/elf/rtld-libc.a(rtld-fcntl_nocancel.os)
 .comment       0x000000000000093d       0x2b /home/ubuntu/opencilk-project/cheetah/glibc-2.31/build/elf/rtld-libc.a(rtld-open64_nocancel.os)
 .comment       0x0000000000000968       0x2b /home/ubuntu/opencilk-project/cheetah/glibc-2.31/build/elf/rtld-libc.a(rtld-openat64_nocancel.os)
 .comment       0x0000000000000993       0x2b /home/ubuntu/opencilk-project/cheetah/glibc-2.31/build/elf/rtld-libc.a(rtld-read_nocancel.os)
 .comment       0x00000000000009be       0x2b /home/ubuntu/opencilk-project/cheetah/glibc-2.31/build/elf/rtld-libc.a(rtld-pread64_nocancel.os)
 .comment       0x00000000000009e9       0x2b /home/ubuntu/opencilk-project/cheetah/glibc-2.31/build/elf/rtld-libc.a(rtld-write_nocancel.os)
 .comment       0x0000000000000a14       0x2b /home/ubuntu/opencilk-project/cheetah/glibc-2.31/build/elf/rtld-libc.a(rtld-scratch_buffer_set_array_size.os)
 .comment       0x0000000000000a3f       0x2b /home/ubuntu/opencilk-project/cheetah/glibc-2.31/build/elf/rtld-libc.a(rtld-mmap64.os)
 .comment       0x0000000000000a6a       0x2b /home/ubuntu/opencilk-project/cheetah/glibc-2.31/build/elf/rtld-libc.a(rtld-_exit.os)
 .comment       0x0000000000000a95       0x2b /home/ubuntu/opencilk-project/cheetah/glibc-2.31/build/elf/rtld-libc.a(rtld-environ.os)
 .comment       0x0000000000000ac0       0x2b /home/ubuntu/opencilk-project/cheetah/glibc-2.31/build/elf/rtld-libc.a(rtld-sigaction.os)
 .comment       0x0000000000000aeb       0x2b /home/ubuntu/opencilk-project/cheetah/glibc-2.31/build/elf/rtld-libc.a(rtld-strdup.os)

.note.GNU-stack
                0x0000000000000000        0x0
 .note.GNU-stack
                0x0000000000000000        0x0 /home/ubuntu/opencilk-project/cheetah/glibc-2.31/build/elf/dl-allobjs.os
 .note.GNU-stack
                0x0000000000000000        0x0 /home/ubuntu/opencilk-project/cheetah/glibc-2.31/build/elf/rtld-libc.a(rtld-check_fds.os)
 .note.GNU-stack
                0x0000000000000000        0x0 /home/ubuntu/opencilk-project/cheetah/glibc-2.31/build/elf/rtld-libc.a(rtld-errno.os)
 .note.GNU-stack
                0x0000000000000000        0x0 /home/ubuntu/opencilk-project/cheetah/glibc-2.31/build/elf/rtld-libc.a(rtld-closedir.os)
 .note.GNU-stack
                0x0000000000000000        0x0 /home/ubuntu/opencilk-project/cheetah/glibc-2.31/build/elf/rtld-libc.a(rtld-rewinddir.os)
 .note.GNU-stack
                0x0000000000000000        0x0 /home/ubuntu/opencilk-project/cheetah/glibc-2.31/build/elf/rtld-libc.a(rtld-readdir64.os)
 .note.GNU-stack
                0x0000000000000000        0x0 /home/ubuntu/opencilk-project/cheetah/glibc-2.31/build/elf/rtld-libc.a(rtld-fdopendir.os)
 .note.GNU-stack
                0x0000000000000000        0x0 /home/ubuntu/opencilk-project/cheetah/glibc-2.31/build/elf/rtld-libc.a(rtld-getdents64.os)
 .note.GNU-stack
                0x0000000000000000        0x0 /home/ubuntu/opencilk-project/cheetah/glibc-2.31/build/elf/rtld-libc.a(rtld-dl-addr-obj.os)
 .note.GNU-stack
                0x0000000000000000        0x0 /home/ubuntu/opencilk-project/cheetah/glibc-2.31/build/elf/rtld-libc.a(rtld-profil.os)
 .note.GNU-stack
                0x0000000000000000        0x0 /home/ubuntu/opencilk-project/cheetah/glibc-2.31/build/elf/rtld-libc.a(rtld-prof-freq.os)
 .note.GNU-stack
                0x0000000000000000        0x0 /home/ubuntu/opencilk-project/cheetah/glibc-2.31/build/elf/rtld-libc.a(rtld-xstat.os)
 .note.GNU-stack
                0x0000000000000000        0x0 /home/ubuntu/opencilk-project/cheetah/glibc-2.31/build/elf/rtld-libc.a(rtld-fxstat.os)
 .note.GNU-stack
                0x0000000000000000        0x0 /home/ubuntu/opencilk-project/cheetah/glibc-2.31/build/elf/rtld-libc.a(rtld-lxstat.os)
 .note.GNU-stack
                0x0000000000000000        0x0 /home/ubuntu/opencilk-project/cheetah/glibc-2.31/build/elf/rtld-libc.a(rtld-lseek64.os)
 .note.GNU-stack
                0x0000000000000000        0x0 /home/ubuntu/opencilk-project/cheetah/glibc-2.31/build/elf/rtld-libc.a(rtld-access.os)
 .note.GNU-stack
                0x0000000000000000        0x0 /home/ubuntu/opencilk-project/cheetah/glibc-2.31/build/elf/rtld-libc.a(rtld-close_nocancel.os)
 .note.GNU-stack
                0x0000000000000000        0x0 /home/ubuntu/opencilk-project/cheetah/glibc-2.31/build/elf/rtld-libc.a(rtld-fcntl_nocancel.os)
 .note.GNU-stack
                0x0000000000000000        0x0 /home/ubuntu/opencilk-project/cheetah/glibc-2.31/build/elf/rtld-libc.a(rtld-open64_nocancel.os)
 .note.GNU-stack
                0x0000000000000000        0x0 /home/ubuntu/opencilk-project/cheetah/glibc-2.31/build/elf/rtld-libc.a(rtld-openat64_nocancel.os)
 .note.GNU-stack
                0x0000000000000000        0x0 /home/ubuntu/opencilk-project/cheetah/glibc-2.31/build/elf/rtld-libc.a(rtld-read_nocancel.os)
 .note.GNU-stack
                0x0000000000000000        0x0 /home/ubuntu/opencilk-project/cheetah/glibc-2.31/build/elf/rtld-libc.a(rtld-pread64_nocancel.os)
 .note.GNU-stack
                0x0000000000000000        0x0 /home/ubuntu/opencilk-project/cheetah/glibc-2.31/build/elf/rtld-libc.a(rtld-write_nocancel.os)
 .note.GNU-stack
                0x0000000000000000        0x0 /home/ubuntu/opencilk-project/cheetah/glibc-2.31/build/elf/rtld-libc.a(rtld-scratch_buffer_set_array_size.os)
 .note.GNU-stack
                0x0000000000000000        0x0 /home/ubuntu/opencilk-project/cheetah/glibc-2.31/build/elf/rtld-libc.a(rtld-mmap64.os)
 .note.GNU-stack
                0x0000000000000000        0x0 /home/ubuntu/opencilk-project/cheetah/glibc-2.31/build/elf/rtld-libc.a(rtld-munmap.os)
 .note.GNU-stack
                0x0000000000000000        0x0 /home/ubuntu/opencilk-project/cheetah/glibc-2.31/build/elf/rtld-libc.a(rtld-mprotect.os)
 .note.GNU-stack
                0x0000000000000000        0x0 /home/ubuntu/opencilk-project/cheetah/glibc-2.31/build/elf/rtld-libc.a(rtld-uname.os)
 .note.GNU-stack
                0x0000000000000000        0x0 /home/ubuntu/opencilk-project/cheetah/glibc-2.31/build/elf/rtld-libc.a(rtld-_exit.os)
 .note.GNU-stack
                0x0000000000000000        0x0 /home/ubuntu/opencilk-project/cheetah/glibc-2.31/build/elf/rtld-libc.a(rtld-getpid.os)
 .note.GNU-stack
                0x0000000000000000        0x0 /home/ubuntu/opencilk-project/cheetah/glibc-2.31/build/elf/rtld-libc.a(rtld-environ.os)
 .note.GNU-stack
                0x0000000000000000        0x0 /home/ubuntu/opencilk-project/cheetah/glibc-2.31/build/elf/rtld-libc.a(rtld-setjmp.os)
 .note.GNU-stack
                0x0000000000000000        0x0 /home/ubuntu/opencilk-project/cheetah/glibc-2.31/build/elf/rtld-libc.a(rtld-__longjmp.os)
 .note.GNU-stack
                0x0000000000000000        0x0 /home/ubuntu/opencilk-project/cheetah/glibc-2.31/build/elf/rtld-libc.a(rtld-sigaction.os)
 .note.GNU-stack
                0x0000000000000000        0x0 /home/ubuntu/opencilk-project/cheetah/glibc-2.31/build/elf/rtld-libc.a(rtld-strdup.os)
 .note.GNU-stack
                0x0000000000000000        0x0 /home/ubuntu/opencilk-project/cheetah/glibc-2.31/build/elf/rtld-libc.a(rtld-strcmp-sse2.os)
 .note.GNU-stack
                0x0000000000000000        0x0 /home/ubuntu/opencilk-project/cheetah/glibc-2.31/build/elf/rtld-libc.a(rtld-strncmp-sse2.os)
 .note.GNU-stack
                0x0000000000000000        0x0 /home/ubuntu/opencilk-project/cheetah/glibc-2.31/build/elf/rtld-libc.a(rtld-memchr-sse2.os)
 .note.GNU-stack
                0x0000000000000000        0x0 /home/ubuntu/opencilk-project/cheetah/glibc-2.31/build/elf/rtld-libc.a(rtld-rawmemchr-sse2.os)
 .note.GNU-stack
                0x0000000000000000        0x0 /home/ubuntu/opencilk-project/cheetah/glibc-2.31/build/elf/rtld-libc.a(rtld-memcmp-sse2.os)
 .note.GNU-stack
                0x0000000000000000        0x0 /home/ubuntu/opencilk-project/cheetah/glibc-2.31/build/elf/rtld-libc.a(rtld-strchr-sse2.os)
 .note.GNU-stack
                0x0000000000000000        0x0 /home/ubuntu/opencilk-project/cheetah/glibc-2.31/build/elf/rtld-libc.a(rtld-strlen-sse2.os)
 .note.GNU-stack
                0x0000000000000000        0x0 /home/ubuntu/opencilk-project/cheetah/glibc-2.31/build/elf/rtld-libc.a(rtld-strnlen-sse2.os)
 .note.GNU-stack
                0x0000000000000000        0x0 /home/ubuntu/opencilk-project/cheetah/glibc-2.31/build/elf/rtld-libc.a(rtld-stpcpy-sse2.os)
 .note.GNU-stack
                0x0000000000000000        0x0 /home/ubuntu/opencilk-project/cheetah/glibc-2.31/build/elf/rtld-libc.a(rtld-strcspn-sse2.os)
 .note.GNU-stack
                0x0000000000000000        0x0 /home/ubuntu/opencilk-project/cheetah/glibc-2.31/build/elf/rtld-libc.a(rtld-memmove-sse2-unaligned-erms.os)
 .note.GNU-stack
                0x0000000000000000        0x0 /home/ubuntu/opencilk-project/cheetah/glibc-2.31/build/elf/rtld-libc.a(rtld-memset-sse2-unaligned-erms.os)
 .note.GNU-stack
                0x0000000000000000        0x0 /home/ubuntu/opencilk-project/cheetah/glibc-2.31/build/elf/rtld-libc.a(rtld-setitimer.os)

.gnu.build.attributes
 *(.gnu.build.attributes)

.debug
 *(.debug)

.line
 *(.line)

.debug_srcinfo
 *(.debug_srcinfo)

.debug_sfnames
 *(.debug_sfnames)

.debug_aranges  0x0000000000000000     0x1060
 *(.debug_aranges)
 .debug_aranges
                0x0000000000000000      0x7b0 /home/ubuntu/opencilk-project/cheetah/glibc-2.31/build/elf/dl-allobjs.os
 .debug_aranges
                0x00000000000007b0       0x30 /home/ubuntu/opencilk-project/cheetah/glibc-2.31/build/elf/rtld-libc.a(rtld-check_fds.os)
 .debug_aranges
                0x00000000000007e0       0x20 /home/ubuntu/opencilk-project/cheetah/glibc-2.31/build/elf/rtld-libc.a(rtld-errno.os)
 .debug_aranges
                0x0000000000000800       0x30 /home/ubuntu/opencilk-project/cheetah/glibc-2.31/build/elf/rtld-libc.a(rtld-closedir.os)
 .debug_aranges
                0x0000000000000830       0x30 /home/ubuntu/opencilk-project/cheetah/glibc-2.31/build/elf/rtld-libc.a(rtld-rewinddir.os)
 .debug_aranges
                0x0000000000000860       0x30 /home/ubuntu/opencilk-project/cheetah/glibc-2.31/build/elf/rtld-libc.a(rtld-readdir64.os)
 .debug_aranges
                0x0000000000000890       0x30 /home/ubuntu/opencilk-project/cheetah/glibc-2.31/build/elf/rtld-libc.a(rtld-fdopendir.os)
 .debug_aranges
                0x00000000000008c0       0x30 /home/ubuntu/opencilk-project/cheetah/glibc-2.31/build/elf/rtld-libc.a(rtld-getdents64.os)
 .debug_aranges
                0x00000000000008f0       0x30 /home/ubuntu/opencilk-project/cheetah/glibc-2.31/build/elf/rtld-libc.a(rtld-dl-addr-obj.os)
 .debug_aranges
                0x0000000000000920       0x30 /home/ubuntu/opencilk-project/cheetah/glibc-2.31/build/elf/rtld-libc.a(rtld-profil.os)
 .debug_aranges
                0x0000000000000950       0x30 /home/ubuntu/opencilk-project/cheetah/glibc-2.31/build/elf/rtld-libc.a(rtld-prof-freq.os)
 .debug_aranges
                0x0000000000000980       0x30 /home/ubuntu/opencilk-project/cheetah/glibc-2.31/build/elf/rtld-libc.a(rtld-xstat.os)
 .debug_aranges
                0x00000000000009b0       0x30 /home/ubuntu/opencilk-project/cheetah/glibc-2.31/build/elf/rtld-libc.a(rtld-fxstat.os)
 .debug_aranges
                0x00000000000009e0       0x30 /home/ubuntu/opencilk-project/cheetah/glibc-2.31/build/elf/rtld-libc.a(rtld-lxstat.os)
 .debug_aranges
                0x0000000000000a10       0x30 /home/ubuntu/opencilk-project/cheetah/glibc-2.31/build/elf/rtld-libc.a(rtld-lseek64.os)
 .debug_aranges
                0x0000000000000a40       0x30 /home/ubuntu/opencilk-project/cheetah/glibc-2.31/build/elf/rtld-libc.a(rtld-access.os)
 .debug_aranges
                0x0000000000000a70       0x30 /home/ubuntu/opencilk-project/cheetah/glibc-2.31/build/elf/rtld-libc.a(rtld-close_nocancel.os)
 .debug_aranges
                0x0000000000000aa0       0x30 /home/ubuntu/opencilk-project/cheetah/glibc-2.31/build/elf/rtld-libc.a(rtld-fcntl_nocancel.os)
 .debug_aranges
                0x0000000000000ad0       0x30 /home/ubuntu/opencilk-project/cheetah/glibc-2.31/build/elf/rtld-libc.a(rtld-open64_nocancel.os)
 .debug_aranges
                0x0000000000000b00       0x30 /home/ubuntu/opencilk-project/cheetah/glibc-2.31/build/elf/rtld-libc.a(rtld-openat64_nocancel.os)
 .debug_aranges
                0x0000000000000b30       0x30 /home/ubuntu/opencilk-project/cheetah/glibc-2.31/build/elf/rtld-libc.a(rtld-read_nocancel.os)
 .debug_aranges
                0x0000000000000b60       0x30 /home/ubuntu/opencilk-project/cheetah/glibc-2.31/build/elf/rtld-libc.a(rtld-pread64_nocancel.os)
 .debug_aranges
                0x0000000000000b90       0x30 /home/ubuntu/opencilk-project/cheetah/glibc-2.31/build/elf/rtld-libc.a(rtld-write_nocancel.os)
 .debug_aranges
                0x0000000000000bc0       0x30 /home/ubuntu/opencilk-project/cheetah/glibc-2.31/build/elf/rtld-libc.a(rtld-scratch_buffer_set_array_size.os)
 .debug_aranges
                0x0000000000000bf0       0x30 /home/ubuntu/opencilk-project/cheetah/glibc-2.31/build/elf/rtld-libc.a(rtld-mmap64.os)
 .debug_aranges
                0x0000000000000c20       0x30 /home/ubuntu/opencilk-project/cheetah/glibc-2.31/build/elf/rtld-libc.a(rtld-munmap.os)
 .debug_aranges
                0x0000000000000c50       0x30 /home/ubuntu/opencilk-project/cheetah/glibc-2.31/build/elf/rtld-libc.a(rtld-mprotect.os)
 .debug_aranges
                0x0000000000000c80       0x30 /home/ubuntu/opencilk-project/cheetah/glibc-2.31/build/elf/rtld-libc.a(rtld-uname.os)
 .debug_aranges
                0x0000000000000cb0       0x30 /home/ubuntu/opencilk-project/cheetah/glibc-2.31/build/elf/rtld-libc.a(rtld-_exit.os)
 .debug_aranges
                0x0000000000000ce0       0x30 /home/ubuntu/opencilk-project/cheetah/glibc-2.31/build/elf/rtld-libc.a(rtld-getpid.os)
 .debug_aranges
                0x0000000000000d10       0x20 /home/ubuntu/opencilk-project/cheetah/glibc-2.31/build/elf/rtld-libc.a(rtld-environ.os)
 .debug_aranges
                0x0000000000000d30       0x30 /home/ubuntu/opencilk-project/cheetah/glibc-2.31/build/elf/rtld-libc.a(rtld-setjmp.os)
 .debug_aranges
                0x0000000000000d60       0x30 /home/ubuntu/opencilk-project/cheetah/glibc-2.31/build/elf/rtld-libc.a(rtld-__longjmp.os)
 .debug_aranges
                0x0000000000000d90       0x30 /home/ubuntu/opencilk-project/cheetah/glibc-2.31/build/elf/rtld-libc.a(rtld-sigaction.os)
 .debug_aranges
                0x0000000000000dc0       0x30 /home/ubuntu/opencilk-project/cheetah/glibc-2.31/build/elf/rtld-libc.a(rtld-strdup.os)
 .debug_aranges
                0x0000000000000df0       0x30 /home/ubuntu/opencilk-project/cheetah/glibc-2.31/build/elf/rtld-libc.a(rtld-strcmp-sse2.os)
 .debug_aranges
                0x0000000000000e20       0x30 /home/ubuntu/opencilk-project/cheetah/glibc-2.31/build/elf/rtld-libc.a(rtld-strncmp-sse2.os)
 .debug_aranges
                0x0000000000000e50       0x30 /home/ubuntu/opencilk-project/cheetah/glibc-2.31/build/elf/rtld-libc.a(rtld-memchr-sse2.os)
 .debug_aranges
                0x0000000000000e80       0x30 /home/ubuntu/opencilk-project/cheetah/glibc-2.31/build/elf/rtld-libc.a(rtld-rawmemchr-sse2.os)
 .debug_aranges
                0x0000000000000eb0       0x30 /home/ubuntu/opencilk-project/cheetah/glibc-2.31/build/elf/rtld-libc.a(rtld-memcmp-sse2.os)
 .debug_aranges
                0x0000000000000ee0       0x30 /home/ubuntu/opencilk-project/cheetah/glibc-2.31/build/elf/rtld-libc.a(rtld-strchr-sse2.os)
 .debug_aranges
                0x0000000000000f10       0x30 /home/ubuntu/opencilk-project/cheetah/glibc-2.31/build/elf/rtld-libc.a(rtld-strlen-sse2.os)
 .debug_aranges
                0x0000000000000f40       0x30 /home/ubuntu/opencilk-project/cheetah/glibc-2.31/build/elf/rtld-libc.a(rtld-strnlen-sse2.os)
 .debug_aranges
                0x0000000000000f70       0x30 /home/ubuntu/opencilk-project/cheetah/glibc-2.31/build/elf/rtld-libc.a(rtld-stpcpy-sse2.os)
 .debug_aranges
                0x0000000000000fa0       0x30 /home/ubuntu/opencilk-project/cheetah/glibc-2.31/build/elf/rtld-libc.a(rtld-strcspn-sse2.os)
 .debug_aranges
                0x0000000000000fd0       0x30 /home/ubuntu/opencilk-project/cheetah/glibc-2.31/build/elf/rtld-libc.a(rtld-memmove-sse2-unaligned-erms.os)
 .debug_aranges
                0x0000000000001000       0x30 /home/ubuntu/opencilk-project/cheetah/glibc-2.31/build/elf/rtld-libc.a(rtld-memset-sse2-unaligned-erms.os)
 .debug_aranges
                0x0000000000001030       0x30 /home/ubuntu/opencilk-project/cheetah/glibc-2.31/build/elf/rtld-libc.a(rtld-setitimer.os)

.debug_pubnames
 *(.debug_pubnames)

.debug_info     0x0000000000000000    0xbff67
 *(.debug_info)
 .debug_info    0x0000000000000000    0xa1800 /home/ubuntu/opencilk-project/cheetah/glibc-2.31/build/elf/dl-allobjs.os
 .debug_info    0x00000000000a1800      0xb37 /home/ubuntu/opencilk-project/cheetah/glibc-2.31/build/elf/rtld-libc.a(rtld-check_fds.os)
 .debug_info    0x00000000000a2337      0x6cb /home/ubuntu/opencilk-project/cheetah/glibc-2.31/build/elf/rtld-libc.a(rtld-errno.os)
 .debug_info    0x00000000000a2a02     0x1e39 /home/ubuntu/opencilk-project/cheetah/glibc-2.31/build/elf/rtld-libc.a(rtld-closedir.os)
 .debug_info    0x00000000000a483b     0x1dfb /home/ubuntu/opencilk-project/cheetah/glibc-2.31/build/elf/rtld-libc.a(rtld-rewinddir.os)
 .debug_info    0x00000000000a6636     0x1ef0 /home/ubuntu/opencilk-project/cheetah/glibc-2.31/build/elf/rtld-libc.a(rtld-readdir64.os)
 .debug_info    0x00000000000a8526     0x1fce /home/ubuntu/opencilk-project/cheetah/glibc-2.31/build/elf/rtld-libc.a(rtld-fdopendir.os)
 .debug_info    0x00000000000aa4f4     0x1d86 /home/ubuntu/opencilk-project/cheetah/glibc-2.31/build/elf/rtld-libc.a(rtld-getdents64.os)
 .debug_info    0x00000000000ac27a     0x2984 /home/ubuntu/opencilk-project/cheetah/glibc-2.31/build/elf/rtld-libc.a(rtld-dl-addr-obj.os)
 .debug_info    0x00000000000aebfe      0xc19 /home/ubuntu/opencilk-project/cheetah/glibc-2.31/build/elf/rtld-libc.a(rtld-profil.os)
 .debug_info    0x00000000000af817     0x3c16 /home/ubuntu/opencilk-project/cheetah/glibc-2.31/build/elf/rtld-libc.a(rtld-prof-freq.os)
 .debug_info    0x00000000000b342d      0x93d /home/ubuntu/opencilk-project/cheetah/glibc-2.31/build/elf/rtld-libc.a(rtld-xstat.os)
 .debug_info    0x00000000000b3d6a      0x93c /home/ubuntu/opencilk-project/cheetah/glibc-2.31/build/elf/rtld-libc.a(rtld-fxstat.os)
 .debug_info    0x00000000000b46a6      0x93d /home/ubuntu/opencilk-project/cheetah/glibc-2.31/build/elf/rtld-libc.a(rtld-lxstat.os)
 .debug_info    0x00000000000b4fe3      0x83b /home/ubuntu/opencilk-project/cheetah/glibc-2.31/build/elf/rtld-libc.a(rtld-lseek64.os)
 .debug_info    0x00000000000b581e      0x800 /home/ubuntu/opencilk-project/cheetah/glibc-2.31/build/elf/rtld-libc.a(rtld-access.os)
 .debug_info    0x00000000000b601e      0x7d3 /home/ubuntu/opencilk-project/cheetah/glibc-2.31/build/elf/rtld-libc.a(rtld-close_nocancel.os)
 .debug_info    0x00000000000b67f1      0xb0e /home/ubuntu/opencilk-project/cheetah/glibc-2.31/build/elf/rtld-libc.a(rtld-fcntl_nocancel.os)
 .debug_info    0x00000000000b72ff      0x8ff /home/ubuntu/opencilk-project/cheetah/glibc-2.31/build/elf/rtld-libc.a(rtld-open64_nocancel.os)
 .debug_info    0x00000000000b7bfe      0x918 /home/ubuntu/opencilk-project/cheetah/glibc-2.31/build/elf/rtld-libc.a(rtld-openat64_nocancel.os)
 .debug_info    0x00000000000b8516      0x859 /home/ubuntu/opencilk-project/cheetah/glibc-2.31/build/elf/rtld-libc.a(rtld-read_nocancel.os)
 .debug_info    0x00000000000b8d6f      0x89b /home/ubuntu/opencilk-project/cheetah/glibc-2.31/build/elf/rtld-libc.a(rtld-pread64_nocancel.os)
 .debug_info    0x00000000000b960a      0x85e /home/ubuntu/opencilk-project/cheetah/glibc-2.31/build/elf/rtld-libc.a(rtld-write_nocancel.os)
 .debug_info    0x00000000000b9e68      0x3ef /home/ubuntu/opencilk-project/cheetah/glibc-2.31/build/elf/rtld-libc.a(rtld-scratch_buffer_set_array_size.os)
 .debug_info    0x00000000000ba257     0x4090 /home/ubuntu/opencilk-project/cheetah/glibc-2.31/build/elf/rtld-libc.a(rtld-mmap64.os)
 .debug_info    0x00000000000be2e7       0x2e /home/ubuntu/opencilk-project/cheetah/glibc-2.31/build/elf/rtld-libc.a(rtld-munmap.os)
 .debug_info    0x00000000000be315       0x2e /home/ubuntu/opencilk-project/cheetah/glibc-2.31/build/elf/rtld-libc.a(rtld-mprotect.os)
 .debug_info    0x00000000000be343       0x2e /home/ubuntu/opencilk-project/cheetah/glibc-2.31/build/elf/rtld-libc.a(rtld-uname.os)
 .debug_info    0x00000000000be371      0x818 /home/ubuntu/opencilk-project/cheetah/glibc-2.31/build/elf/rtld-libc.a(rtld-_exit.os)
 .debug_info    0x00000000000beb89       0x2e /home/ubuntu/opencilk-project/cheetah/glibc-2.31/build/elf/rtld-libc.a(rtld-getpid.os)
 .debug_info    0x00000000000bebb7      0x103 /home/ubuntu/opencilk-project/cheetah/glibc-2.31/build/elf/rtld-libc.a(rtld-environ.os)
 .debug_info    0x00000000000becba       0x2e /home/ubuntu/opencilk-project/cheetah/glibc-2.31/build/elf/rtld-libc.a(rtld-setjmp.os)
 .debug_info    0x00000000000bece8       0x2e /home/ubuntu/opencilk-project/cheetah/glibc-2.31/build/elf/rtld-libc.a(rtld-__longjmp.os)
 .debug_info    0x00000000000bed16      0xdd5 /home/ubuntu/opencilk-project/cheetah/glibc-2.31/build/elf/rtld-libc.a(rtld-sigaction.os)
 .debug_info    0x00000000000bfaeb      0x226 /home/ubuntu/opencilk-project/cheetah/glibc-2.31/build/elf/rtld-libc.a(rtld-strdup.os)
 .debug_info    0x00000000000bfd11       0x2e /home/ubuntu/opencilk-project/cheetah/glibc-2.31/build/elf/rtld-libc.a(rtld-strcmp-sse2.os)
 .debug_info    0x00000000000bfd3f       0x2e /home/ubuntu/opencilk-project/cheetah/glibc-2.31/build/elf/rtld-libc.a(rtld-strncmp-sse2.os)
 .debug_info    0x00000000000bfd6d       0x2e /home/ubuntu/opencilk-project/cheetah/glibc-2.31/build/elf/rtld-libc.a(rtld-memchr-sse2.os)
 .debug_info    0x00000000000bfd9b       0x2e /home/ubuntu/opencilk-project/cheetah/glibc-2.31/build/elf/rtld-libc.a(rtld-rawmemchr-sse2.os)
 .debug_info    0x00000000000bfdc9       0x2e /home/ubuntu/opencilk-project/cheetah/glibc-2.31/build/elf/rtld-libc.a(rtld-memcmp-sse2.os)
 .debug_info    0x00000000000bfdf7       0x2e /home/ubuntu/opencilk-project/cheetah/glibc-2.31/build/elf/rtld-libc.a(rtld-strchr-sse2.os)
 .debug_info    0x00000000000bfe25       0x2e /home/ubuntu/opencilk-project/cheetah/glibc-2.31/build/elf/rtld-libc.a(rtld-strlen-sse2.os)
 .debug_info    0x00000000000bfe53       0x2e /home/ubuntu/opencilk-project/cheetah/glibc-2.31/build/elf/rtld-libc.a(rtld-strnlen-sse2.os)
 .debug_info    0x00000000000bfe81       0x2e /home/ubuntu/opencilk-project/cheetah/glibc-2.31/build/elf/rtld-libc.a(rtld-stpcpy-sse2.os)
 .debug_info    0x00000000000bfeaf       0x2e /home/ubuntu/opencilk-project/cheetah/glibc-2.31/build/elf/rtld-libc.a(rtld-strcspn-sse2.os)
 .debug_info    0x00000000000bfedd       0x2e /home/ubuntu/opencilk-project/cheetah/glibc-2.31/build/elf/rtld-libc.a(rtld-memmove-sse2-unaligned-erms.os)
 .debug_info    0x00000000000bff0b       0x2e /home/ubuntu/opencilk-project/cheetah/glibc-2.31/build/elf/rtld-libc.a(rtld-memset-sse2-unaligned-erms.os)
 .debug_info    0x00000000000bff39       0x2e /home/ubuntu/opencilk-project/cheetah/glibc-2.31/build/elf/rtld-libc.a(rtld-setitimer.os)

.debug_abbrev   0x0000000000000000    0x11b85
 *(.debug_abbrev)
 .debug_abbrev  0x0000000000000000     0xd655 /home/ubuntu/opencilk-project/cheetah/glibc-2.31/build/elf/dl-allobjs.os
 .debug_abbrev  0x000000000000d655      0x25a /home/ubuntu/opencilk-project/cheetah/glibc-2.31/build/elf/rtld-libc.a(rtld-check_fds.os)
 .debug_abbrev  0x000000000000d8af      0x143 /home/ubuntu/opencilk-project/cheetah/glibc-2.31/build/elf/rtld-libc.a(rtld-errno.os)
 .debug_abbrev  0x000000000000d9f2      0x3c0 /home/ubuntu/opencilk-project/cheetah/glibc-2.31/build/elf/rtld-libc.a(rtld-closedir.os)
 .debug_abbrev  0x000000000000ddb2      0x387 /home/ubuntu/opencilk-project/cheetah/glibc-2.31/build/elf/rtld-libc.a(rtld-rewinddir.os)
 .debug_abbrev  0x000000000000e139      0x3b8 /home/ubuntu/opencilk-project/cheetah/glibc-2.31/build/elf/rtld-libc.a(rtld-readdir64.os)
 .debug_abbrev  0x000000000000e4f1      0x3bb /home/ubuntu/opencilk-project/cheetah/glibc-2.31/build/elf/rtld-libc.a(rtld-fdopendir.os)
 .debug_abbrev  0x000000000000e8ac      0x391 /home/ubuntu/opencilk-project/cheetah/glibc-2.31/build/elf/rtld-libc.a(rtld-getdents64.os)
 .debug_abbrev  0x000000000000ec3d      0x3c6 /home/ubuntu/opencilk-project/cheetah/glibc-2.31/build/elf/rtld-libc.a(rtld-dl-addr-obj.os)
 .debug_abbrev  0x000000000000f003      0x31b /home/ubuntu/opencilk-project/cheetah/glibc-2.31/build/elf/rtld-libc.a(rtld-profil.os)
 .debug_abbrev  0x000000000000f31e      0x3f9 /home/ubuntu/opencilk-project/cheetah/glibc-2.31/build/elf/rtld-libc.a(rtld-prof-freq.os)
 .debug_abbrev  0x000000000000f717      0x1b2 /home/ubuntu/opencilk-project/cheetah/glibc-2.31/build/elf/rtld-libc.a(rtld-xstat.os)
 .debug_abbrev  0x000000000000f8c9      0x1c6 /home/ubuntu/opencilk-project/cheetah/glibc-2.31/build/elf/rtld-libc.a(rtld-fxstat.os)
 .debug_abbrev  0x000000000000fa8f      0x1b2 /home/ubuntu/opencilk-project/cheetah/glibc-2.31/build/elf/rtld-libc.a(rtld-lxstat.os)
 .debug_abbrev  0x000000000000fc41      0x1ab /home/ubuntu/opencilk-project/cheetah/glibc-2.31/build/elf/rtld-libc.a(rtld-lseek64.os)
 .debug_abbrev  0x000000000000fdec      0x19a /home/ubuntu/opencilk-project/cheetah/glibc-2.31/build/elf/rtld-libc.a(rtld-access.os)
 .debug_abbrev  0x000000000000ff86      0x19c /home/ubuntu/opencilk-project/cheetah/glibc-2.31/build/elf/rtld-libc.a(rtld-close_nocancel.os)
 .debug_abbrev  0x0000000000010122      0x2b3 /home/ubuntu/opencilk-project/cheetah/glibc-2.31/build/elf/rtld-libc.a(rtld-fcntl_nocancel.os)
 .debug_abbrev  0x00000000000103d5      0x1dd /home/ubuntu/opencilk-project/cheetah/glibc-2.31/build/elf/rtld-libc.a(rtld-open64_nocancel.os)
 .debug_abbrev  0x00000000000105b2      0x1eb /home/ubuntu/opencilk-project/cheetah/glibc-2.31/build/elf/rtld-libc.a(rtld-openat64_nocancel.os)
 .debug_abbrev  0x000000000001079d      0x1b4 /home/ubuntu/opencilk-project/cheetah/glibc-2.31/build/elf/rtld-libc.a(rtld-read_nocancel.os)
 .debug_abbrev  0x0000000000010951      0x1bf /home/ubuntu/opencilk-project/cheetah/glibc-2.31/build/elf/rtld-libc.a(rtld-pread64_nocancel.os)
 .debug_abbrev  0x0000000000010b10      0x1b2 /home/ubuntu/opencilk-project/cheetah/glibc-2.31/build/elf/rtld-libc.a(rtld-write_nocancel.os)
 .debug_abbrev  0x0000000000010cc2      0x241 /home/ubuntu/opencilk-project/cheetah/glibc-2.31/build/elf/rtld-libc.a(rtld-scratch_buffer_set_array_size.os)
 .debug_abbrev  0x0000000000010f03      0x4a7 /home/ubuntu/opencilk-project/cheetah/glibc-2.31/build/elf/rtld-libc.a(rtld-mmap64.os)
 .debug_abbrev  0x00000000000113aa       0x14 /home/ubuntu/opencilk-project/cheetah/glibc-2.31/build/elf/rtld-libc.a(rtld-munmap.os)
 .debug_abbrev  0x00000000000113be       0x14 /home/ubuntu/opencilk-project/cheetah/glibc-2.31/build/elf/rtld-libc.a(rtld-mprotect.os)
 .debug_abbrev  0x00000000000113d2       0x14 /home/ubuntu/opencilk-project/cheetah/glibc-2.31/build/elf/rtld-libc.a(rtld-uname.os)
 .debug_abbrev  0x00000000000113e6      0x1a0 /home/ubuntu/opencilk-project/cheetah/glibc-2.31/build/elf/rtld-libc.a(rtld-_exit.os)
 .debug_abbrev  0x0000000000011586       0x14 /home/ubuntu/opencilk-project/cheetah/glibc-2.31/build/elf/rtld-libc.a(rtld-getpid.os)
 .debug_abbrev  0x000000000001159a       0x97 /home/ubuntu/opencilk-project/cheetah/glibc-2.31/build/elf/rtld-libc.a(rtld-environ.os)
 .debug_abbrev  0x0000000000011631       0x14 /home/ubuntu/opencilk-project/cheetah/glibc-2.31/build/elf/rtld-libc.a(rtld-setjmp.os)
 .debug_abbrev  0x0000000000011645       0x14 /home/ubuntu/opencilk-project/cheetah/glibc-2.31/build/elf/rtld-libc.a(rtld-__longjmp.os)
 .debug_abbrev  0x0000000000011659      0x2c0 /home/ubuntu/opencilk-project/cheetah/glibc-2.31/build/elf/rtld-libc.a(rtld-sigaction.os)
 .debug_abbrev  0x0000000000011919      0x168 /home/ubuntu/opencilk-project/cheetah/glibc-2.31/build/elf/rtld-libc.a(rtld-strdup.os)
 .debug_abbrev  0x0000000000011a81       0x14 /home/ubuntu/opencilk-project/cheetah/glibc-2.31/build/elf/rtld-libc.a(rtld-strcmp-sse2.os)
 .debug_abbrev  0x0000000000011a95       0x14 /home/ubuntu/opencilk-project/cheetah/glibc-2.31/build/elf/rtld-libc.a(rtld-strncmp-sse2.os)
 .debug_abbrev  0x0000000000011aa9       0x14 /home/ubuntu/opencilk-project/cheetah/glibc-2.31/build/elf/rtld-libc.a(rtld-memchr-sse2.os)
 .debug_abbrev  0x0000000000011abd       0x14 /home/ubuntu/opencilk-project/cheetah/glibc-2.31/build/elf/rtld-libc.a(rtld-rawmemchr-sse2.os)
 .debug_abbrev  0x0000000000011ad1       0x14 /home/ubuntu/opencilk-project/cheetah/glibc-2.31/build/elf/rtld-libc.a(rtld-memcmp-sse2.os)
 .debug_abbrev  0x0000000000011ae5       0x14 /home/ubuntu/opencilk-project/cheetah/glibc-2.31/build/elf/rtld-libc.a(rtld-strchr-sse2.os)
 .debug_abbrev  0x0000000000011af9       0x14 /home/ubuntu/opencilk-project/cheetah/glibc-2.31/build/elf/rtld-libc.a(rtld-strlen-sse2.os)
 .debug_abbrev  0x0000000000011b0d       0x14 /home/ubuntu/opencilk-project/cheetah/glibc-2.31/build/elf/rtld-libc.a(rtld-strnlen-sse2.os)
 .debug_abbrev  0x0000000000011b21       0x14 /home/ubuntu/opencilk-project/cheetah/glibc-2.31/build/elf/rtld-libc.a(rtld-stpcpy-sse2.os)
 .debug_abbrev  0x0000000000011b35       0x14 /home/ubuntu/opencilk-project/cheetah/glibc-2.31/build/elf/rtld-libc.a(rtld-strcspn-sse2.os)
 .debug_abbrev  0x0000000000011b49       0x14 /home/ubuntu/opencilk-project/cheetah/glibc-2.31/build/elf/rtld-libc.a(rtld-memmove-sse2-unaligned-erms.os)
 .debug_abbrev  0x0000000000011b5d       0x14 /home/ubuntu/opencilk-project/cheetah/glibc-2.31/build/elf/rtld-libc.a(rtld-memset-sse2-unaligned-erms.os)
 .debug_abbrev  0x0000000000011b71       0x14 /home/ubuntu/opencilk-project/cheetah/glibc-2.31/build/elf/rtld-libc.a(rtld-setitimer.os)

.debug_line     0x0000000000000000    0x26af6
 *(.debug_line)
 .debug_line    0x0000000000000000    0x1ff67 /home/ubuntu/opencilk-project/cheetah/glibc-2.31/build/elf/dl-allobjs.os
 .debug_line    0x000000000001ff67      0x303 /home/ubuntu/opencilk-project/cheetah/glibc-2.31/build/elf/rtld-libc.a(rtld-check_fds.os)
 .debug_line    0x000000000002026a      0x17d /home/ubuntu/opencilk-project/cheetah/glibc-2.31/build/elf/rtld-libc.a(rtld-errno.os)
 .debug_line    0x00000000000203e7      0x49b /home/ubuntu/opencilk-project/cheetah/glibc-2.31/build/elf/rtld-libc.a(rtld-closedir.os)
 .debug_line    0x0000000000020882      0x470 /home/ubuntu/opencilk-project/cheetah/glibc-2.31/build/elf/rtld-libc.a(rtld-rewinddir.os)
 .debug_line    0x0000000000020cf2      0x501 /home/ubuntu/opencilk-project/cheetah/glibc-2.31/build/elf/rtld-libc.a(rtld-readdir64.os)
 .debug_line    0x00000000000211f3      0x527 /home/ubuntu/opencilk-project/cheetah/glibc-2.31/build/elf/rtld-libc.a(rtld-fdopendir.os)
 .debug_line    0x000000000002171a      0x415 /home/ubuntu/opencilk-project/cheetah/glibc-2.31/build/elf/rtld-libc.a(rtld-getdents64.os)
 .debug_line    0x0000000000021b2f      0x492 /home/ubuntu/opencilk-project/cheetah/glibc-2.31/build/elf/rtld-libc.a(rtld-dl-addr-obj.os)
 .debug_line    0x0000000000021fc1      0x426 /home/ubuntu/opencilk-project/cheetah/glibc-2.31/build/elf/rtld-libc.a(rtld-profil.os)
 .debug_line    0x00000000000223e7      0x53a /home/ubuntu/opencilk-project/cheetah/glibc-2.31/build/elf/rtld-libc.a(rtld-prof-freq.os)
 .debug_line    0x0000000000022921      0x24b /home/ubuntu/opencilk-project/cheetah/glibc-2.31/build/elf/rtld-libc.a(rtld-xstat.os)
 .debug_line    0x0000000000022b6c      0x24c /home/ubuntu/opencilk-project/cheetah/glibc-2.31/build/elf/rtld-libc.a(rtld-fxstat.os)
 .debug_line    0x0000000000022db8      0x24c /home/ubuntu/opencilk-project/cheetah/glibc-2.31/build/elf/rtld-libc.a(rtld-lxstat.os)
 .debug_line    0x0000000000023004      0x223 /home/ubuntu/opencilk-project/cheetah/glibc-2.31/build/elf/rtld-libc.a(rtld-lseek64.os)
 .debug_line    0x0000000000023227      0x22b /home/ubuntu/opencilk-project/cheetah/glibc-2.31/build/elf/rtld-libc.a(rtld-access.os)
 .debug_line    0x0000000000023452      0x231 /home/ubuntu/opencilk-project/cheetah/glibc-2.31/build/elf/rtld-libc.a(rtld-close_nocancel.os)
 .debug_line    0x0000000000023683      0x2de /home/ubuntu/opencilk-project/cheetah/glibc-2.31/build/elf/rtld-libc.a(rtld-fcntl_nocancel.os)
 .debug_line    0x0000000000023961      0x2a4 /home/ubuntu/opencilk-project/cheetah/glibc-2.31/build/elf/rtld-libc.a(rtld-open64_nocancel.os)
 .debug_line    0x0000000000023c05      0x2c1 /home/ubuntu/opencilk-project/cheetah/glibc-2.31/build/elf/rtld-libc.a(rtld-openat64_nocancel.os)
 .debug_line    0x0000000000023ec6      0x268 /home/ubuntu/opencilk-project/cheetah/glibc-2.31/build/elf/rtld-libc.a(rtld-read_nocancel.os)
 .debug_line    0x000000000002412e      0x274 /home/ubuntu/opencilk-project/cheetah/glibc-2.31/build/elf/rtld-libc.a(rtld-pread64_nocancel.os)
 .debug_line    0x00000000000243a2      0x269 /home/ubuntu/opencilk-project/cheetah/glibc-2.31/build/elf/rtld-libc.a(rtld-write_nocancel.os)
 .debug_line    0x000000000002460b      0x204 /home/ubuntu/opencilk-project/cheetah/glibc-2.31/build/elf/rtld-libc.a(rtld-scratch_buffer_set_array_size.os)
 .debug_line    0x000000000002480f      0x6a1 /home/ubuntu/opencilk-project/cheetah/glibc-2.31/build/elf/rtld-libc.a(rtld-mmap64.os)
 .debug_line    0x0000000000024eb0       0x5a /home/ubuntu/opencilk-project/cheetah/glibc-2.31/build/elf/rtld-libc.a(rtld-munmap.os)
 .debug_line    0x0000000000024f0a       0x5a /home/ubuntu/opencilk-project/cheetah/glibc-2.31/build/elf/rtld-libc.a(rtld-mprotect.os)
 .debug_line    0x0000000000024f64       0x5a /home/ubuntu/opencilk-project/cheetah/glibc-2.31/build/elf/rtld-libc.a(rtld-uname.os)
 .debug_line    0x0000000000024fbe      0x273 /home/ubuntu/opencilk-project/cheetah/glibc-2.31/build/elf/rtld-libc.a(rtld-_exit.os)
 .debug_line    0x0000000000025231       0x57 /home/ubuntu/opencilk-project/cheetah/glibc-2.31/build/elf/rtld-libc.a(rtld-getpid.os)
 .debug_line    0x0000000000025288       0x75 /home/ubuntu/opencilk-project/cheetah/glibc-2.31/build/elf/rtld-libc.a(rtld-environ.os)
 .debug_line    0x00000000000252fd       0x63 /home/ubuntu/opencilk-project/cheetah/glibc-2.31/build/elf/rtld-libc.a(rtld-setjmp.os)
 .debug_line    0x0000000000025360       0x71 /home/ubuntu/opencilk-project/cheetah/glibc-2.31/build/elf/rtld-libc.a(rtld-__longjmp.os)
 .debug_line    0x00000000000253d1      0x3e5 /home/ubuntu/opencilk-project/cheetah/glibc-2.31/build/elf/rtld-libc.a(rtld-sigaction.os)
 .debug_line    0x00000000000257b6       0xf1 /home/ubuntu/opencilk-project/cheetah/glibc-2.31/build/elf/rtld-libc.a(rtld-strdup.os)
 .debug_line    0x00000000000258a7      0x492 /home/ubuntu/opencilk-project/cheetah/glibc-2.31/build/elf/rtld-libc.a(rtld-strcmp-sse2.os)
 .debug_line    0x0000000000025d39      0x528 /home/ubuntu/opencilk-project/cheetah/glibc-2.31/build/elf/rtld-libc.a(rtld-strncmp-sse2.os)
 .debug_line    0x0000000000026261      0x127 /home/ubuntu/opencilk-project/cheetah/glibc-2.31/build/elf/rtld-libc.a(rtld-memchr-sse2.os)
 .debug_line    0x0000000000026388       0xd5 /home/ubuntu/opencilk-project/cheetah/glibc-2.31/build/elf/rtld-libc.a(rtld-rawmemchr-sse2.os)
 .debug_line    0x000000000002645d      0x14d /home/ubuntu/opencilk-project/cheetah/glibc-2.31/build/elf/rtld-libc.a(rtld-memcmp-sse2.os)
 .debug_line    0x00000000000265aa       0xe0 /home/ubuntu/opencilk-project/cheetah/glibc-2.31/build/elf/rtld-libc.a(rtld-strchr-sse2.os)
 .debug_line    0x000000000002668a       0xa6 /home/ubuntu/opencilk-project/cheetah/glibc-2.31/build/elf/rtld-libc.a(rtld-strlen-sse2.os)
 .debug_line    0x0000000000026730       0xa8 /home/ubuntu/opencilk-project/cheetah/glibc-2.31/build/elf/rtld-libc.a(rtld-strnlen-sse2.os)
 .debug_line    0x00000000000267d8       0x97 /home/ubuntu/opencilk-project/cheetah/glibc-2.31/build/elf/rtld-libc.a(rtld-stpcpy-sse2.os)
 .debug_line    0x000000000002686f       0x82 /home/ubuntu/opencilk-project/cheetah/glibc-2.31/build/elf/rtld-libc.a(rtld-strcspn-sse2.os)
 .debug_line    0x00000000000268f1       0xfe /home/ubuntu/opencilk-project/cheetah/glibc-2.31/build/elf/rtld-libc.a(rtld-memmove-sse2-unaligned-erms.os)
 .debug_line    0x00000000000269ef       0xad /home/ubuntu/opencilk-project/cheetah/glibc-2.31/build/elf/rtld-libc.a(rtld-memset-sse2-unaligned-erms.os)
 .debug_line    0x0000000000026a9c       0x5a /home/ubuntu/opencilk-project/cheetah/glibc-2.31/build/elf/rtld-libc.a(rtld-setitimer.os)

.debug_frame
 *(.debug_frame)

.debug_str      0x0000000000000000    0x7514c
 *(.debug_str)
 .debug_str     0x0000000000000000    0x5f33d /home/ubuntu/opencilk-project/cheetah/glibc-2.31/build/elf/dl-allobjs.os
 .debug_str     0x000000000005f33d      0x7ef /home/ubuntu/opencilk-project/cheetah/glibc-2.31/build/elf/rtld-libc.a(rtld-check_fds.os)
 .debug_str     0x000000000005fb2c      0x580 /home/ubuntu/opencilk-project/cheetah/glibc-2.31/build/elf/rtld-libc.a(rtld-errno.os)
 .debug_str     0x00000000000600ac     0x1587 /home/ubuntu/opencilk-project/cheetah/glibc-2.31/build/elf/rtld-libc.a(rtld-closedir.os)
 .debug_str     0x0000000000061633     0x1557 /home/ubuntu/opencilk-project/cheetah/glibc-2.31/build/elf/rtld-libc.a(rtld-rewinddir.os)
 .debug_str     0x0000000000062b8a     0x15d9 /home/ubuntu/opencilk-project/cheetah/glibc-2.31/build/elf/rtld-libc.a(rtld-readdir64.os)
 .debug_str     0x0000000000064163     0x1689 /home/ubuntu/opencilk-project/cheetah/glibc-2.31/build/elf/rtld-libc.a(rtld-fdopendir.os)
 .debug_str     0x00000000000657ec     0x14ca /home/ubuntu/opencilk-project/cheetah/glibc-2.31/build/elf/rtld-libc.a(rtld-getdents64.os)
 .debug_str     0x0000000000066cb6     0x1c24 /home/ubuntu/opencilk-project/cheetah/glibc-2.31/build/elf/rtld-libc.a(rtld-dl-addr-obj.os)
 .debug_str     0x00000000000688da      0x865 /home/ubuntu/opencilk-project/cheetah/glibc-2.31/build/elf/rtld-libc.a(rtld-profil.os)
 .debug_str     0x000000000006913f     0x2815 /home/ubuntu/opencilk-project/cheetah/glibc-2.31/build/elf/rtld-libc.a(rtld-prof-freq.os)
 .debug_str     0x000000000006b954      0x6e9 /home/ubuntu/opencilk-project/cheetah/glibc-2.31/build/elf/rtld-libc.a(rtld-xstat.os)
 .debug_str     0x000000000006c03d      0x6e7 /home/ubuntu/opencilk-project/cheetah/glibc-2.31/build/elf/rtld-libc.a(rtld-fxstat.os)
 .debug_str     0x000000000006c724      0x6ec /home/ubuntu/opencilk-project/cheetah/glibc-2.31/build/elf/rtld-libc.a(rtld-lxstat.os)
 .debug_str     0x000000000006ce10      0x65f /home/ubuntu/opencilk-project/cheetah/glibc-2.31/build/elf/rtld-libc.a(rtld-lseek64.os)
 .debug_str     0x000000000006d46f      0x64e /home/ubuntu/opencilk-project/cheetah/glibc-2.31/build/elf/rtld-libc.a(rtld-access.os)
 .debug_str     0x000000000006dabd      0x663 /home/ubuntu/opencilk-project/cheetah/glibc-2.31/build/elf/rtld-libc.a(rtld-close_nocancel.os)
 .debug_str     0x000000000006e120      0x750 /home/ubuntu/opencilk-project/cheetah/glibc-2.31/build/elf/rtld-libc.a(rtld-fcntl_nocancel.os)
 .debug_str     0x000000000006e870      0x6f6 /home/ubuntu/opencilk-project/cheetah/glibc-2.31/build/elf/rtld-libc.a(rtld-open64_nocancel.os)
 .debug_str     0x000000000006ef66      0x70c /home/ubuntu/opencilk-project/cheetah/glibc-2.31/build/elf/rtld-libc.a(rtld-openat64_nocancel.os)
 .debug_str     0x000000000006f672      0x68e /home/ubuntu/opencilk-project/cheetah/glibc-2.31/build/elf/rtld-libc.a(rtld-read_nocancel.os)
 .debug_str     0x000000000006fd00      0x6b6 /home/ubuntu/opencilk-project/cheetah/glibc-2.31/build/elf/rtld-libc.a(rtld-pread64_nocancel.os)
 .debug_str     0x00000000000703b6      0x691 /home/ubuntu/opencilk-project/cheetah/glibc-2.31/build/elf/rtld-libc.a(rtld-write_nocancel.os)
 .debug_str     0x0000000000070a47      0x354 /home/ubuntu/opencilk-project/cheetah/glibc-2.31/build/elf/rtld-libc.a(rtld-scratch_buffer_set_array_size.os)
 .debug_str     0x0000000000070d9b     0x28ef /home/ubuntu/opencilk-project/cheetah/glibc-2.31/build/elf/rtld-libc.a(rtld-mmap64.os)
 .debug_str     0x000000000007368a       0x65 /home/ubuntu/opencilk-project/cheetah/glibc-2.31/build/elf/rtld-libc.a(rtld-munmap.os)
 .debug_str     0x00000000000736ef       0x65 /home/ubuntu/opencilk-project/cheetah/glibc-2.31/build/elf/rtld-libc.a(rtld-mprotect.os)
 .debug_str     0x0000000000073754       0x66 /home/ubuntu/opencilk-project/cheetah/glibc-2.31/build/elf/rtld-libc.a(rtld-uname.os)
 .debug_str     0x00000000000737ba      0x640 /home/ubuntu/opencilk-project/cheetah/glibc-2.31/build/elf/rtld-libc.a(rtld-_exit.os)
 .debug_str     0x0000000000073dfa       0x66 /home/ubuntu/opencilk-project/cheetah/glibc-2.31/build/elf/rtld-libc.a(rtld-getpid.os)
 .debug_str     0x0000000000073e60      0x240 /home/ubuntu/opencilk-project/cheetah/glibc-2.31/build/elf/rtld-libc.a(rtld-environ.os)
 .debug_str     0x00000000000740a0       0x5f /home/ubuntu/opencilk-project/cheetah/glibc-2.31/build/elf/rtld-libc.a(rtld-setjmp.os)
 .debug_str     0x00000000000740ff       0x62 /home/ubuntu/opencilk-project/cheetah/glibc-2.31/build/elf/rtld-libc.a(rtld-__longjmp.os)
 .debug_str     0x0000000000074161      0x83b /home/ubuntu/opencilk-project/cheetah/glibc-2.31/build/elf/rtld-libc.a(rtld-sigaction.os)
 .debug_str     0x000000000007499c      0x257 /home/ubuntu/opencilk-project/cheetah/glibc-2.31/build/elf/rtld-libc.a(rtld-strdup.os)